Startpoint: _26669_ (rising edge-triggered flip-flop clocked by clk)
Endpoint: _26669_ (rising edge-triggered flip-flop clocked by clk)
Path Group: clk
Path Type: min

Fanout     Cap    Slew   Delay    Time   Description
-----------------------------------------------------------------------------
                  0.00    0.00    0.00   clock clk (rise edge)
                          0.00    0.00   clock network delay (ideal)
                  0.00    0.00    0.00 ^ _26669_/CLK (sky130_fd_sc_hd__dfxtp_2)
                  0.03    0.18    0.18 ^ _26669_/Q (sky130_fd_sc_hd__dfxtp_2)
     2    0.00                           cpuregs[0][0] (net)
                  0.03    0.00    0.18 ^ _15937_/A (sky130_fd_sc_hd__buf_1)
                  0.02    0.04    0.23 ^ _15937_/X (sky130_fd_sc_hd__buf_1)
     1    0.00                           _02835_ (net)
                  0.02    0.00    0.23 ^ _26669_/D (sky130_fd_sc_hd__dfxtp_2)
                                  0.23   data arrival time

                  0.00    0.00    0.00   clock clk (rise edge)
                          0.00    0.00   clock network delay (ideal)
                          0.00    0.00   clock reconvergence pessimism
                                  0.00 ^ _26669_/CLK (sky130_fd_sc_hd__dfxtp_2)
                         -0.02   -0.02   library hold time
                                 -0.02   data required time
-----------------------------------------------------------------------------
                                 -0.02   data required time
                                 -0.23   data arrival time
-----------------------------------------------------------------------------
                                  0.24   slack (MET)


Startpoint: _27862_ (rising edge-triggered flip-flop clocked by clk)
Endpoint: _27762_ (rising edge-triggered flip-flop clocked by clk)
Path Group: clk
Path Type: max

Fanout     Cap    Slew   Delay    Time   Description
-----------------------------------------------------------------------------
                  0.00    0.00    0.00   clock clk (rise edge)
                          0.00    0.00   clock network delay (ideal)
                  0.00    0.00    0.00 ^ _27862_/CLK (sky130_fd_sc_hd__dfxtp_2)
                  0.18    0.71    0.71 ^ _27862_/Q (sky130_fd_sc_hd__dfxtp_2)
     6    0.02                           irq_mask[3] (net)
                  0.18    0.00    0.71 ^ _13111_/B1 (sky130_fd_sc_hd__o22ai_2)
                  0.09    0.17    0.88 v _13111_/Y (sky130_fd_sc_hd__o22ai_2)
     1    0.00                           _10513_ (net)
                  0.09    0.00    0.88 v _13112_/C1 (sky130_fd_sc_hd__a221o_2)
                  0.08    0.55    1.42 v _13112_/X (sky130_fd_sc_hd__a221o_2)
     1    0.00                           _10514_ (net)
                  0.08    0.00    1.42 v _13131_/A (sky130_fd_sc_hd__or4_2)
                  0.21    1.53    2.96 v _13131_/X (sky130_fd_sc_hd__or4_2)
     1    0.00                           _10533_ (net)
                  0.21    0.00    2.96 v _13159_/A1 (sky130_fd_sc_hd__o2111a_2)
                  0.07    0.54    3.50 v _13159_/X (sky130_fd_sc_hd__o2111a_2)
     2    0.00                           _10561_ (net)
                  0.07    0.00    3.50 v _13160_/C (sky130_fd_sc_hd__or3_2)
                  0.17    0.97    4.47 v _13160_/X (sky130_fd_sc_hd__or3_2)
     2    0.00                           _10562_ (net)
                  0.17    0.00    4.47 v _13163_/A (sky130_fd_sc_hd__or2_2)
                  0.11    0.69    5.16 v _13163_/X (sky130_fd_sc_hd__or2_2)
     2    0.00                           _10564_ (net)
                  0.11    0.00    5.16 v _13164_/C (sky130_fd_sc_hd__or3_2)
                  0.21    1.05    6.21 v _13164_/X (sky130_fd_sc_hd__or3_2)
     4    0.01                           _10565_ (net)
                  0.21    0.00    6.21 v _13690_/B (sky130_fd_sc_hd__or2_2)
                  0.17    0.75    6.96 v _13690_/X (sky130_fd_sc_hd__or2_2)
     5    0.01                           _10910_ (net)
                  0.17    0.00    6.96 v _13691_/C (sky130_fd_sc_hd__or3_2)
                  0.19    1.04    8.00 v _13691_/X (sky130_fd_sc_hd__or3_2)
     2    0.01                           _10911_ (net)
                  0.19    0.00    8.00 v _13692_/B (sky130_fd_sc_hd__or2_2)
                  0.14    0.71    8.71 v _13692_/X (sky130_fd_sc_hd__or2_2)
     3    0.01                           _10912_ (net)
                  0.14    0.00    8.71 v _13693_/B (sky130_fd_sc_hd__or2_2)
                  0.13    0.67    9.38 v _13693_/X (sky130_fd_sc_hd__or2_2)
     2    0.01                           _10913_ (net)
                  0.13    0.00    9.38 v _13694_/B (sky130_fd_sc_hd__or2_2)
                  0.14    0.69   10.07 v _13694_/X (sky130_fd_sc_hd__or2_2)
     3    0.01                           _10914_ (net)
                  0.14    0.00   10.07 v _13695_/B (sky130_fd_sc_hd__or2_2)
                  0.13    0.67   10.74 v _13695_/X (sky130_fd_sc_hd__or2_2)
     2    0.01                           _10915_ (net)
                  0.13    0.00   10.74 v _13696_/B (sky130_fd_sc_hd__or2_2)
                  0.14    0.69   11.43 v _13696_/X (sky130_fd_sc_hd__or2_2)
     3    0.01                           _10916_ (net)
                  0.14    0.00   11.43 v _13697_/B (sky130_fd_sc_hd__or2_2)
                  0.13    0.67   12.11 v _13697_/X (sky130_fd_sc_hd__or2_2)
     2    0.01                           _10917_ (net)
                  0.13    0.00   12.11 v _13698_/B (sky130_fd_sc_hd__or2_2)
                  0.14    0.69   12.79 v _13698_/X (sky130_fd_sc_hd__or2_2)
     3    0.01                           _10918_ (net)
                  0.14    0.00   12.79 v _13699_/B (sky130_fd_sc_hd__or2_2)
                  0.13    0.67   13.47 v _13699_/X (sky130_fd_sc_hd__or2_2)
     2    0.01                           _10919_ (net)
                  0.13    0.00   13.47 v _13700_/B (sky130_fd_sc_hd__or2_2)
                  0.14    0.69   14.16 v _13700_/X (sky130_fd_sc_hd__or2_2)
     3    0.01                           _10920_ (net)
                  0.14    0.00   14.16 v _13701_/B (sky130_fd_sc_hd__or2_2)
                  0.13    0.67   14.83 v _13701_/X (sky130_fd_sc_hd__or2_2)
     2    0.01                           _10921_ (net)
                  0.13    0.00   14.83 v _13702_/B (sky130_fd_sc_hd__or2_2)
                  0.14    0.69   15.52 v _13702_/X (sky130_fd_sc_hd__or2_2)
     3    0.01                           _10922_ (net)
                  0.14    0.00   15.52 v _13703_/B (sky130_fd_sc_hd__or2_2)
                  0.13    0.67   16.19 v _13703_/X (sky130_fd_sc_hd__or2_2)
     2    0.01                           _10923_ (net)
                  0.13    0.00   16.19 v _13704_/B (sky130_fd_sc_hd__or2_2)
                  0.14    0.69   16.88 v _13704_/X (sky130_fd_sc_hd__or2_2)
     3    0.01                           _10924_ (net)
                  0.14    0.00   16.88 v _13705_/B (sky130_fd_sc_hd__or2_2)
                  0.13    0.67   17.55 v _13705_/X (sky130_fd_sc_hd__or2_2)
     2    0.01                           _10925_ (net)
                  0.13    0.00   17.55 v _13706_/B (sky130_fd_sc_hd__or2_2)
                  0.14    0.69   18.24 v _13706_/X (sky130_fd_sc_hd__or2_2)
     3    0.01                           _10926_ (net)
                  0.14    0.00   18.24 v _13707_/B (sky130_fd_sc_hd__or2_2)
                  0.13    0.67   18.92 v _13707_/X (sky130_fd_sc_hd__or2_2)
     2    0.01                           _10927_ (net)
                  0.13    0.00   18.92 v _13708_/B (sky130_fd_sc_hd__or2_2)
                  0.14    0.69   19.60 v _13708_/X (sky130_fd_sc_hd__or2_2)
     3    0.01                           _10928_ (net)
                  0.14    0.00   19.60 v _13709_/B (sky130_fd_sc_hd__or2_2)
                  0.13    0.67   20.28 v _13709_/X (sky130_fd_sc_hd__or2_2)
     2    0.01                           _10929_ (net)
                  0.13    0.00   20.28 v _13710_/B (sky130_fd_sc_hd__or2_2)
                  0.14    0.69   20.96 v _13710_/X (sky130_fd_sc_hd__or2_2)
     3    0.01                           _10930_ (net)
                  0.14    0.00   20.96 v _13711_/B (sky130_fd_sc_hd__or2_2)
                  0.13    0.67   21.64 v _13711_/X (sky130_fd_sc_hd__or2_2)
     2    0.01                           _10931_ (net)
                  0.13    0.00   21.64 v _13712_/B (sky130_fd_sc_hd__or2_2)
                  0.14    0.69   22.33 v _13712_/X (sky130_fd_sc_hd__or2_2)
     3    0.01                           _10932_ (net)
                  0.14    0.00   22.33 v _13713_/B (sky130_fd_sc_hd__or2_2)
                  0.13    0.67   23.00 v _13713_/X (sky130_fd_sc_hd__or2_2)
     2    0.01                           _10933_ (net)
                  0.13    0.00   23.00 v _13714_/B (sky130_fd_sc_hd__or2_2)
                  0.14    0.69   23.69 v _13714_/X (sky130_fd_sc_hd__or2_2)
     3    0.01                           _10934_ (net)
                  0.14    0.00   23.69 v _13715_/B (sky130_fd_sc_hd__or2_2)
                  0.13    0.67   24.36 v _13715_/X (sky130_fd_sc_hd__or2_2)
     2    0.01                           _10935_ (net)
                  0.13    0.00   24.36 v _13716_/B (sky130_fd_sc_hd__or2_2)
                  0.14    0.69   25.05 v _13716_/X (sky130_fd_sc_hd__or2_2)
     3    0.01                           _10936_ (net)
                  0.14    0.00   25.05 v _13717_/B (sky130_fd_sc_hd__or2_2)
                  0.13    0.67   25.72 v _13717_/X (sky130_fd_sc_hd__or2_2)
     2    0.01                           _10937_ (net)
                  0.13    0.00   25.72 v _13718_/B (sky130_fd_sc_hd__or2_2)
                  0.14    0.69   26.41 v _13718_/X (sky130_fd_sc_hd__or2_2)
     3    0.01                           _10938_ (net)
                  0.14    0.00   26.41 v _13719_/B (sky130_fd_sc_hd__or2_2)
                  0.13    0.67   27.09 v _13719_/X (sky130_fd_sc_hd__or2_2)
     2    0.01                           _10939_ (net)
                  0.13    0.00   27.09 v _13720_/B (sky130_fd_sc_hd__or2_2)
                  0.14    0.69   27.77 v _13720_/X (sky130_fd_sc_hd__or2_2)
     3    0.01                           _10940_ (net)
                  0.14    0.00   27.77 v _13721_/B (sky130_fd_sc_hd__or2_2)
                  0.13    0.67   28.45 v _13721_/X (sky130_fd_sc_hd__or2_2)
     2    0.01                           _10941_ (net)
                  0.13    0.00   28.45 v _13722_/B (sky130_fd_sc_hd__or2_2)
                  0.14    0.69   29.14 v _13722_/X (sky130_fd_sc_hd__or2_2)
     3    0.01                           _10942_ (net)
                  0.14    0.00   29.14 v _13723_/B (sky130_fd_sc_hd__or2_2)
                  0.13    0.67   29.81 v _13723_/X (sky130_fd_sc_hd__or2_2)
     2    0.01                           _10943_ (net)
                  0.13    0.00   29.81 v _13724_/B (sky130_fd_sc_hd__or2_2)
                  0.14    0.69   30.50 v _13724_/X (sky130_fd_sc_hd__or2_2)
     3    0.01                           _10944_ (net)
                  0.14    0.00   30.50 v _13725_/B (sky130_fd_sc_hd__or2_2)
                  0.13    0.67   31.17 v _13725_/X (sky130_fd_sc_hd__or2_2)
     2    0.01                           _10945_ (net)
                  0.13    0.00   31.17 v _13726_/B (sky130_fd_sc_hd__or2_2)
                  0.14    0.69   31.86 v _13726_/X (sky130_fd_sc_hd__or2_2)
     3    0.01                           _10946_ (net)
                  0.14    0.00   31.86 v _13727_/B (sky130_fd_sc_hd__or2_2)
                  0.13    0.67   32.53 v _13727_/X (sky130_fd_sc_hd__or2_2)
     2    0.01                           _10947_ (net)
                  0.13    0.00   32.53 v _13728_/B (sky130_fd_sc_hd__or2_2)
                  0.14    0.69   33.22 v _13728_/X (sky130_fd_sc_hd__or2_2)
     3    0.01                           _10948_ (net)
                  0.14    0.00   33.22 v _13729_/B (sky130_fd_sc_hd__or2_2)
                  0.13    0.67   33.90 v _13729_/X (sky130_fd_sc_hd__or2_2)
     2    0.01                           _10949_ (net)
                  0.13    0.00   33.90 v _13730_/B (sky130_fd_sc_hd__or2_2)
                  0.14    0.69   34.58 v _13730_/X (sky130_fd_sc_hd__or2_2)
     3    0.01                           _10950_ (net)
                  0.14    0.00   34.58 v _13731_/B (sky130_fd_sc_hd__or2_2)
                  0.13    0.67   35.26 v _13731_/X (sky130_fd_sc_hd__or2_2)
     2    0.01                           _10951_ (net)
                  0.13    0.00   35.26 v _13732_/B (sky130_fd_sc_hd__or2_2)
                  0.14    0.69   35.94 v _13732_/X (sky130_fd_sc_hd__or2_2)
     3    0.01                           _10952_ (net)
                  0.14    0.00   35.94 v _13733_/B (sky130_fd_sc_hd__or2_2)
                  0.13    0.67   36.62 v _13733_/X (sky130_fd_sc_hd__or2_2)
     2    0.01                           _10953_ (net)
                  0.13    0.00   36.62 v _13734_/B (sky130_fd_sc_hd__or2_2)
                  0.14    0.69   37.31 v _13734_/X (sky130_fd_sc_hd__or2_2)
     3    0.01                           _10954_ (net)
                  0.14    0.00   37.31 v _13735_/B (sky130_fd_sc_hd__or2_2)
                  0.13    0.67   37.98 v _13735_/X (sky130_fd_sc_hd__or2_2)
     2    0.01                           _10955_ (net)
                  0.13    0.00   37.98 v _13736_/B (sky130_fd_sc_hd__or2_2)
                  0.14    0.69   38.67 v _13736_/X (sky130_fd_sc_hd__or2_2)
     3    0.01                           _10956_ (net)
                  0.14    0.00   38.67 v _13737_/B (sky130_fd_sc_hd__or2_2)
                  0.13    0.67   39.34 v _13737_/X (sky130_fd_sc_hd__or2_2)
     2    0.01                           _10957_ (net)
                  0.13    0.00   39.34 v _13738_/B (sky130_fd_sc_hd__or2_2)
                  0.14    0.69   40.03 v _13738_/X (sky130_fd_sc_hd__or2_2)
     3    0.01                           _10958_ (net)
                  0.14    0.00   40.03 v _13739_/B (sky130_fd_sc_hd__or2_2)
                  0.13    0.67   40.70 v _13739_/X (sky130_fd_sc_hd__or2_2)
     2    0.01                           _10959_ (net)
                  0.13    0.00   40.70 v _13740_/B (sky130_fd_sc_hd__or2_2)
                  0.14    0.69   41.39 v _13740_/X (sky130_fd_sc_hd__or2_2)
     3    0.01                           _10960_ (net)
                  0.14    0.00   41.39 v _13741_/B (sky130_fd_sc_hd__or2_2)
                  0.13    0.67   42.07 v _13741_/X (sky130_fd_sc_hd__or2_2)
     2    0.01                           _10961_ (net)
                  0.13    0.00   42.07 v _13742_/B (sky130_fd_sc_hd__or2_2)
                  0.14    0.69   42.75 v _13742_/X (sky130_fd_sc_hd__or2_2)
     3    0.01                           _10962_ (net)
                  0.14    0.00   42.75 v _13743_/B (sky130_fd_sc_hd__or2_2)
                  0.13    0.67   43.43 v _13743_/X (sky130_fd_sc_hd__or2_2)
     2    0.01                           _10963_ (net)
                  0.13    0.00   43.43 v _13744_/B (sky130_fd_sc_hd__or2_2)
                  0.14    0.69   44.11 v _13744_/X (sky130_fd_sc_hd__or2_2)
     3    0.01                           _10964_ (net)
                  0.14    0.00   44.11 v _13745_/B (sky130_fd_sc_hd__or2_2)
                  0.13    0.67   44.79 v _13745_/X (sky130_fd_sc_hd__or2_2)
     2    0.01                           _10965_ (net)
                  0.13    0.00   44.79 v _13746_/B (sky130_fd_sc_hd__or2_2)
                  0.14    0.69   45.48 v _13746_/X (sky130_fd_sc_hd__or2_2)
     3    0.01                           _10966_ (net)
                  0.14    0.00   45.48 v _13747_/B (sky130_fd_sc_hd__or2_2)
                  0.13    0.67   46.15 v _13747_/X (sky130_fd_sc_hd__or2_2)
     2    0.01                           _10967_ (net)
                  0.13    0.00   46.15 v _13748_/B (sky130_fd_sc_hd__or2_2)
                  0.14    0.69   46.84 v _13748_/X (sky130_fd_sc_hd__or2_2)
     3    0.01                           _10968_ (net)
                  0.14    0.00   46.84 v _13749_/B (sky130_fd_sc_hd__or2_2)
                  0.13    0.67   47.51 v _13749_/X (sky130_fd_sc_hd__or2_2)
     2    0.01                           _10969_ (net)
                  0.13    0.00   47.51 v _13750_/B (sky130_fd_sc_hd__or2_2)
                  0.14    0.69   48.20 v _13750_/X (sky130_fd_sc_hd__or2_2)
     3    0.01                           _10970_ (net)
                  0.14    0.00   48.20 v _13751_/B (sky130_fd_sc_hd__or2_2)
                  0.14    0.68   48.88 v _13751_/X (sky130_fd_sc_hd__or2_2)
     2    0.01                           _10971_ (net)
                  0.14    0.00   48.88 v _13754_/B2 (sky130_fd_sc_hd__o221a_2)
                  0.07    0.44   49.33 v _13754_/X (sky130_fd_sc_hd__o221a_2)
     1    0.00                           _03928_ (net)
                  0.07    0.00   49.33 v _27762_/D (sky130_fd_sc_hd__dfxtp_2)
                                 49.33   data arrival time

                  0.00   24.73   24.73   clock clk (rise edge)
                          0.00   24.73   clock network delay (ideal)
                          0.00   24.73   clock reconvergence pessimism
                                 24.73 ^ _27762_/CLK (sky130_fd_sc_hd__dfxtp_2)
                         -0.29   24.44   library setup time
                                 24.44   data required time
-----------------------------------------------------------------------------
                                 24.44   data required time
                                -49.33   data arrival time
-----------------------------------------------------------------------------
                                -24.89   slack (VIOLATED)


