Startpoint: _31223_ (rising edge-triggered flip-flop clocked by clk)
Endpoint: _31223_ (rising edge-triggered flip-flop clocked by clk)
Path Group: clk
Path Type: min

Fanout     Cap    Slew   Delay    Time   Description
-----------------------------------------------------------------------------
                  0.00    0.00    0.00   clock clk (rise edge)
                          0.00    0.00   clock network delay (ideal)
                  0.00    0.00    0.00 ^ _31223_/CLK (sky130_fd_sc_hd__dfxtp_1)
                  0.01    0.16    0.16 ^ _31223_/Q (sky130_fd_sc_hd__dfxtp_1)
     2    0.00                           cpuregs[0][28] (net)
                  0.01    0.00    0.16 ^ _18463_/A (sky130_fd_sc_hd__clkbuf_1)
                  0.03    0.04    0.20 ^ _18463_/X (sky130_fd_sc_hd__clkbuf_1)
     1    0.00                           _02863_ (net)
                  0.03    0.00    0.20 ^ _31223_/D (sky130_fd_sc_hd__dfxtp_1)
                                  0.20   data arrival time

                  0.00    0.00    0.00   clock clk (rise edge)
                          0.00    0.00   clock network delay (ideal)
                          0.00    0.00   clock reconvergence pessimism
                                  0.00 ^ _31223_/CLK (sky130_fd_sc_hd__dfxtp_1)
                         -0.02   -0.02   library hold time
                                 -0.02   data required time
-----------------------------------------------------------------------------
                                 -0.02   data required time
                                 -0.20   data arrival time
-----------------------------------------------------------------------------
                                  0.22   slack (MET)


Startpoint: _32422_ (rising edge-triggered flip-flop clocked by clk)
Endpoint: _32346_ (rising edge-triggered flip-flop clocked by clk)
Path Group: clk
Path Type: max

Fanout     Cap    Slew   Delay    Time   Description
-----------------------------------------------------------------------------
                  0.00    0.00    0.00   clock clk (rise edge)
                          0.00    0.00   clock network delay (ideal)
                  0.00    0.00    0.00 ^ _32422_/CLK (sky130_fd_sc_hd__dfxtp_4)
                  0.20    0.77    0.77 ^ _32422_/Q (sky130_fd_sc_hd__dfxtp_4)
    33    0.04                           latched_stalu (net)
                  0.20    0.00    0.78 ^ _30323_/S (sky130_fd_sc_hd__mux2_1)
                  0.14    0.79    1.57 v _30323_/X (sky130_fd_sc_hd__mux2_1)
     2    0.01                           _00293_ (net)
                  0.14    0.00    1.57 v _30322_/A1 (sky130_fd_sc_hd__mux2_1)
                  0.10    0.66    2.23 v _30322_/X (sky130_fd_sc_hd__mux2_1)
     1    0.00                           _00294_ (net)
                  0.10    0.00    2.23 v _19592_/B (sky130_fd_sc_hd__and2_1)
                  0.07    0.32    2.55 v _19592_/X (sky130_fd_sc_hd__and2_1)
     1    0.00                           _00295_ (net)
                  0.07    0.00    2.55 v _29613_/A0 (sky130_fd_sc_hd__mux2_2)
                  0.08    0.50    3.05 v _29613_/X (sky130_fd_sc_hd__mux2_2)
     4    0.00                           _02560_ (net)
                  0.08    0.00    3.05 v _19974_/A (sky130_fd_sc_hd__xnor2_1)
                  0.35    0.36    3.41 ^ _19974_/Y (sky130_fd_sc_hd__xnor2_1)
     2    0.01                           _15017_ (net)
                  0.35    0.00    3.41 ^ _19979_/A_N (sky130_fd_sc_hd__nand3b_2)
                  0.09    0.31    3.72 ^ _19979_/Y (sky130_fd_sc_hd__nand3b_2)
     2    0.00                           _15019_ (net)
                  0.09    0.00    3.72 ^ _19986_/B2 (sky130_fd_sc_hd__a2bb2oi_1)
                  0.09    0.12    3.85 v _19986_/Y (sky130_fd_sc_hd__a2bb2oi_1)
     1    0.00                           _15024_ (net)
                  0.09    0.00    3.85 v _19987_/B1 (sky130_fd_sc_hd__a21o_1)
                  0.10    0.32    4.17 v _19987_/X (sky130_fd_sc_hd__a21o_1)
     2    0.01                           _15025_ (net)
                  0.10    0.00    4.17 v _19993_/B1 (sky130_fd_sc_hd__o21ai_1)
                  0.16    0.13    4.30 ^ _19993_/Y (sky130_fd_sc_hd__o21ai_1)
     1    0.00                           _15029_ (net)
                  0.16    0.00    4.30 ^ _19994_/B1 (sky130_fd_sc_hd__o21ai_1)
                  0.13    0.18    4.49 v _19994_/Y (sky130_fd_sc_hd__o21ai_1)
     2    0.01                           _15030_ (net)
                  0.13    0.00    4.49 v _20001_/B1 (sky130_fd_sc_hd__o21ai_1)
                  0.24    0.19    4.67 ^ _20001_/Y (sky130_fd_sc_hd__o21ai_1)
     1    0.01                           _15035_ (net)
                  0.24    0.00    4.67 ^ _20002_/B1 (sky130_fd_sc_hd__o21ai_2)
                  0.12    0.20    4.87 v _20002_/Y (sky130_fd_sc_hd__o21ai_2)
     2    0.01                           _15036_ (net)
                  0.12    0.00    4.87 v _20009_/A1 (sky130_fd_sc_hd__a21o_1)
                  0.04    0.27    5.14 v _20009_/X (sky130_fd_sc_hd__a21o_1)
     2    0.00                           _15041_ (net)
                  0.04    0.00    5.14 v _20016_/B1 (sky130_fd_sc_hd__o21ai_1)
                  0.23    0.14    5.29 ^ _20016_/Y (sky130_fd_sc_hd__o21ai_1)
     1    0.00                           _15046_ (net)
                  0.23    0.00    5.29 ^ _20017_/B1 (sky130_fd_sc_hd__o21ai_2)
                  0.11    0.19    5.48 v _20017_/Y (sky130_fd_sc_hd__o21ai_2)
     2    0.01                           _15047_ (net)
                  0.11    0.00    5.48 v _20023_/A1 (sky130_fd_sc_hd__a21o_1)
                  0.10    0.35    5.83 v _20023_/X (sky130_fd_sc_hd__a21o_1)
     2    0.01                           _15051_ (net)
                  0.10    0.00    5.83 v _20032_/A1 (sky130_fd_sc_hd__a21o_1)
                  0.10    0.34    6.17 v _20032_/X (sky130_fd_sc_hd__a21o_1)
     2    0.01                           _15058_ (net)
                  0.10    0.00    6.17 v _20038_/A1 (sky130_fd_sc_hd__a21o_1)
                  0.10    0.34    6.51 v _20038_/X (sky130_fd_sc_hd__a21o_1)
     2    0.01                           _15062_ (net)
                  0.10    0.00    6.51 v _20042_/A (sky130_fd_sc_hd__nand2_1)
                  0.13    0.14    6.65 ^ _20042_/Y (sky130_fd_sc_hd__nand2_1)
     2    0.01                           _15064_ (net)
                  0.13    0.00    6.65 ^ _20045_/A1 (sky130_fd_sc_hd__a21boi_2)
                  0.08    0.12    6.77 v _20045_/Y (sky130_fd_sc_hd__a21boi_2)
     2    0.00                           _15067_ (net)
                  0.08    0.00    6.77 v _20051_/B1 (sky130_fd_sc_hd__a21o_1)
                  0.10    0.32    7.09 v _20051_/X (sky130_fd_sc_hd__a21o_1)
     2    0.01                           _15071_ (net)
                  0.10    0.00    7.09 v _20057_/A1 (sky130_fd_sc_hd__a21o_1)
                  0.04    0.27    7.36 v _20057_/X (sky130_fd_sc_hd__a21o_1)
     2    0.00                           _15075_ (net)
                  0.04    0.00    7.36 v _20062_/A (sky130_fd_sc_hd__nand2_1)
                  0.07    0.07    7.43 ^ _20062_/Y (sky130_fd_sc_hd__nand2_1)
     1    0.00                           _15078_ (net)
                  0.07    0.00    7.43 ^ _20063_/B1 (sky130_fd_sc_hd__o21ai_1)
                  0.17    0.18    7.61 v _20063_/Y (sky130_fd_sc_hd__o21ai_1)
     2    0.01                           _15079_ (net)
                  0.17    0.00    7.61 v _20068_/A (sky130_fd_sc_hd__and2_1)
                  0.07    0.32    7.93 v _20068_/X (sky130_fd_sc_hd__and2_1)
     1    0.00                           _15082_ (net)
                  0.07    0.00    7.93 v _20069_/B1 (sky130_fd_sc_hd__a21o_1)
                  0.10    0.32    8.25 v _20069_/X (sky130_fd_sc_hd__a21o_1)
     2    0.01                           _15083_ (net)
                  0.10    0.00    8.25 v _20075_/A1 (sky130_fd_sc_hd__a21o_1)
                  0.10    0.34    8.60 v _20075_/X (sky130_fd_sc_hd__a21o_1)
     2    0.01                           _15087_ (net)
                  0.10    0.00    8.60 v _20083_/A1 (sky130_fd_sc_hd__a21o_1)
                  0.09    0.33    8.92 v _20083_/X (sky130_fd_sc_hd__a21o_1)
     2    0.01                           _15093_ (net)
                  0.09    0.00    8.92 v _20089_/A1 (sky130_fd_sc_hd__a21o_1)
                  0.08    0.31    9.24 v _20089_/X (sky130_fd_sc_hd__a21o_1)
     2    0.01                           _15097_ (net)
                  0.08    0.00    9.24 v _20095_/A1 (sky130_fd_sc_hd__a21oi_4)
                  0.18    0.22    9.45 ^ _20095_/Y (sky130_fd_sc_hd__a21oi_4)
     2    0.01                           _15101_ (net)
                  0.18    0.00    9.45 ^ _20100_/B1 (sky130_fd_sc_hd__a21o_1)
                  0.09    0.21    9.66 ^ _20100_/X (sky130_fd_sc_hd__a21o_1)
     1    0.00                           _15104_ (net)
                  0.09    0.00    9.66 ^ _20101_/B1 (sky130_fd_sc_hd__o21ai_2)
                  0.14    0.16    9.82 v _20101_/Y (sky130_fd_sc_hd__o21ai_2)
     4    0.01                           _15105_ (net)
                  0.14    0.00    9.82 v _20124_/A (sky130_fd_sc_hd__nand3_1)
                  0.09    0.13    9.95 ^ _20124_/Y (sky130_fd_sc_hd__nand3_1)
     1    0.00                           _15120_ (net)
                  0.09    0.00    9.95 ^ _20125_/A_N (sky130_fd_sc_hd__nand3b_2)
                  0.11    0.22   10.17 ^ _20125_/Y (sky130_fd_sc_hd__nand3b_2)
     1    0.00                           _15121_ (net)
                  0.11    0.00   10.17 ^ _20127_/A (sky130_fd_sc_hd__nand2_2)
                  0.18    0.18   10.35 v _20127_/Y (sky130_fd_sc_hd__nand2_2)
     3    0.02                           _15123_ (net)
                  0.18    0.00   10.35 v _20139_/A (sky130_fd_sc_hd__nand3_4)
                  0.11    0.16   10.51 ^ _20139_/Y (sky130_fd_sc_hd__nand3_4)
     2    0.01                           _15131_ (net)
                  0.11    0.00   10.51 ^ _20140_/C1 (sky130_fd_sc_hd__o211ai_2)
                  0.12    0.15   10.66 v _20140_/Y (sky130_fd_sc_hd__o211ai_2)
     2    0.00                           _15132_ (net)
                  0.12    0.00   10.66 v _20141_/B (sky130_fd_sc_hd__xor2_1)
                  0.11    0.29   10.95 v _20141_/X (sky130_fd_sc_hd__xor2_1)
     1    0.00                           _01664_ (net)
                  0.11    0.00   10.95 v _30344_/A1 (sky130_fd_sc_hd__mux2_1)
                  0.10    0.65   11.60 v _30344_/X (sky130_fd_sc_hd__mux2_1)
     1    0.00                           _01665_ (net)
                  0.10    0.00   11.60 v _30795_/A1 (sky130_fd_sc_hd__mux4_1)
                  0.14    1.11   12.71 v _30795_/X (sky130_fd_sc_hd__mux4_1)
     1    0.00                           _01666_ (net)
                  0.14    0.00   12.71 v _30345_/A0 (sky130_fd_sc_hd__mux2_1)
                  0.13    0.69   13.40 v _30345_/X (sky130_fd_sc_hd__mux2_1)
     1    0.00                           _02525_ (net)
                  0.13    0.00   13.40 v _15906_/A (sky130_fd_sc_hd__or2b_1)
                  0.10    0.51   13.91 v _15906_/X (sky130_fd_sc_hd__or2b_1)
     1    0.00                           _13106_ (net)
                  0.10    0.00   13.91 v _15907_/C1 (sky130_fd_sc_hd__o211a_1)
                  0.07    0.21   14.11 v _15907_/X (sky130_fd_sc_hd__o211a_1)
     1    0.00                           _03986_ (net)
                  0.07    0.00   14.11 v _32346_/D (sky130_fd_sc_hd__dfxtp_2)
                                 14.11   data arrival time

                  0.00   24.73   24.73   clock clk (rise edge)
                          0.00   24.73   clock network delay (ideal)
                          0.00   24.73   clock reconvergence pessimism
                                 24.73 ^ _32346_/CLK (sky130_fd_sc_hd__dfxtp_2)
                         -0.29   24.44   library setup time
                                 24.44   data required time
-----------------------------------------------------------------------------
                                 24.44   data required time
                                -14.11   data arrival time
-----------------------------------------------------------------------------
                                 10.32   slack (MET)


