max slew

Pin                                    Limit    Slew   Slack
------------------------------------------------------------
_14673_/B                               1.50    8.48   -6.98 (VIOLATED)
_28751_/S0                              1.50    8.48   -6.98 (VIOLATED)
_28752_/S0                              1.50    8.48   -6.98 (VIOLATED)
_28753_/S0                              1.50    8.48   -6.98 (VIOLATED)
_28754_/S0                              1.50    8.48   -6.98 (VIOLATED)
_28755_/S0                              1.50    8.48   -6.98 (VIOLATED)
_28757_/S0                              1.50    8.48   -6.98 (VIOLATED)
_28758_/S0                              1.50    8.48   -6.98 (VIOLATED)
_28759_/S0                              1.50    8.48   -6.98 (VIOLATED)
_28760_/S0                              1.50    8.48   -6.98 (VIOLATED)
_28761_/S0                              1.50    8.48   -6.98 (VIOLATED)
_28763_/S0                              1.50    8.48   -6.98 (VIOLATED)
_28764_/S0                              1.50    8.48   -6.98 (VIOLATED)
_28765_/S0                              1.50    8.48   -6.98 (VIOLATED)
_28766_/S0                              1.50    8.48   -6.98 (VIOLATED)
_28767_/S0                              1.50    8.48   -6.98 (VIOLATED)
_28769_/S0                              1.50    8.48   -6.98 (VIOLATED)
_28770_/S0                              1.50    8.48   -6.98 (VIOLATED)
_28771_/S0                              1.50    8.48   -6.98 (VIOLATED)
_28772_/S0                              1.50    8.48   -6.98 (VIOLATED)
_28773_/S0                              1.50    8.48   -6.98 (VIOLATED)
_28775_/S0                              1.50    8.48   -6.98 (VIOLATED)
_28776_/S0                              1.50    8.48   -6.98 (VIOLATED)
_28777_/S0                              1.50    8.48   -6.98 (VIOLATED)
_28778_/S0                              1.50    8.48   -6.98 (VIOLATED)
_28779_/S0                              1.50    8.48   -6.98 (VIOLATED)
_28781_/S0                              1.50    8.48   -6.98 (VIOLATED)
_28782_/S0                              1.50    8.48   -6.98 (VIOLATED)
_28783_/S0                              1.50    8.48   -6.98 (VIOLATED)
_28784_/S0                              1.50    8.48   -6.98 (VIOLATED)
_28785_/S0                              1.50    8.48   -6.98 (VIOLATED)
_28787_/S0                              1.50    8.48   -6.98 (VIOLATED)
_28788_/S0                              1.50    8.48   -6.98 (VIOLATED)
_28789_/S0                              1.50    8.48   -6.98 (VIOLATED)
_28790_/S0                              1.50    8.48   -6.98 (VIOLATED)
_28791_/S0                              1.50    8.48   -6.98 (VIOLATED)
_28793_/S0                              1.50    8.48   -6.98 (VIOLATED)
_28794_/S0                              1.50    8.48   -6.98 (VIOLATED)
_28795_/S0                              1.50    8.48   -6.98 (VIOLATED)
_28796_/S0                              1.50    8.48   -6.98 (VIOLATED)
_28797_/S0                              1.50    8.48   -6.98 (VIOLATED)
_28799_/S0                              1.50    8.48   -6.98 (VIOLATED)
_28800_/S0                              1.50    8.48   -6.98 (VIOLATED)
_28801_/S0                              1.50    8.48   -6.98 (VIOLATED)
_28802_/S0                              1.50    8.48   -6.98 (VIOLATED)
_28803_/S0                              1.50    8.48   -6.98 (VIOLATED)
_28805_/S0                              1.50    8.48   -6.98 (VIOLATED)
_28806_/S0                              1.50    8.48   -6.98 (VIOLATED)
_28807_/S0                              1.50    8.48   -6.98 (VIOLATED)
_28808_/S0                              1.50    8.48   -6.98 (VIOLATED)
_28809_/S0                              1.50    8.48   -6.98 (VIOLATED)
_28811_/S0                              1.50    8.48   -6.98 (VIOLATED)
_28812_/S0                              1.50    8.48   -6.98 (VIOLATED)
_28813_/S0                              1.50    8.48   -6.98 (VIOLATED)
_28814_/S0                              1.50    8.48   -6.98 (VIOLATED)
_28815_/S0                              1.50    8.48   -6.98 (VIOLATED)
_28817_/S0                              1.50    8.48   -6.98 (VIOLATED)
_28818_/S0                              1.50    8.48   -6.98 (VIOLATED)
_28819_/S0                              1.50    8.48   -6.98 (VIOLATED)
_28820_/S0                              1.50    8.48   -6.98 (VIOLATED)
_28821_/S0                              1.50    8.48   -6.98 (VIOLATED)
_28823_/S0                              1.50    8.48   -6.98 (VIOLATED)
_28824_/S0                              1.50    8.48   -6.98 (VIOLATED)
_28825_/S0                              1.50    8.48   -6.98 (VIOLATED)
_28826_/S0                              1.50    8.48   -6.98 (VIOLATED)
_28827_/S0                              1.50    8.48   -6.98 (VIOLATED)
_28829_/S0                              1.50    8.48   -6.98 (VIOLATED)
_28830_/S0                              1.50    8.48   -6.98 (VIOLATED)
_28831_/S0                              1.50    8.48   -6.98 (VIOLATED)
_28832_/S0                              1.50    8.48   -6.98 (VIOLATED)
_28833_/S0                              1.50    8.48   -6.98 (VIOLATED)
_28835_/S0                              1.50    8.48   -6.98 (VIOLATED)
_28836_/S0                              1.50    8.48   -6.98 (VIOLATED)
_28837_/S0                              1.50    8.48   -6.98 (VIOLATED)
_28838_/S0                              1.50    8.48   -6.98 (VIOLATED)
_28839_/S0                              1.50    8.48   -6.98 (VIOLATED)
_28841_/S0                              1.50    8.48   -6.98 (VIOLATED)
_28842_/S0                              1.50    8.48   -6.98 (VIOLATED)
_28843_/S0                              1.50    8.48   -6.98 (VIOLATED)
_28844_/S0                              1.50    8.48   -6.98 (VIOLATED)
_28845_/S0                              1.50    8.48   -6.98 (VIOLATED)
_28847_/S0                              1.50    8.48   -6.98 (VIOLATED)
_28848_/S0                              1.50    8.48   -6.98 (VIOLATED)
_28849_/S0                              1.50    8.48   -6.98 (VIOLATED)
_28850_/S0                              1.50    8.48   -6.98 (VIOLATED)
_28851_/S0                              1.50    8.48   -6.98 (VIOLATED)
_28853_/S0                              1.50    8.48   -6.98 (VIOLATED)
_28854_/S0                              1.50    8.48   -6.98 (VIOLATED)
_28855_/S0                              1.50    8.48   -6.98 (VIOLATED)
_28856_/S0                              1.50    8.48   -6.98 (VIOLATED)
_28857_/S0                              1.50    8.48   -6.98 (VIOLATED)
_28859_/S0                              1.50    8.48   -6.98 (VIOLATED)
_28860_/S0                              1.50    8.48   -6.98 (VIOLATED)
_28861_/S0                              1.50    8.48   -6.98 (VIOLATED)
_28862_/S0                              1.50    8.48   -6.98 (VIOLATED)
_28863_/S0                              1.50    8.48   -6.98 (VIOLATED)
_28865_/S0                              1.50    8.48   -6.98 (VIOLATED)
_28866_/S0                              1.50    8.48   -6.98 (VIOLATED)
_28867_/S0                              1.50    8.48   -6.98 (VIOLATED)
_28868_/S0                              1.50    8.48   -6.98 (VIOLATED)
_28869_/S0                              1.50    8.48   -6.98 (VIOLATED)
_28871_/S0                              1.50    8.48   -6.98 (VIOLATED)
_28872_/S0                              1.50    8.48   -6.98 (VIOLATED)
_28873_/S0                              1.50    8.48   -6.98 (VIOLATED)
_28874_/S0                              1.50    8.48   -6.98 (VIOLATED)
_28875_/S0                              1.50    8.48   -6.98 (VIOLATED)
_28877_/S0                              1.50    8.48   -6.98 (VIOLATED)
_28878_/S0                              1.50    8.48   -6.98 (VIOLATED)
_28879_/S0                              1.50    8.48   -6.98 (VIOLATED)
_28880_/S0                              1.50    8.48   -6.98 (VIOLATED)
_28881_/S0                              1.50    8.48   -6.98 (VIOLATED)
_28883_/S0                              1.50    8.48   -6.98 (VIOLATED)
_28884_/S0                              1.50    8.48   -6.98 (VIOLATED)
_28885_/S0                              1.50    8.48   -6.98 (VIOLATED)
_28886_/S0                              1.50    8.48   -6.98 (VIOLATED)
_28887_/S0                              1.50    8.48   -6.98 (VIOLATED)
_28889_/S0                              1.50    8.48   -6.98 (VIOLATED)
_28890_/S0                              1.50    8.48   -6.98 (VIOLATED)
_28891_/S0                              1.50    8.48   -6.98 (VIOLATED)
_28892_/S0                              1.50    8.48   -6.98 (VIOLATED)
_28893_/S0                              1.50    8.48   -6.98 (VIOLATED)
_28895_/S0                              1.50    8.48   -6.98 (VIOLATED)
_28896_/S0                              1.50    8.48   -6.98 (VIOLATED)
_28897_/S0                              1.50    8.48   -6.98 (VIOLATED)
_28898_/S0                              1.50    8.48   -6.98 (VIOLATED)
_28899_/S0                              1.50    8.48   -6.98 (VIOLATED)
_28901_/S0                              1.50    8.48   -6.98 (VIOLATED)
_28902_/S0                              1.50    8.48   -6.98 (VIOLATED)
_28903_/S0                              1.50    8.48   -6.98 (VIOLATED)
_28904_/S0                              1.50    8.48   -6.98 (VIOLATED)
_28905_/S0                              1.50    8.48   -6.98 (VIOLATED)
_28907_/S0                              1.50    8.48   -6.98 (VIOLATED)
_28908_/S0                              1.50    8.48   -6.98 (VIOLATED)
_28909_/S0                              1.50    8.48   -6.98 (VIOLATED)
_28910_/S0                              1.50    8.48   -6.98 (VIOLATED)
_28911_/S0                              1.50    8.48   -6.98 (VIOLATED)
_28913_/S0                              1.50    8.48   -6.98 (VIOLATED)
_28914_/S0                              1.50    8.48   -6.98 (VIOLATED)
_28915_/S0                              1.50    8.48   -6.98 (VIOLATED)
_28916_/S0                              1.50    8.48   -6.98 (VIOLATED)
_28917_/S0                              1.50    8.48   -6.98 (VIOLATED)
_28919_/S0                              1.50    8.48   -6.98 (VIOLATED)
_28920_/S0                              1.50    8.48   -6.98 (VIOLATED)
_28921_/S0                              1.50    8.48   -6.98 (VIOLATED)
_28922_/S0                              1.50    8.48   -6.98 (VIOLATED)
_28923_/S0                              1.50    8.48   -6.98 (VIOLATED)
_28925_/S0                              1.50    8.48   -6.98 (VIOLATED)
_28926_/S0                              1.50    8.48   -6.98 (VIOLATED)
_28927_/S0                              1.50    8.48   -6.98 (VIOLATED)
_28928_/S0                              1.50    8.48   -6.98 (VIOLATED)
_28929_/S0                              1.50    8.48   -6.98 (VIOLATED)
_28931_/S0                              1.50    8.48   -6.98 (VIOLATED)
_28932_/S0                              1.50    8.48   -6.98 (VIOLATED)
_28933_/S0                              1.50    8.48   -6.98 (VIOLATED)
_28934_/S0                              1.50    8.48   -6.98 (VIOLATED)
_28935_/S0                              1.50    8.48   -6.98 (VIOLATED)
_28937_/S0                              1.50    8.48   -6.98 (VIOLATED)
_28938_/S0                              1.50    8.48   -6.98 (VIOLATED)
_28939_/S0                              1.50    8.48   -6.98 (VIOLATED)
_28940_/S0                              1.50    8.48   -6.98 (VIOLATED)
_28941_/S0                              1.50    8.48   -6.98 (VIOLATED)
_28449_/X                               1.51    8.48   -6.98 (VIOLATED)
_14673_/A                               1.50    5.71   -4.21 (VIOLATED)
_28751_/S1                              1.50    5.71   -4.21 (VIOLATED)
_28752_/S1                              1.50    5.71   -4.21 (VIOLATED)
_28753_/S1                              1.50    5.71   -4.21 (VIOLATED)
_28754_/S1                              1.50    5.71   -4.21 (VIOLATED)
_28755_/S1                              1.50    5.71   -4.21 (VIOLATED)
_28757_/S1                              1.50    5.71   -4.21 (VIOLATED)
_28758_/S1                              1.50    5.71   -4.21 (VIOLATED)
_28759_/S1                              1.50    5.71   -4.21 (VIOLATED)
_28760_/S1                              1.50    5.71   -4.21 (VIOLATED)
_28761_/S1                              1.50    5.71   -4.21 (VIOLATED)
_28763_/S1                              1.50    5.71   -4.21 (VIOLATED)
_28764_/S1                              1.50    5.71   -4.21 (VIOLATED)
_28765_/S1                              1.50    5.71   -4.21 (VIOLATED)
_28766_/S1                              1.50    5.71   -4.21 (VIOLATED)
_28767_/S1                              1.50    5.71   -4.21 (VIOLATED)
_28769_/S1                              1.50    5.71   -4.21 (VIOLATED)
_28770_/S1                              1.50    5.71   -4.21 (VIOLATED)
_28771_/S1                              1.50    5.71   -4.21 (VIOLATED)
_28772_/S1                              1.50    5.71   -4.21 (VIOLATED)
_28773_/S1                              1.50    5.71   -4.21 (VIOLATED)
_28775_/S1                              1.50    5.71   -4.21 (VIOLATED)
_28776_/S1                              1.50    5.71   -4.21 (VIOLATED)
_28777_/S1                              1.50    5.71   -4.21 (VIOLATED)
_28778_/S1                              1.50    5.71   -4.21 (VIOLATED)
_28779_/S1                              1.50    5.71   -4.21 (VIOLATED)
_28781_/S1                              1.50    5.71   -4.21 (VIOLATED)
_28782_/S1                              1.50    5.71   -4.21 (VIOLATED)
_28783_/S1                              1.50    5.71   -4.21 (VIOLATED)
_28784_/S1                              1.50    5.71   -4.21 (VIOLATED)
_28785_/S1                              1.50    5.71   -4.21 (VIOLATED)
_28787_/S1                              1.50    5.71   -4.21 (VIOLATED)
_28788_/S1                              1.50    5.71   -4.21 (VIOLATED)
_28789_/S1                              1.50    5.71   -4.21 (VIOLATED)
_28790_/S1                              1.50    5.71   -4.21 (VIOLATED)
_28791_/S1                              1.50    5.71   -4.21 (VIOLATED)
_28793_/S1                              1.50    5.71   -4.21 (VIOLATED)
_28794_/S1                              1.50    5.71   -4.21 (VIOLATED)
_28795_/S1                              1.50    5.71   -4.21 (VIOLATED)
_28796_/S1                              1.50    5.71   -4.21 (VIOLATED)
_28797_/S1                              1.50    5.71   -4.21 (VIOLATED)
_28799_/S1                              1.50    5.71   -4.21 (VIOLATED)
_28800_/S1                              1.50    5.71   -4.21 (VIOLATED)
_28801_/S1                              1.50    5.71   -4.21 (VIOLATED)
_28802_/S1                              1.50    5.71   -4.21 (VIOLATED)
_28803_/S1                              1.50    5.71   -4.21 (VIOLATED)
_28805_/S1                              1.50    5.71   -4.21 (VIOLATED)
_28806_/S1                              1.50    5.71   -4.21 (VIOLATED)
_28807_/S1                              1.50    5.71   -4.21 (VIOLATED)
_28808_/S1                              1.50    5.71   -4.21 (VIOLATED)
_28809_/S1                              1.50    5.71   -4.21 (VIOLATED)
_28811_/S1                              1.50    5.71   -4.21 (VIOLATED)
_28812_/S1                              1.50    5.71   -4.21 (VIOLATED)
_28813_/S1                              1.50    5.71   -4.21 (VIOLATED)
_28814_/S1                              1.50    5.71   -4.21 (VIOLATED)
_28815_/S1                              1.50    5.71   -4.21 (VIOLATED)
_28817_/S1                              1.50    5.71   -4.21 (VIOLATED)
_28818_/S1                              1.50    5.71   -4.21 (VIOLATED)
_28819_/S1                              1.50    5.71   -4.21 (VIOLATED)
_28820_/S1                              1.50    5.71   -4.21 (VIOLATED)
_28821_/S1                              1.50    5.71   -4.21 (VIOLATED)
_28823_/S1                              1.50    5.71   -4.21 (VIOLATED)
_28824_/S1                              1.50    5.71   -4.21 (VIOLATED)
_28825_/S1                              1.50    5.71   -4.21 (VIOLATED)
_28826_/S1                              1.50    5.71   -4.21 (VIOLATED)
_28827_/S1                              1.50    5.71   -4.21 (VIOLATED)
_28829_/S1                              1.50    5.71   -4.21 (VIOLATED)
_28830_/S1                              1.50    5.71   -4.21 (VIOLATED)
_28831_/S1                              1.50    5.71   -4.21 (VIOLATED)
_28832_/S1                              1.50    5.71   -4.21 (VIOLATED)
_28833_/S1                              1.50    5.71   -4.21 (VIOLATED)
_28835_/S1                              1.50    5.71   -4.21 (VIOLATED)
_28836_/S1                              1.50    5.71   -4.21 (VIOLATED)
_28837_/S1                              1.50    5.71   -4.21 (VIOLATED)
_28838_/S1                              1.50    5.71   -4.21 (VIOLATED)
_28839_/S1                              1.50    5.71   -4.21 (VIOLATED)
_28841_/S1                              1.50    5.71   -4.21 (VIOLATED)
_28842_/S1                              1.50    5.71   -4.21 (VIOLATED)
_28843_/S1                              1.50    5.71   -4.21 (VIOLATED)
_28844_/S1                              1.50    5.71   -4.21 (VIOLATED)
_28845_/S1                              1.50    5.71   -4.21 (VIOLATED)
_28847_/S1                              1.50    5.71   -4.21 (VIOLATED)
_28848_/S1                              1.50    5.71   -4.21 (VIOLATED)
_28849_/S1                              1.50    5.71   -4.21 (VIOLATED)
_28850_/S1                              1.50    5.71   -4.21 (VIOLATED)
_28851_/S1                              1.50    5.71   -4.21 (VIOLATED)
_28853_/S1                              1.50    5.71   -4.21 (VIOLATED)
_28854_/S1                              1.50    5.71   -4.21 (VIOLATED)
_28855_/S1                              1.50    5.71   -4.21 (VIOLATED)
_28856_/S1                              1.50    5.71   -4.21 (VIOLATED)
_28857_/S1                              1.50    5.71   -4.21 (VIOLATED)
_28859_/S1                              1.50    5.71   -4.21 (VIOLATED)
_28860_/S1                              1.50    5.71   -4.21 (VIOLATED)
_28861_/S1                              1.50    5.71   -4.21 (VIOLATED)
_28862_/S1                              1.50    5.71   -4.21 (VIOLATED)
_28863_/S1                              1.50    5.71   -4.21 (VIOLATED)
_28865_/S1                              1.50    5.71   -4.21 (VIOLATED)
_28866_/S1                              1.50    5.71   -4.21 (VIOLATED)
_28867_/S1                              1.50    5.71   -4.21 (VIOLATED)
_28868_/S1                              1.50    5.71   -4.21 (VIOLATED)
_28869_/S1                              1.50    5.71   -4.21 (VIOLATED)
_28871_/S1                              1.50    5.71   -4.21 (VIOLATED)
_28872_/S1                              1.50    5.71   -4.21 (VIOLATED)
_28873_/S1                              1.50    5.71   -4.21 (VIOLATED)
_28874_/S1                              1.50    5.71   -4.21 (VIOLATED)
_28875_/S1                              1.50    5.71   -4.21 (VIOLATED)
_28877_/S1                              1.50    5.71   -4.21 (VIOLATED)
_28878_/S1                              1.50    5.71   -4.21 (VIOLATED)
_28879_/S1                              1.50    5.71   -4.21 (VIOLATED)
_28880_/S1                              1.50    5.71   -4.21 (VIOLATED)
_28881_/S1                              1.50    5.71   -4.21 (VIOLATED)
_28883_/S1                              1.50    5.71   -4.21 (VIOLATED)
_28884_/S1                              1.50    5.71   -4.21 (VIOLATED)
_28885_/S1                              1.50    5.71   -4.21 (VIOLATED)
_28886_/S1                              1.50    5.71   -4.21 (VIOLATED)
_28887_/S1                              1.50    5.71   -4.21 (VIOLATED)
_28889_/S1                              1.50    5.71   -4.21 (VIOLATED)
_28890_/S1                              1.50    5.71   -4.21 (VIOLATED)
_28891_/S1                              1.50    5.71   -4.21 (VIOLATED)
_28892_/S1                              1.50    5.71   -4.21 (VIOLATED)
_28893_/S1                              1.50    5.71   -4.21 (VIOLATED)
_28895_/S1                              1.50    5.71   -4.21 (VIOLATED)
_28896_/S1                              1.50    5.71   -4.21 (VIOLATED)
_28897_/S1                              1.50    5.71   -4.21 (VIOLATED)
_28898_/S1                              1.50    5.71   -4.21 (VIOLATED)
_28899_/S1                              1.50    5.71   -4.21 (VIOLATED)
_28901_/S1                              1.50    5.71   -4.21 (VIOLATED)
_28902_/S1                              1.50    5.71   -4.21 (VIOLATED)
_28903_/S1                              1.50    5.71   -4.21 (VIOLATED)
_28904_/S1                              1.50    5.71   -4.21 (VIOLATED)
_28905_/S1                              1.50    5.71   -4.21 (VIOLATED)
_28907_/S1                              1.50    5.71   -4.21 (VIOLATED)
_28908_/S1                              1.50    5.71   -4.21 (VIOLATED)
_28909_/S1                              1.50    5.71   -4.21 (VIOLATED)
_28910_/S1                              1.50    5.71   -4.21 (VIOLATED)
_28911_/S1                              1.50    5.71   -4.21 (VIOLATED)
_28913_/S1                              1.50    5.71   -4.21 (VIOLATED)
_28914_/S1                              1.50    5.71   -4.21 (VIOLATED)
_28915_/S1                              1.50    5.71   -4.21 (VIOLATED)
_28916_/S1                              1.50    5.71   -4.21 (VIOLATED)
_28917_/S1                              1.50    5.71   -4.21 (VIOLATED)
_28919_/S1                              1.50    5.71   -4.21 (VIOLATED)
_28920_/S1                              1.50    5.71   -4.21 (VIOLATED)
_28921_/S1                              1.50    5.71   -4.21 (VIOLATED)
_28922_/S1                              1.50    5.71   -4.21 (VIOLATED)
_28923_/S1                              1.50    5.71   -4.21 (VIOLATED)
_28925_/S1                              1.50    5.71   -4.21 (VIOLATED)
_28926_/S1                              1.50    5.71   -4.21 (VIOLATED)
_28927_/S1                              1.50    5.71   -4.21 (VIOLATED)
_28928_/S1                              1.50    5.71   -4.21 (VIOLATED)
_28929_/S1                              1.50    5.71   -4.21 (VIOLATED)
_28931_/S1                              1.50    5.71   -4.21 (VIOLATED)
_28932_/S1                              1.50    5.71   -4.21 (VIOLATED)
_28933_/S1                              1.50    5.71   -4.21 (VIOLATED)
_28934_/S1                              1.50    5.71   -4.21 (VIOLATED)
_28935_/S1                              1.50    5.71   -4.21 (VIOLATED)
_28937_/S1                              1.50    5.71   -4.21 (VIOLATED)
_28938_/S1                              1.50    5.71   -4.21 (VIOLATED)
_28939_/S1                              1.50    5.71   -4.21 (VIOLATED)
_28940_/S1                              1.50    5.71   -4.21 (VIOLATED)
_28941_/S1                              1.50    5.71   -4.21 (VIOLATED)
_28448_/X                               1.51    5.71   -4.20 (VIOLATED)
_14592_/C                               1.50    2.78   -1.28 (VIOLATED)
_28155_/S                               1.50    2.78   -1.28 (VIOLATED)
_28159_/S                               1.50    2.78   -1.28 (VIOLATED)
_28163_/S                               1.50    2.78   -1.28 (VIOLATED)
_28167_/S                               1.50    2.78   -1.28 (VIOLATED)
_28171_/S                               1.50    2.78   -1.28 (VIOLATED)
_28175_/S                               1.50    2.78   -1.28 (VIOLATED)
_28179_/S                               1.50    2.78   -1.28 (VIOLATED)
_28183_/S                               1.50    2.78   -1.28 (VIOLATED)
_28187_/S                               1.50    2.78   -1.28 (VIOLATED)
_28191_/S                               1.50    2.78   -1.28 (VIOLATED)
_28195_/S                               1.50    2.78   -1.28 (VIOLATED)
_28199_/S                               1.50    2.78   -1.28 (VIOLATED)
_28203_/S                               1.50    2.78   -1.28 (VIOLATED)
_28207_/S                               1.50    2.78   -1.28 (VIOLATED)
_28211_/S                               1.50    2.78   -1.28 (VIOLATED)
_28215_/S                               1.50    2.78   -1.28 (VIOLATED)
_28219_/S                               1.50    2.78   -1.28 (VIOLATED)
_28225_/S                               1.50    2.78   -1.28 (VIOLATED)
_28231_/S                               1.50    2.78   -1.28 (VIOLATED)
_28237_/S                               1.50    2.78   -1.28 (VIOLATED)
_28243_/S                               1.50    2.78   -1.28 (VIOLATED)
_28249_/S                               1.50    2.78   -1.28 (VIOLATED)
_28255_/S                               1.50    2.78   -1.28 (VIOLATED)
_28261_/S                               1.50    2.78   -1.28 (VIOLATED)
_28267_/S                               1.50    2.78   -1.28 (VIOLATED)
_28273_/S                               1.50    2.78   -1.28 (VIOLATED)
_28279_/S                               1.50    2.78   -1.28 (VIOLATED)
_28285_/S                               1.50    2.78   -1.28 (VIOLATED)
_28291_/S                               1.50    2.78   -1.28 (VIOLATED)
_28297_/S                               1.50    2.78   -1.28 (VIOLATED)
_28303_/S                               1.50    2.78   -1.28 (VIOLATED)
_28309_/S                               1.50    2.78   -1.28 (VIOLATED)
_14591_/Y                               1.50    2.78   -1.28 (VIOLATED)
_20821_/B                               1.50    2.71   -1.21 (VIOLATED)
_20823_/B                               1.50    2.71   -1.21 (VIOLATED)
_20824_/B                               1.50    2.71   -1.21 (VIOLATED)
_27588_/S                               1.50    2.71   -1.21 (VIOLATED)
_27589_/S                               1.50    2.71   -1.21 (VIOLATED)
_27590_/S                               1.50    2.71   -1.21 (VIOLATED)
_27591_/S                               1.50    2.71   -1.21 (VIOLATED)
_27592_/S                               1.50    2.71   -1.21 (VIOLATED)
_27593_/S                               1.50    2.71   -1.21 (VIOLATED)
_27594_/S                               1.50    2.71   -1.21 (VIOLATED)
_27595_/S                               1.50    2.71   -1.21 (VIOLATED)
_27596_/S                               1.50    2.71   -1.21 (VIOLATED)
_27597_/S                               1.50    2.71   -1.21 (VIOLATED)
_27598_/S                               1.50    2.71   -1.21 (VIOLATED)
_27599_/S                               1.50    2.71   -1.21 (VIOLATED)
_27600_/S                               1.50    2.71   -1.21 (VIOLATED)
_27601_/S                               1.50    2.71   -1.21 (VIOLATED)
_27602_/S                               1.50    2.71   -1.21 (VIOLATED)
_27603_/S                               1.50    2.71   -1.21 (VIOLATED)
_27604_/S                               1.50    2.71   -1.21 (VIOLATED)
_27605_/S                               1.50    2.71   -1.21 (VIOLATED)
_27606_/S                               1.50    2.71   -1.21 (VIOLATED)
_27607_/S                               1.50    2.71   -1.21 (VIOLATED)
_27608_/S                               1.50    2.71   -1.21 (VIOLATED)
_27609_/S                               1.50    2.71   -1.21 (VIOLATED)
_27610_/S                               1.50    2.71   -1.21 (VIOLATED)
_27611_/S                               1.50    2.71   -1.21 (VIOLATED)
_28222_/S                               1.50    2.71   -1.21 (VIOLATED)
_28228_/S                               1.50    2.71   -1.21 (VIOLATED)
_28234_/S                               1.50    2.71   -1.21 (VIOLATED)
_28240_/S                               1.50    2.71   -1.21 (VIOLATED)
_28246_/S                               1.50    2.71   -1.21 (VIOLATED)
_28252_/S                               1.50    2.71   -1.21 (VIOLATED)
_28258_/S                               1.50    2.71   -1.21 (VIOLATED)
_28264_/S                               1.50    2.71   -1.21 (VIOLATED)
_28269_/S                               1.50    2.71   -1.21 (VIOLATED)
_28275_/S                               1.50    2.71   -1.21 (VIOLATED)
_28281_/S                               1.50    2.71   -1.21 (VIOLATED)
_28287_/S                               1.50    2.71   -1.21 (VIOLATED)
_28293_/S                               1.50    2.71   -1.21 (VIOLATED)
_28299_/S                               1.50    2.71   -1.21 (VIOLATED)
_28305_/S                               1.50    2.71   -1.21 (VIOLATED)
_28311_/S                               1.50    2.71   -1.21 (VIOLATED)
_19822_/X                               1.51    2.71   -1.20 (VIOLATED)
_18232_/A                               1.50    2.23   -0.73 (VIOLATED)
_20419_/B                               1.50    2.23   -0.73 (VIOLATED)
_20422_/C                               1.50    2.23   -0.73 (VIOLATED)
_27937_/S                               1.50    2.23   -0.73 (VIOLATED)
_28452_/S                               1.50    2.23   -0.73 (VIOLATED)
_28489_/S                               1.50    2.23   -0.73 (VIOLATED)
_28491_/S                               1.50    2.23   -0.73 (VIOLATED)
_28493_/S                               1.50    2.23   -0.73 (VIOLATED)
_28495_/S                               1.50    2.23   -0.73 (VIOLATED)
_28497_/S                               1.50    2.23   -0.73 (VIOLATED)
_28499_/S                               1.50    2.23   -0.73 (VIOLATED)
_28501_/S                               1.50    2.23   -0.73 (VIOLATED)
_28503_/S                               1.50    2.23   -0.73 (VIOLATED)
_28505_/S                               1.50    2.23   -0.73 (VIOLATED)
_28507_/S                               1.50    2.23   -0.73 (VIOLATED)
_28509_/S                               1.50    2.23   -0.73 (VIOLATED)
_28511_/S                               1.50    2.23   -0.73 (VIOLATED)
_28513_/S                               1.50    2.23   -0.73 (VIOLATED)
_28515_/S                               1.50    2.23   -0.73 (VIOLATED)
_28517_/S                               1.50    2.23   -0.73 (VIOLATED)
_28519_/S                               1.50    2.23   -0.73 (VIOLATED)
_28521_/S                               1.50    2.23   -0.73 (VIOLATED)
_28523_/S                               1.50    2.23   -0.73 (VIOLATED)
_28525_/S                               1.50    2.23   -0.73 (VIOLATED)
_28527_/S                               1.50    2.23   -0.73 (VIOLATED)
_28529_/S                               1.50    2.23   -0.73 (VIOLATED)
_28531_/S                               1.50    2.23   -0.73 (VIOLATED)
_28533_/S                               1.50    2.23   -0.73 (VIOLATED)
_28535_/S                               1.50    2.23   -0.73 (VIOLATED)
_28537_/S                               1.50    2.23   -0.73 (VIOLATED)
_28539_/S                               1.50    2.23   -0.73 (VIOLATED)
_28541_/S                               1.50    2.23   -0.73 (VIOLATED)
_28543_/S                               1.50    2.23   -0.73 (VIOLATED)
_28545_/S                               1.50    2.23   -0.73 (VIOLATED)
_28549_/S                               1.50    2.23   -0.73 (VIOLATED)
_28553_/S                               1.50    2.23   -0.73 (VIOLATED)
_18231_/X                               1.51    2.23   -0.71 (VIOLATED)
_18496_/A1                              1.50    2.13   -0.63 (VIOLATED)
_18511_/A2                              1.50    2.13   -0.63 (VIOLATED)
_19846_/B                               1.50    2.13   -0.63 (VIOLATED)
_28555_/S                               1.50    2.13   -0.63 (VIOLATED)
_28557_/S                               1.50    2.13   -0.63 (VIOLATED)
_28559_/S                               1.50    2.13   -0.63 (VIOLATED)
_28561_/S                               1.50    2.13   -0.63 (VIOLATED)
_28563_/S                               1.50    2.13   -0.63 (VIOLATED)
_28565_/S                               1.50    2.13   -0.63 (VIOLATED)
_28567_/S                               1.50    2.13   -0.63 (VIOLATED)
_28569_/S                               1.50    2.13   -0.63 (VIOLATED)
_28571_/S                               1.50    2.13   -0.63 (VIOLATED)
_28573_/S                               1.50    2.13   -0.63 (VIOLATED)
_28575_/S                               1.50    2.13   -0.63 (VIOLATED)
_28577_/S                               1.50    2.13   -0.63 (VIOLATED)
_28579_/S                               1.50    2.13   -0.63 (VIOLATED)
_28581_/S                               1.50    2.13   -0.63 (VIOLATED)
_28583_/S                               1.50    2.13   -0.63 (VIOLATED)
_28585_/S                               1.50    2.13   -0.63 (VIOLATED)
_28587_/S                               1.50    2.13   -0.63 (VIOLATED)
_28589_/S                               1.50    2.13   -0.63 (VIOLATED)
_28591_/S                               1.50    2.13   -0.63 (VIOLATED)
_28593_/S                               1.50    2.13   -0.63 (VIOLATED)
_28595_/S                               1.50    2.13   -0.63 (VIOLATED)
_28597_/S                               1.50    2.13   -0.63 (VIOLATED)
_28599_/S                               1.50    2.13   -0.63 (VIOLATED)
_28601_/S                               1.50    2.13   -0.63 (VIOLATED)
_28603_/S                               1.50    2.13   -0.63 (VIOLATED)
_28605_/S                               1.50    2.13   -0.63 (VIOLATED)
_28607_/S                               1.50    2.13   -0.63 (VIOLATED)
_28609_/S                               1.50    2.13   -0.63 (VIOLATED)
_28611_/S                               1.50    2.13   -0.63 (VIOLATED)
_28613_/S                               1.50    2.13   -0.63 (VIOLATED)
_28615_/S                               1.50    2.13   -0.63 (VIOLATED)
_28617_/S                               1.50    2.13   -0.63 (VIOLATED)
_18291_/X                               1.51    2.13   -0.62 (VIOLATED)
_17698_/B2                              1.50    2.09   -0.59 (VIOLATED)
_17699_/B2                              1.50    2.09   -0.59 (VIOLATED)
_18488_/A                               1.50    2.09   -0.59 (VIOLATED)
_27612_/S                               1.50    2.09   -0.59 (VIOLATED)
_27613_/S                               1.50    2.09   -0.59 (VIOLATED)
_27614_/S                               1.50    2.09   -0.59 (VIOLATED)
_27615_/S                               1.50    2.09   -0.59 (VIOLATED)
_27616_/S                               1.50    2.09   -0.59 (VIOLATED)
_27617_/S                               1.50    2.09   -0.59 (VIOLATED)
_27618_/S                               1.50    2.09   -0.59 (VIOLATED)
_27619_/S                               1.50    2.09   -0.59 (VIOLATED)
_27620_/S                               1.50    2.09   -0.59 (VIOLATED)
_27621_/S                               1.50    2.09   -0.59 (VIOLATED)
_27622_/S                               1.50    2.09   -0.59 (VIOLATED)
_27623_/S                               1.50    2.09   -0.59 (VIOLATED)
_27624_/S                               1.50    2.09   -0.59 (VIOLATED)
_27625_/S                               1.50    2.09   -0.59 (VIOLATED)
_27626_/S                               1.50    2.09   -0.59 (VIOLATED)
_27627_/S                               1.50    2.09   -0.59 (VIOLATED)
_27628_/S                               1.50    2.09   -0.59 (VIOLATED)
_27629_/S                               1.50    2.09   -0.59 (VIOLATED)
_27630_/S                               1.50    2.09   -0.59 (VIOLATED)
_27631_/S                               1.50    2.09   -0.59 (VIOLATED)
_27632_/S                               1.50    2.09   -0.59 (VIOLATED)
_27633_/S                               1.50    2.09   -0.59 (VIOLATED)
_27634_/S                               1.50    2.09   -0.59 (VIOLATED)
_27635_/S                               1.50    2.09   -0.59 (VIOLATED)
_27636_/S                               1.50    2.09   -0.59 (VIOLATED)
_28462_/S                               1.50    2.09   -0.59 (VIOLATED)
_28463_/S                               1.50    2.09   -0.59 (VIOLATED)
_28464_/S                               1.50    2.09   -0.59 (VIOLATED)
_28465_/S                               1.50    2.09   -0.59 (VIOLATED)
_28466_/S                               1.50    2.09   -0.59 (VIOLATED)
_28467_/S                               1.50    2.09   -0.59 (VIOLATED)
_28468_/S                               1.50    2.09   -0.59 (VIOLATED)
_14592_/B                               1.50    2.08   -0.58 (VIOLATED)
_14595_/B                               1.50    2.08   -0.58 (VIOLATED)
_28154_/S                               1.50    2.08   -0.58 (VIOLATED)
_28158_/S                               1.50    2.08   -0.58 (VIOLATED)
_28162_/S                               1.50    2.08   -0.58 (VIOLATED)
_28166_/S                               1.50    2.08   -0.58 (VIOLATED)
_28170_/S                               1.50    2.08   -0.58 (VIOLATED)
_28174_/S                               1.50    2.08   -0.58 (VIOLATED)
_28178_/S                               1.50    2.08   -0.58 (VIOLATED)
_28182_/S                               1.50    2.08   -0.58 (VIOLATED)
_28186_/S                               1.50    2.08   -0.58 (VIOLATED)
_28190_/S                               1.50    2.08   -0.58 (VIOLATED)
_28194_/S                               1.50    2.08   -0.58 (VIOLATED)
_28198_/S                               1.50    2.08   -0.58 (VIOLATED)
_28202_/S                               1.50    2.08   -0.58 (VIOLATED)
_28206_/S                               1.50    2.08   -0.58 (VIOLATED)
_28210_/S                               1.50    2.08   -0.58 (VIOLATED)
_28214_/S                               1.50    2.08   -0.58 (VIOLATED)
_28218_/S                               1.50    2.08   -0.58 (VIOLATED)
_28224_/S                               1.50    2.08   -0.58 (VIOLATED)
_28230_/S                               1.50    2.08   -0.58 (VIOLATED)
_28236_/S                               1.50    2.08   -0.58 (VIOLATED)
_28242_/S                               1.50    2.08   -0.58 (VIOLATED)
_28248_/S                               1.50    2.08   -0.58 (VIOLATED)
_28254_/S                               1.50    2.08   -0.58 (VIOLATED)
_28260_/S                               1.50    2.08   -0.58 (VIOLATED)
_28266_/S                               1.50    2.08   -0.58 (VIOLATED)
_28272_/S                               1.50    2.08   -0.58 (VIOLATED)
_28278_/S                               1.50    2.08   -0.58 (VIOLATED)
_28284_/S                               1.50    2.08   -0.58 (VIOLATED)
_28290_/S                               1.50    2.08   -0.58 (VIOLATED)
_28296_/S                               1.50    2.08   -0.58 (VIOLATED)
_28302_/S                               1.50    2.08   -0.58 (VIOLATED)
_28308_/S                               1.50    2.08   -0.58 (VIOLATED)
_17695_/X                               1.51    2.09   -0.57 (VIOLATED)
_14589_/X                               1.51    2.08   -0.57 (VIOLATED)
_19183_/Y                               1.49    1.95   -0.45 (VIOLATED)
_19184_/B                               1.50    1.95   -0.45 (VIOLATED)
_19240_/B1                              1.50    1.95   -0.45 (VIOLATED)
_28151_/S                               1.50    1.95   -0.45 (VIOLATED)
_28382_/S                               1.50    1.95   -0.45 (VIOLATED)
_28383_/S                               1.50    1.95   -0.45 (VIOLATED)
_28384_/S                               1.50    1.95   -0.45 (VIOLATED)
_28385_/S                               1.50    1.95   -0.45 (VIOLATED)
_28386_/S                               1.50    1.95   -0.45 (VIOLATED)
_28387_/S                               1.50    1.95   -0.45 (VIOLATED)
_28388_/S                               1.50    1.95   -0.45 (VIOLATED)
_28389_/S                               1.50    1.95   -0.45 (VIOLATED)
_28390_/S                               1.50    1.95   -0.45 (VIOLATED)
_28391_/S                               1.50    1.95   -0.45 (VIOLATED)
_28392_/S                               1.50    1.95   -0.45 (VIOLATED)
_28393_/S                               1.50    1.95   -0.45 (VIOLATED)
_28394_/S                               1.50    1.95   -0.45 (VIOLATED)
_28395_/S                               1.50    1.95   -0.45 (VIOLATED)
_28396_/S                               1.50    1.95   -0.45 (VIOLATED)
_28397_/S                               1.50    1.95   -0.45 (VIOLATED)
_28398_/S                               1.50    1.95   -0.45 (VIOLATED)
_28399_/S                               1.50    1.95   -0.45 (VIOLATED)
_28400_/S                               1.50    1.95   -0.45 (VIOLATED)
_28401_/S                               1.50    1.95   -0.45 (VIOLATED)
_28402_/S                               1.50    1.95   -0.45 (VIOLATED)
_28403_/S                               1.50    1.95   -0.45 (VIOLATED)
_28404_/S                               1.50    1.95   -0.45 (VIOLATED)
_28405_/S                               1.50    1.95   -0.45 (VIOLATED)
_28406_/S                               1.50    1.95   -0.45 (VIOLATED)
_28407_/S                               1.50    1.95   -0.45 (VIOLATED)
_28408_/S                               1.50    1.95   -0.45 (VIOLATED)
_28409_/S                               1.50    1.95   -0.45 (VIOLATED)
_28410_/S                               1.50    1.95   -0.45 (VIOLATED)
_28411_/S                               1.50    1.95   -0.45 (VIOLATED)
_28412_/S                               1.50    1.95   -0.45 (VIOLATED)
_19827_/B                               1.50    1.93   -0.43 (VIOLATED)
_19832_/B                               1.50    1.93   -0.43 (VIOLATED)
_19837_/B                               1.50    1.93   -0.43 (VIOLATED)
_27529_/S                               1.50    1.93   -0.43 (VIOLATED)
_27531_/S                               1.50    1.93   -0.43 (VIOLATED)
_27533_/S                               1.50    1.93   -0.43 (VIOLATED)
_27535_/S                               1.50    1.93   -0.43 (VIOLATED)
_27537_/S                               1.50    1.93   -0.43 (VIOLATED)
_27539_/S                               1.50    1.93   -0.43 (VIOLATED)
_27541_/S                               1.50    1.93   -0.43 (VIOLATED)
_27543_/S                               1.50    1.93   -0.43 (VIOLATED)
_27545_/S                               1.50    1.93   -0.43 (VIOLATED)
_27547_/S                               1.50    1.93   -0.43 (VIOLATED)
_27549_/S                               1.50    1.93   -0.43 (VIOLATED)
_27551_/S                               1.50    1.93   -0.43 (VIOLATED)
_27553_/S                               1.50    1.93   -0.43 (VIOLATED)
_27555_/S                               1.50    1.93   -0.43 (VIOLATED)
_27557_/S                               1.50    1.93   -0.43 (VIOLATED)
_27559_/S                               1.50    1.93   -0.43 (VIOLATED)
_27561_/S                               1.50    1.93   -0.43 (VIOLATED)
_27563_/S                               1.50    1.93   -0.43 (VIOLATED)
_27565_/S                               1.50    1.93   -0.43 (VIOLATED)
_27567_/S                               1.50    1.93   -0.43 (VIOLATED)
_27569_/S                               1.50    1.93   -0.43 (VIOLATED)
_27571_/S                               1.50    1.93   -0.43 (VIOLATED)
_27573_/S                               1.50    1.93   -0.43 (VIOLATED)
_27575_/S                               1.50    1.93   -0.43 (VIOLATED)
_27577_/S                               1.50    1.93   -0.43 (VIOLATED)
_27579_/S                               1.50    1.93   -0.43 (VIOLATED)
_27581_/S                               1.50    1.93   -0.43 (VIOLATED)
_27583_/S                               1.50    1.93   -0.43 (VIOLATED)
_27585_/S                               1.50    1.93   -0.43 (VIOLATED)
_27587_/S                               1.50    1.93   -0.43 (VIOLATED)
_18498_/X                               1.51    1.93   -0.42 (VIOLATED)
_18378_/Y                               1.49    1.85   -0.36 (VIOLATED)
_18379_/D_N                             1.50    1.85   -0.35 (VIOLATED)
_28618_/S                               1.50    1.85   -0.35 (VIOLATED)
_28620_/S                               1.50    1.85   -0.35 (VIOLATED)
_28622_/S                               1.50    1.85   -0.35 (VIOLATED)
_28624_/S                               1.50    1.85   -0.35 (VIOLATED)
_28626_/S                               1.50    1.85   -0.35 (VIOLATED)
_28628_/S                               1.50    1.85   -0.35 (VIOLATED)
_28630_/S                               1.50    1.85   -0.35 (VIOLATED)
_28632_/S                               1.50    1.85   -0.35 (VIOLATED)
_28634_/S                               1.50    1.85   -0.35 (VIOLATED)
_28636_/S                               1.50    1.85   -0.35 (VIOLATED)
_28638_/S                               1.50    1.85   -0.35 (VIOLATED)
_28640_/S                               1.50    1.85   -0.35 (VIOLATED)
_28642_/S                               1.50    1.85   -0.35 (VIOLATED)
_28644_/S                               1.50    1.85   -0.35 (VIOLATED)
_28646_/S                               1.50    1.85   -0.35 (VIOLATED)
_28648_/S                               1.50    1.85   -0.35 (VIOLATED)
_28650_/S                               1.50    1.85   -0.35 (VIOLATED)
_28652_/S                               1.50    1.85   -0.35 (VIOLATED)
_28654_/S                               1.50    1.85   -0.35 (VIOLATED)
_28656_/S                               1.50    1.85   -0.35 (VIOLATED)
_28658_/S                               1.50    1.85   -0.35 (VIOLATED)
_28660_/S                               1.50    1.85   -0.35 (VIOLATED)
_28662_/S                               1.50    1.85   -0.35 (VIOLATED)
_28664_/S                               1.50    1.85   -0.35 (VIOLATED)
_28666_/S                               1.50    1.85   -0.35 (VIOLATED)
_28668_/S                               1.50    1.85   -0.35 (VIOLATED)
_28670_/S                               1.50    1.85   -0.35 (VIOLATED)
_28673_/S                               1.50    1.85   -0.35 (VIOLATED)
_28676_/S                               1.50    1.85   -0.35 (VIOLATED)
_28679_/S                               1.50    1.85   -0.35 (VIOLATED)
_28682_/S                               1.50    1.85   -0.35 (VIOLATED)
_28685_/S                               1.50    1.85   -0.35 (VIOLATED)
_16094_/A                               1.50    1.83   -0.33 (VIOLATED)
_20962_/B                               1.50    1.83   -0.33 (VIOLATED)
_27519_/A                               1.50    1.83   -0.33 (VIOLATED)
_27830_/S                               1.50    1.83   -0.33 (VIOLATED)
_27835_/S                               1.50    1.83   -0.33 (VIOLATED)
_27840_/S                               1.50    1.83   -0.33 (VIOLATED)
_27845_/S                               1.50    1.83   -0.33 (VIOLATED)
_27991_/S                               1.50    1.83   -0.33 (VIOLATED)
_27992_/S                               1.50    1.83   -0.33 (VIOLATED)
_27994_/S                               1.50    1.83   -0.33 (VIOLATED)
_27995_/S                               1.50    1.83   -0.33 (VIOLATED)
_27998_/S                               1.50    1.83   -0.33 (VIOLATED)
_27999_/S                               1.50    1.83   -0.33 (VIOLATED)
_28001_/S                               1.50    1.83   -0.33 (VIOLATED)
_28002_/S                               1.50    1.83   -0.33 (VIOLATED)
_28005_/S                               1.50    1.83   -0.33 (VIOLATED)
_28006_/S                               1.50    1.83   -0.33 (VIOLATED)
_28008_/S                               1.50    1.83   -0.33 (VIOLATED)
_28009_/S                               1.50    1.83   -0.33 (VIOLATED)
_28011_/S                               1.50    1.83   -0.33 (VIOLATED)
_28012_/S                               1.50    1.83   -0.33 (VIOLATED)
_28013_/S                               1.50    1.83   -0.33 (VIOLATED)
_28017_/S                               1.50    1.83   -0.33 (VIOLATED)
_28018_/S                               1.50    1.83   -0.33 (VIOLATED)
_28020_/S                               1.50    1.83   -0.33 (VIOLATED)
_28021_/S                               1.50    1.83   -0.33 (VIOLATED)
_28024_/S                               1.50    1.83   -0.33 (VIOLATED)
_28025_/S                               1.50    1.83   -0.33 (VIOLATED)
_28027_/S                               1.50    1.83   -0.33 (VIOLATED)
_28028_/S                               1.50    1.83   -0.33 (VIOLATED)
_28031_/S                               1.50    1.83   -0.33 (VIOLATED)
_28032_/S                               1.50    1.83   -0.33 (VIOLATED)
_28034_/S                               1.50    1.83   -0.33 (VIOLATED)
_28035_/S                               1.50    1.83   -0.33 (VIOLATED)
_28037_/S                               1.50    1.83   -0.33 (VIOLATED)
_28038_/S                               1.50    1.83   -0.33 (VIOLATED)
_28039_/S                               1.50    1.83   -0.33 (VIOLATED)
_28040_/S                               1.50    1.83   -0.33 (VIOLATED)
_28041_/S                               1.50    1.83   -0.33 (VIOLATED)
_28043_/S                               1.50    1.83   -0.33 (VIOLATED)
_28045_/S                               1.50    1.83   -0.33 (VIOLATED)
_28047_/S                               1.50    1.83   -0.33 (VIOLATED)
_28049_/S                               1.50    1.83   -0.33 (VIOLATED)
_28053_/S                               1.50    1.83   -0.33 (VIOLATED)
_28058_/S                               1.50    1.83   -0.33 (VIOLATED)
_28063_/S                               1.50    1.83   -0.33 (VIOLATED)
_28068_/S                               1.50    1.83   -0.33 (VIOLATED)
_28076_/S                               1.50    1.83   -0.33 (VIOLATED)
_28084_/S                               1.50    1.83   -0.33 (VIOLATED)
_28088_/S                               1.50    1.83   -0.33 (VIOLATED)
_28089_/S                               1.50    1.83   -0.33 (VIOLATED)
_28091_/S                               1.50    1.83   -0.33 (VIOLATED)
_28092_/S                               1.50    1.83   -0.33 (VIOLATED)
_28095_/S                               1.50    1.83   -0.33 (VIOLATED)
_28096_/S                               1.50    1.83   -0.33 (VIOLATED)
_28098_/S                               1.50    1.83   -0.33 (VIOLATED)
_28099_/S                               1.50    1.83   -0.33 (VIOLATED)
_28100_/S                               1.50    1.83   -0.33 (VIOLATED)
_28103_/S                               1.50    1.83   -0.33 (VIOLATED)
_28104_/S                               1.50    1.83   -0.33 (VIOLATED)
_28106_/S                               1.50    1.83   -0.33 (VIOLATED)
_28107_/S                               1.50    1.83   -0.33 (VIOLATED)
_28110_/S                               1.50    1.83   -0.33 (VIOLATED)
_28111_/S                               1.50    1.83   -0.33 (VIOLATED)
_28113_/S                               1.50    1.83   -0.33 (VIOLATED)
_28114_/S                               1.50    1.83   -0.33 (VIOLATED)
_30144_/Q                               1.51    1.83   -0.32 (VIOLATED)
_17995_/Y                               1.49    1.82   -0.32 (VIOLATED)
_16088_/A                               1.50    1.82   -0.32 (VIOLATED)
_18461_/A                               1.50    1.82   -0.32 (VIOLATED)
_18462_/A1                              1.50    1.82   -0.32 (VIOLATED)
_20968_/A                               1.50    1.82   -0.32 (VIOLATED)
_27521_/A                               1.50    1.82   -0.32 (VIOLATED)
_27810_/S                               1.50    1.82   -0.32 (VIOLATED)
_27813_/S                               1.50    1.82   -0.32 (VIOLATED)
_27816_/S                               1.50    1.82   -0.32 (VIOLATED)
_27819_/S                               1.50    1.82   -0.32 (VIOLATED)
_27823_/S                               1.50    1.82   -0.32 (VIOLATED)
_27827_/S                               1.50    1.82   -0.32 (VIOLATED)
_27832_/S                               1.50    1.82   -0.32 (VIOLATED)
_27837_/S                               1.50    1.82   -0.32 (VIOLATED)
_27842_/S                               1.50    1.82   -0.32 (VIOLATED)
_27847_/S                               1.50    1.82   -0.32 (VIOLATED)
_27851_/S                               1.50    1.82   -0.32 (VIOLATED)
_27855_/S                               1.50    1.82   -0.32 (VIOLATED)
_27858_/S                               1.50    1.82   -0.32 (VIOLATED)
_27861_/S                               1.50    1.82   -0.32 (VIOLATED)
_27864_/S                               1.50    1.82   -0.32 (VIOLATED)
_27867_/S                               1.50    1.82   -0.32 (VIOLATED)
_27951_/S                               1.50    1.82   -0.32 (VIOLATED)
_27952_/S                               1.50    1.82   -0.32 (VIOLATED)
_27953_/S                               1.50    1.82   -0.32 (VIOLATED)
_27955_/S                               1.50    1.82   -0.32 (VIOLATED)
_27956_/S                               1.50    1.82   -0.32 (VIOLATED)
_27957_/S                               1.50    1.82   -0.32 (VIOLATED)
_27959_/S                               1.50    1.82   -0.32 (VIOLATED)
_27960_/S                               1.50    1.82   -0.32 (VIOLATED)
_27961_/S                               1.50    1.82   -0.32 (VIOLATED)
_27963_/S                               1.50    1.82   -0.32 (VIOLATED)
_27964_/S                               1.50    1.82   -0.32 (VIOLATED)
_27965_/S                               1.50    1.82   -0.32 (VIOLATED)
_27967_/S                               1.50    1.82   -0.32 (VIOLATED)
_27970_/S                               1.50    1.82   -0.32 (VIOLATED)
_27973_/S                               1.50    1.82   -0.32 (VIOLATED)
_27978_/S                               1.50    1.82   -0.32 (VIOLATED)
_27981_/S                               1.50    1.82   -0.32 (VIOLATED)
_27984_/S                               1.50    1.82   -0.32 (VIOLATED)
_27989_/S                               1.50    1.82   -0.32 (VIOLATED)
_27996_/S                               1.50    1.82   -0.32 (VIOLATED)
_28003_/S                               1.50    1.82   -0.32 (VIOLATED)
_28015_/S                               1.50    1.82   -0.32 (VIOLATED)
_28022_/S                               1.50    1.82   -0.32 (VIOLATED)
_28029_/S                               1.50    1.82   -0.32 (VIOLATED)
_28050_/S                               1.50    1.82   -0.32 (VIOLATED)
_28051_/S                               1.50    1.82   -0.32 (VIOLATED)
_28054_/S                               1.50    1.82   -0.32 (VIOLATED)
_28055_/S                               1.50    1.82   -0.32 (VIOLATED)
_28056_/S                               1.50    1.82   -0.32 (VIOLATED)
_28059_/S                               1.50    1.82   -0.32 (VIOLATED)
_28060_/S                               1.50    1.82   -0.32 (VIOLATED)
_28061_/S                               1.50    1.82   -0.32 (VIOLATED)
_28064_/S                               1.50    1.82   -0.32 (VIOLATED)
_28065_/S                               1.50    1.82   -0.32 (VIOLATED)
_28066_/S                               1.50    1.82   -0.32 (VIOLATED)
_28069_/S                               1.50    1.82   -0.32 (VIOLATED)
_28070_/S                               1.50    1.82   -0.32 (VIOLATED)
_28073_/S                               1.50    1.82   -0.32 (VIOLATED)
_28078_/S                               1.50    1.82   -0.32 (VIOLATED)
_28081_/S                               1.50    1.82   -0.32 (VIOLATED)
_28086_/S                               1.50    1.82   -0.32 (VIOLATED)
_28093_/S                               1.50    1.82   -0.32 (VIOLATED)
_28101_/S                               1.50    1.82   -0.32 (VIOLATED)
_28108_/S                               1.50    1.82   -0.32 (VIOLATED)
_17998_/A1                              1.50    1.82   -0.32 (VIOLATED)
_27764_/S                               1.50    1.82   -0.32 (VIOLATED)
_27765_/S                               1.50    1.82   -0.32 (VIOLATED)
_27766_/S                               1.50    1.82   -0.32 (VIOLATED)
_27767_/S                               1.50    1.82   -0.32 (VIOLATED)
_27768_/S                               1.50    1.82   -0.32 (VIOLATED)
_27769_/S                               1.50    1.82   -0.32 (VIOLATED)
_27770_/S                               1.50    1.82   -0.32 (VIOLATED)
_27771_/S                               1.50    1.82   -0.32 (VIOLATED)
_27772_/S                               1.50    1.82   -0.32 (VIOLATED)
_27773_/S                               1.50    1.82   -0.32 (VIOLATED)
_27774_/S                               1.50    1.82   -0.32 (VIOLATED)
_27775_/S                               1.50    1.82   -0.32 (VIOLATED)
_27776_/S                               1.50    1.82   -0.32 (VIOLATED)
_27777_/S                               1.50    1.82   -0.32 (VIOLATED)
_27778_/S                               1.50    1.82   -0.32 (VIOLATED)
_27779_/S                               1.50    1.82   -0.32 (VIOLATED)
_27780_/S                               1.50    1.82   -0.32 (VIOLATED)
_27781_/S                               1.50    1.82   -0.32 (VIOLATED)
_27782_/S                               1.50    1.82   -0.32 (VIOLATED)
_27783_/S                               1.50    1.82   -0.32 (VIOLATED)
_27784_/S                               1.50    1.82   -0.32 (VIOLATED)
_27785_/S                               1.50    1.82   -0.32 (VIOLATED)
_27786_/S                               1.50    1.82   -0.32 (VIOLATED)
_27787_/S                               1.50    1.82   -0.32 (VIOLATED)
_27788_/S                               1.50    1.82   -0.32 (VIOLATED)
_27789_/S                               1.50    1.82   -0.32 (VIOLATED)
_27790_/S                               1.50    1.82   -0.32 (VIOLATED)
_27791_/S                               1.50    1.82   -0.32 (VIOLATED)
_27792_/S                               1.50    1.82   -0.32 (VIOLATED)
_27793_/S                               1.50    1.82   -0.32 (VIOLATED)
_28375_/S                               1.50    1.82   -0.32 (VIOLATED)
_30146_/Q                               1.51    1.82   -0.32 (VIOLATED)
_16091_/A                               1.50    1.80   -0.30 (VIOLATED)
_20962_/A                               1.50    1.80   -0.30 (VIOLATED)
_27520_/A                               1.50    1.80   -0.30 (VIOLATED)
_27822_/S                               1.50    1.80   -0.30 (VIOLATED)
_27826_/S                               1.50    1.80   -0.30 (VIOLATED)
_27831_/S                               1.50    1.80   -0.30 (VIOLATED)
_27836_/S                               1.50    1.80   -0.30 (VIOLATED)
_27841_/S                               1.50    1.80   -0.30 (VIOLATED)
_27846_/S                               1.50    1.80   -0.30 (VIOLATED)
_27850_/S                               1.50    1.80   -0.30 (VIOLATED)
_27854_/S                               1.50    1.80   -0.30 (VIOLATED)
_27968_/S                               1.50    1.80   -0.30 (VIOLATED)
_27969_/S                               1.50    1.80   -0.30 (VIOLATED)
_27971_/S                               1.50    1.80   -0.30 (VIOLATED)
_27972_/S                               1.50    1.80   -0.30 (VIOLATED)
_27974_/S                               1.50    1.80   -0.30 (VIOLATED)
_27975_/S                               1.50    1.80   -0.30 (VIOLATED)
_27976_/S                               1.50    1.80   -0.30 (VIOLATED)
_27979_/S                               1.50    1.80   -0.30 (VIOLATED)
_27980_/S                               1.50    1.80   -0.30 (VIOLATED)
_27982_/S                               1.50    1.80   -0.30 (VIOLATED)
_27983_/S                               1.50    1.80   -0.30 (VIOLATED)
_27985_/S                               1.50    1.80   -0.30 (VIOLATED)
_27986_/S                               1.50    1.80   -0.30 (VIOLATED)
_27987_/S                               1.50    1.80   -0.30 (VIOLATED)
_27990_/S                               1.50    1.80   -0.30 (VIOLATED)
_27993_/S                               1.50    1.80   -0.30 (VIOLATED)
_27997_/S                               1.50    1.80   -0.30 (VIOLATED)
_28000_/S                               1.50    1.80   -0.30 (VIOLATED)
_28004_/S                               1.50    1.80   -0.30 (VIOLATED)
_28007_/S                               1.50    1.80   -0.30 (VIOLATED)
_28010_/S                               1.50    1.80   -0.30 (VIOLATED)
_28016_/S                               1.50    1.80   -0.30 (VIOLATED)
_28019_/S                               1.50    1.80   -0.30 (VIOLATED)
_28023_/S                               1.50    1.80   -0.30 (VIOLATED)
_28026_/S                               1.50    1.80   -0.30 (VIOLATED)
_28030_/S                               1.50    1.80   -0.30 (VIOLATED)
_28033_/S                               1.50    1.80   -0.30 (VIOLATED)
_28036_/S                               1.50    1.80   -0.30 (VIOLATED)
_28042_/S                               1.50    1.80   -0.30 (VIOLATED)
_28044_/S                               1.50    1.80   -0.30 (VIOLATED)
_28046_/S                               1.50    1.80   -0.30 (VIOLATED)
_28048_/S                               1.50    1.80   -0.30 (VIOLATED)
_28052_/S                               1.50    1.80   -0.30 (VIOLATED)
_28057_/S                               1.50    1.80   -0.30 (VIOLATED)
_28062_/S                               1.50    1.80   -0.30 (VIOLATED)
_28067_/S                               1.50    1.80   -0.30 (VIOLATED)
_28071_/S                               1.50    1.80   -0.30 (VIOLATED)
_28072_/S                               1.50    1.80   -0.30 (VIOLATED)
_28074_/S                               1.50    1.80   -0.30 (VIOLATED)
_28075_/S                               1.50    1.80   -0.30 (VIOLATED)
_28077_/S                               1.50    1.80   -0.30 (VIOLATED)
_28079_/S                               1.50    1.80   -0.30 (VIOLATED)
_28080_/S                               1.50    1.80   -0.30 (VIOLATED)
_28082_/S                               1.50    1.80   -0.30 (VIOLATED)
_28083_/S                               1.50    1.80   -0.30 (VIOLATED)
_28085_/S                               1.50    1.80   -0.30 (VIOLATED)
_28087_/S                               1.50    1.80   -0.30 (VIOLATED)
_28090_/S                               1.50    1.80   -0.30 (VIOLATED)
_28094_/S                               1.50    1.80   -0.30 (VIOLATED)
_28097_/S                               1.50    1.80   -0.30 (VIOLATED)
_28102_/S                               1.50    1.80   -0.30 (VIOLATED)
_28105_/S                               1.50    1.80   -0.30 (VIOLATED)
_28109_/S                               1.50    1.80   -0.30 (VIOLATED)
_28112_/S                               1.50    1.80   -0.30 (VIOLATED)
_30145_/Q                               1.51    1.80   -0.30 (VIOLATED)
_14672_/B                               1.50    1.74   -0.24 (VIOLATED)
_28756_/S0                              1.50    1.74   -0.24 (VIOLATED)
_28762_/S0                              1.50    1.74   -0.24 (VIOLATED)
_28768_/S0                              1.50    1.74   -0.24 (VIOLATED)
_28774_/S0                              1.50    1.74   -0.24 (VIOLATED)
_28780_/S0                              1.50    1.74   -0.24 (VIOLATED)
_28786_/S0                              1.50    1.74   -0.24 (VIOLATED)
_28792_/S0                              1.50    1.74   -0.24 (VIOLATED)
_28798_/S0                              1.50    1.74   -0.24 (VIOLATED)
_28804_/S0                              1.50    1.74   -0.24 (VIOLATED)
_28810_/S0                              1.50    1.74   -0.24 (VIOLATED)
_28816_/S0                              1.50    1.74   -0.24 (VIOLATED)
_28822_/S0                              1.50    1.74   -0.24 (VIOLATED)
_28828_/S0                              1.50    1.74   -0.24 (VIOLATED)
_28834_/S0                              1.50    1.74   -0.24 (VIOLATED)
_28840_/S0                              1.50    1.74   -0.24 (VIOLATED)
_28846_/S0                              1.50    1.74   -0.24 (VIOLATED)
_28852_/S0                              1.50    1.74   -0.24 (VIOLATED)
_28858_/S0                              1.50    1.74   -0.24 (VIOLATED)
_28864_/S0                              1.50    1.74   -0.24 (VIOLATED)
_28870_/S0                              1.50    1.74   -0.24 (VIOLATED)
_28876_/S0                              1.50    1.74   -0.24 (VIOLATED)
_28882_/S0                              1.50    1.74   -0.24 (VIOLATED)
_28888_/S0                              1.50    1.74   -0.24 (VIOLATED)
_28894_/S0                              1.50    1.74   -0.24 (VIOLATED)
_28900_/S0                              1.50    1.74   -0.24 (VIOLATED)
_28906_/S0                              1.50    1.74   -0.24 (VIOLATED)
_28912_/S0                              1.50    1.74   -0.24 (VIOLATED)
_28918_/S0                              1.50    1.74   -0.24 (VIOLATED)
_28924_/S0                              1.50    1.74   -0.24 (VIOLATED)
_28930_/S0                              1.50    1.74   -0.24 (VIOLATED)
_28936_/S0                              1.50    1.74   -0.24 (VIOLATED)
_28942_/S0                              1.50    1.74   -0.24 (VIOLATED)
_28447_/X                               1.51    1.74   -0.23 (VIOLATED)
_16084_/A                               1.50    1.68   -0.18 (VIOLATED)
_18454_/A                               1.50    1.68   -0.18 (VIOLATED)
_20974_/A                               1.50    1.68   -0.18 (VIOLATED)
_27522_/A                               1.50    1.68   -0.18 (VIOLATED)
_27794_/S                               1.50    1.68   -0.18 (VIOLATED)
_27796_/S                               1.50    1.68   -0.18 (VIOLATED)
_27798_/S                               1.50    1.68   -0.18 (VIOLATED)
_27800_/S                               1.50    1.68   -0.18 (VIOLATED)
_27802_/S                               1.50    1.68   -0.18 (VIOLATED)
_27804_/S                               1.50    1.68   -0.18 (VIOLATED)
_27806_/S                               1.50    1.68   -0.18 (VIOLATED)
_27808_/S                               1.50    1.68   -0.18 (VIOLATED)
_27811_/S                               1.50    1.68   -0.18 (VIOLATED)
_27814_/S                               1.50    1.68   -0.18 (VIOLATED)
_27817_/S                               1.50    1.68   -0.18 (VIOLATED)
_27820_/S                               1.50    1.68   -0.18 (VIOLATED)
_27824_/S                               1.50    1.68   -0.18 (VIOLATED)
_27828_/S                               1.50    1.68   -0.18 (VIOLATED)
_27833_/S                               1.50    1.68   -0.18 (VIOLATED)
_27838_/S                               1.50    1.68   -0.18 (VIOLATED)
_27843_/S                               1.50    1.68   -0.18 (VIOLATED)
_27848_/S                               1.50    1.68   -0.18 (VIOLATED)
_27852_/S                               1.50    1.68   -0.18 (VIOLATED)
_27856_/S                               1.50    1.68   -0.18 (VIOLATED)
_27859_/S                               1.50    1.68   -0.18 (VIOLATED)
_27862_/S                               1.50    1.68   -0.18 (VIOLATED)
_27865_/S                               1.50    1.68   -0.18 (VIOLATED)
_27868_/S                               1.50    1.68   -0.18 (VIOLATED)
_27870_/S                               1.50    1.68   -0.18 (VIOLATED)
_27872_/S                               1.50    1.68   -0.18 (VIOLATED)
_27874_/S                               1.50    1.68   -0.18 (VIOLATED)
_27876_/S                               1.50    1.68   -0.18 (VIOLATED)
_27878_/S                               1.50    1.68   -0.18 (VIOLATED)
_27880_/S                               1.50    1.68   -0.18 (VIOLATED)
_27882_/S                               1.50    1.68   -0.18 (VIOLATED)
_27884_/S                               1.50    1.68   -0.18 (VIOLATED)
_27942_/S                               1.50    1.68   -0.18 (VIOLATED)
_27943_/S                               1.50    1.68   -0.18 (VIOLATED)
_27944_/S                               1.50    1.68   -0.18 (VIOLATED)
_27945_/S                               1.50    1.68   -0.18 (VIOLATED)
_27946_/S                               1.50    1.68   -0.18 (VIOLATED)
_27947_/S                               1.50    1.68   -0.18 (VIOLATED)
_27948_/S                               1.50    1.68   -0.18 (VIOLATED)
_27949_/S                               1.50    1.68   -0.18 (VIOLATED)
_27950_/S                               1.50    1.68   -0.18 (VIOLATED)
_27954_/S                               1.50    1.68   -0.18 (VIOLATED)
_27958_/S                               1.50    1.68   -0.18 (VIOLATED)
_27962_/S                               1.50    1.68   -0.18 (VIOLATED)
_27966_/S                               1.50    1.68   -0.18 (VIOLATED)
_27977_/S                               1.50    1.68   -0.18 (VIOLATED)
_27988_/S                               1.50    1.68   -0.18 (VIOLATED)
_28014_/S                               1.50    1.68   -0.18 (VIOLATED)
_28476_/S                               1.50    1.68   -0.18 (VIOLATED)
_28477_/S                               1.50    1.68   -0.18 (VIOLATED)
_28478_/S                               1.50    1.68   -0.18 (VIOLATED)
_28479_/S                               1.50    1.68   -0.18 (VIOLATED)
_28480_/S                               1.50    1.68   -0.18 (VIOLATED)
_28481_/S                               1.50    1.68   -0.18 (VIOLATED)
_28482_/S                               1.50    1.68   -0.18 (VIOLATED)
_28483_/S                               1.50    1.68   -0.18 (VIOLATED)
_30147_/Q                               1.51    1.68   -0.18 (VIOLATED)
_28943_/S0                              1.50    1.56   -0.06 (VIOLATED)
_28944_/S0                              1.50    1.56   -0.06 (VIOLATED)
_28945_/S0                              1.50    1.56   -0.06 (VIOLATED)
_28946_/S0                              1.50    1.56   -0.06 (VIOLATED)
_28947_/S0                              1.50    1.56   -0.06 (VIOLATED)
_28948_/S0                              1.50    1.56   -0.06 (VIOLATED)
_28949_/S0                              1.50    1.56   -0.06 (VIOLATED)
_28950_/S0                              1.50    1.56   -0.06 (VIOLATED)
_28951_/S0                              1.50    1.56   -0.06 (VIOLATED)
_28952_/S0                              1.50    1.56   -0.06 (VIOLATED)
_28953_/S0                              1.50    1.56   -0.06 (VIOLATED)
_28954_/S0                              1.50    1.56   -0.06 (VIOLATED)
_28955_/S0                              1.50    1.56   -0.06 (VIOLATED)
_28956_/S0                              1.50    1.56   -0.06 (VIOLATED)
_28957_/S0                              1.50    1.56   -0.06 (VIOLATED)
_28958_/S0                              1.50    1.56   -0.06 (VIOLATED)
_28959_/S0                              1.50    1.56   -0.06 (VIOLATED)
_28960_/S0                              1.50    1.56   -0.06 (VIOLATED)
_28961_/S0                              1.50    1.56   -0.06 (VIOLATED)
_28962_/S0                              1.50    1.56   -0.06 (VIOLATED)
_28963_/S0                              1.50    1.56   -0.06 (VIOLATED)
_28964_/S0                              1.50    1.56   -0.06 (VIOLATED)
_28965_/S0                              1.50    1.56   -0.06 (VIOLATED)
_28966_/S0                              1.50    1.56   -0.06 (VIOLATED)
_28967_/S0                              1.50    1.56   -0.06 (VIOLATED)
_28968_/S0                              1.50    1.56   -0.06 (VIOLATED)
_28969_/S0                              1.50    1.56   -0.06 (VIOLATED)
_28970_/S0                              1.50    1.56   -0.06 (VIOLATED)
_28971_/S0                              1.50    1.56   -0.06 (VIOLATED)
_27527_/X                               1.51    1.56   -0.05 (VIOLATED)
_14672_/C_N                             1.50    1.50   -0.00 (VIOLATED)
_28413_/S                               1.50    1.50   -0.00 (VIOLATED)
_28414_/S                               1.50    1.50   -0.00 (VIOLATED)
_28415_/S                               1.50    1.50   -0.00 (VIOLATED)
_28416_/S                               1.50    1.50   -0.00 (VIOLATED)
_28417_/S                               1.50    1.50   -0.00 (VIOLATED)
_28418_/S                               1.50    1.50   -0.00 (VIOLATED)
_28419_/S                               1.50    1.50   -0.00 (VIOLATED)
_28420_/S                               1.50    1.50   -0.00 (VIOLATED)
_28421_/S                               1.50    1.50   -0.00 (VIOLATED)
_28422_/S                               1.50    1.50   -0.00 (VIOLATED)
_28423_/S                               1.50    1.50   -0.00 (VIOLATED)
_28424_/S                               1.50    1.50   -0.00 (VIOLATED)
_28425_/S                               1.50    1.50   -0.00 (VIOLATED)
_28426_/S                               1.50    1.50   -0.00 (VIOLATED)
_28427_/S                               1.50    1.50   -0.00 (VIOLATED)
_28428_/S                               1.50    1.50   -0.00 (VIOLATED)
_28429_/S                               1.50    1.50   -0.00 (VIOLATED)
_28430_/S                               1.50    1.50   -0.00 (VIOLATED)
_28431_/S                               1.50    1.50   -0.00 (VIOLATED)
_28432_/S                               1.50    1.50   -0.00 (VIOLATED)
_28433_/S                               1.50    1.50   -0.00 (VIOLATED)
_28434_/S                               1.50    1.50   -0.00 (VIOLATED)
_28435_/S                               1.50    1.50   -0.00 (VIOLATED)
_28436_/S                               1.50    1.50   -0.00 (VIOLATED)
_28437_/S                               1.50    1.50   -0.00 (VIOLATED)
_28438_/S                               1.50    1.50   -0.00 (VIOLATED)
_28439_/S                               1.50    1.50   -0.00 (VIOLATED)
_28440_/S                               1.50    1.50   -0.00 (VIOLATED)
_28441_/S                               1.50    1.50   -0.00 (VIOLATED)
_28442_/S                               1.50    1.50   -0.00 (VIOLATED)
_28443_/S                               1.50    1.50   -0.00 (VIOLATED)
_28444_/S                               1.50    1.50   -0.00 (VIOLATED)

max capacitance

Pin                                    Limit     Cap   Slack
------------------------------------------------------------
_28449_/X                               0.23    0.63   -0.39 (VIOLATED)
_28448_/X                               0.23    0.42   -0.19 (VIOLATED)

