Startpoint: _29347_ (rising edge-triggered flip-flop clocked by clk)
Endpoint: _29347_ (rising edge-triggered flip-flop clocked by clk)
Path Group: clk
Path Type: min

Fanout     Cap    Slew   Delay    Time   Description
-----------------------------------------------------------------------------
                  0.00    0.00    0.00   clock clk (rise edge)
                          0.00    0.00   clock network delay (ideal)
                  0.00    0.00    0.00 ^ _29347_/CLK (sky130_fd_sc_hd__dfxtp_2)
                  0.03    0.18    0.18 ^ _29347_/Q (sky130_fd_sc_hd__dfxtp_2)
     2    0.00                           cpuregs[0][0] (net)
                  0.03    0.00    0.18 ^ _17885_/A (sky130_fd_sc_hd__buf_1)
                  0.02    0.04    0.23 ^ _17885_/X (sky130_fd_sc_hd__buf_1)
     1    0.00                           _02835_ (net)
                  0.02    0.00    0.23 ^ _29347_/D (sky130_fd_sc_hd__dfxtp_2)
                                  0.23   data arrival time

                  0.00    0.00    0.00   clock clk (rise edge)
                          0.00    0.00   clock network delay (ideal)
                          0.00    0.00   clock reconvergence pessimism
                                  0.00 ^ _29347_/CLK (sky130_fd_sc_hd__dfxtp_2)
                         -0.02   -0.02   library hold time
                                 -0.02   data required time
-----------------------------------------------------------------------------
                                 -0.02   data required time
                                 -0.23   data arrival time
-----------------------------------------------------------------------------
                                  0.24   slack (MET)


Startpoint: _29052_ (rising edge-triggered flip-flop clocked by clk)
Endpoint: _30440_ (rising edge-triggered flip-flop clocked by clk)
Path Group: clk
Path Type: max

Fanout     Cap    Slew   Delay    Time   Description
-----------------------------------------------------------------------------
                  0.00    0.00    0.00   clock clk (rise edge)
                          0.00    0.00   clock network delay (ideal)
                  0.00    0.00    0.00 ^ _29052_/CLK (sky130_fd_sc_hd__dfxtp_2)
                  0.06    0.58    0.58 v _29052_/Q (sky130_fd_sc_hd__dfxtp_2)
     4    0.01                           irq_pending[3] (net)
                  0.06    0.00    0.58 v _14460_/A (sky130_vsdinv)
                  0.19    0.17    0.75 ^ _14460_/Y (sky130_vsdinv)
     3    0.01                           _11622_ (net)
                  0.19    0.00    0.75 ^ _14461_/B2 (sky130_fd_sc_hd__o22ai_2)
                  0.09    0.14    0.89 v _14461_/Y (sky130_fd_sc_hd__o22ai_2)
     1    0.00                           _11623_ (net)
                  0.09    0.00    0.89 v _14462_/C1 (sky130_fd_sc_hd__a221o_2)
                  0.08    0.55    1.44 v _14462_/X (sky130_fd_sc_hd__a221o_2)
     1    0.00                           _11624_ (net)
                  0.08    0.00    1.44 v _14481_/A (sky130_fd_sc_hd__or4_2)
                  0.21    1.53    2.97 v _14481_/X (sky130_fd_sc_hd__or4_2)
     1    0.00                           _11643_ (net)
                  0.21    0.00    2.97 v _14509_/A1 (sky130_fd_sc_hd__o2111a_2)
                  0.07    0.54    3.51 v _14509_/X (sky130_fd_sc_hd__o2111a_2)
     2    0.00                           _11671_ (net)
                  0.07    0.00    3.51 v _14510_/C (sky130_fd_sc_hd__or3_2)
                  0.21    1.04    4.55 v _14510_/X (sky130_fd_sc_hd__or3_2)
     4    0.01                           _11672_ (net)
                  0.21    0.00    4.55 v _14513_/A (sky130_fd_sc_hd__or2_2)
                  0.11    0.71    5.26 v _14513_/X (sky130_fd_sc_hd__or2_2)
     2    0.00                           _11674_ (net)
                  0.11    0.00    5.26 v _14514_/C (sky130_fd_sc_hd__or3_2)
                  0.20    1.03    6.29 v _14514_/X (sky130_fd_sc_hd__or3_2)
     4    0.01                           _11675_ (net)
                  0.20    0.00    6.29 v _15166_/B (sky130_fd_sc_hd__or2_2)
                  0.11    0.67    6.96 v _15166_/X (sky130_fd_sc_hd__or2_2)
     2    0.00                           _12148_ (net)
                  0.11    0.00    6.96 v _15167_/C (sky130_fd_sc_hd__or3_2)
                  0.17    0.98    7.94 v _15167_/X (sky130_fd_sc_hd__or3_2)
     2    0.00                           _12149_ (net)
                  0.17    0.00    7.94 v _15168_/B (sky130_fd_sc_hd__or2_2)
                  0.14    0.70    8.65 v _15168_/X (sky130_fd_sc_hd__or2_2)
     3    0.01                           _12150_ (net)
                  0.14    0.00    8.65 v _15169_/B (sky130_fd_sc_hd__or2_2)
                  0.12    0.65    9.29 v _15169_/X (sky130_fd_sc_hd__or2_2)
     2    0.00                           _12151_ (net)
                  0.12    0.00    9.29 v _15170_/B (sky130_fd_sc_hd__or2_2)
                  0.14    0.68    9.98 v _15170_/X (sky130_fd_sc_hd__or2_2)
     3    0.01                           _12152_ (net)
                  0.14    0.00    9.98 v _15171_/B (sky130_fd_sc_hd__or2_2)
                  0.12    0.65   10.63 v _15171_/X (sky130_fd_sc_hd__or2_2)
     2    0.00                           _12153_ (net)
                  0.12    0.00   10.63 v _15172_/B (sky130_fd_sc_hd__or2_2)
                  0.14    0.68   11.31 v _15172_/X (sky130_fd_sc_hd__or2_2)
     3    0.01                           _12154_ (net)
                  0.14    0.00   11.31 v _15173_/B (sky130_fd_sc_hd__or2_2)
                  0.12    0.65   11.96 v _15173_/X (sky130_fd_sc_hd__or2_2)
     2    0.00                           _12155_ (net)
                  0.12    0.00   11.96 v _15174_/B (sky130_fd_sc_hd__or2_2)
                  0.14    0.68   12.64 v _15174_/X (sky130_fd_sc_hd__or2_2)
     3    0.01                           _12156_ (net)
                  0.14    0.00   12.64 v _15175_/B (sky130_fd_sc_hd__or2_2)
                  0.12    0.65   13.29 v _15175_/X (sky130_fd_sc_hd__or2_2)
     2    0.00                           _12157_ (net)
                  0.12    0.00   13.29 v _15176_/B (sky130_fd_sc_hd__or2_2)
                  0.14    0.68   13.97 v _15176_/X (sky130_fd_sc_hd__or2_2)
     3    0.01                           _12158_ (net)
                  0.14    0.00   13.97 v _15177_/B (sky130_fd_sc_hd__or2_2)
                  0.12    0.65   14.62 v _15177_/X (sky130_fd_sc_hd__or2_2)
     2    0.00                           _12159_ (net)
                  0.12    0.00   14.62 v _15178_/B (sky130_fd_sc_hd__or2_2)
                  0.14    0.68   15.30 v _15178_/X (sky130_fd_sc_hd__or2_2)
     3    0.01                           _12160_ (net)
                  0.14    0.00   15.30 v _15179_/B (sky130_fd_sc_hd__or2_2)
                  0.12    0.65   15.95 v _15179_/X (sky130_fd_sc_hd__or2_2)
     2    0.00                           _12161_ (net)
                  0.12    0.00   15.95 v _15180_/B (sky130_fd_sc_hd__or2_2)
                  0.14    0.68   16.63 v _15180_/X (sky130_fd_sc_hd__or2_2)
     3    0.01                           _12162_ (net)
                  0.14    0.00   16.63 v _15181_/B (sky130_fd_sc_hd__or2_2)
                  0.12    0.65   17.28 v _15181_/X (sky130_fd_sc_hd__or2_2)
     2    0.00                           _12163_ (net)
                  0.12    0.00   17.28 v _15182_/B (sky130_fd_sc_hd__or2_2)
                  0.14    0.68   17.96 v _15182_/X (sky130_fd_sc_hd__or2_2)
     3    0.01                           _12164_ (net)
                  0.14    0.00   17.96 v _15183_/B (sky130_fd_sc_hd__or2_2)
                  0.12    0.65   18.61 v _15183_/X (sky130_fd_sc_hd__or2_2)
     2    0.00                           _12165_ (net)
                  0.12    0.00   18.61 v _15184_/B (sky130_fd_sc_hd__or2_2)
                  0.14    0.68   19.29 v _15184_/X (sky130_fd_sc_hd__or2_2)
     3    0.01                           _12166_ (net)
                  0.14    0.00   19.29 v _15185_/B (sky130_fd_sc_hd__or2_2)
                  0.12    0.65   19.94 v _15185_/X (sky130_fd_sc_hd__or2_2)
     2    0.00                           _12167_ (net)
                  0.12    0.00   19.94 v _15186_/B (sky130_fd_sc_hd__or2_2)
                  0.14    0.68   20.62 v _15186_/X (sky130_fd_sc_hd__or2_2)
     3    0.01                           _12168_ (net)
                  0.14    0.00   20.62 v _15187_/B (sky130_fd_sc_hd__or2_2)
                  0.12    0.65   21.27 v _15187_/X (sky130_fd_sc_hd__or2_2)
     2    0.00                           _12169_ (net)
                  0.12    0.00   21.27 v _15188_/B (sky130_fd_sc_hd__or2_2)
                  0.14    0.68   21.95 v _15188_/X (sky130_fd_sc_hd__or2_2)
     3    0.01                           _12170_ (net)
                  0.14    0.00   21.95 v _15189_/B (sky130_fd_sc_hd__or2_2)
                  0.12    0.65   22.60 v _15189_/X (sky130_fd_sc_hd__or2_2)
     2    0.00                           _12171_ (net)
                  0.12    0.00   22.60 v _15190_/B (sky130_fd_sc_hd__or2_2)
                  0.14    0.68   23.28 v _15190_/X (sky130_fd_sc_hd__or2_2)
     3    0.01                           _12172_ (net)
                  0.14    0.00   23.28 v _15191_/B (sky130_fd_sc_hd__or2_2)
                  0.12    0.65   23.93 v _15191_/X (sky130_fd_sc_hd__or2_2)
     2    0.00                           _12173_ (net)
                  0.12    0.00   23.93 v _15192_/B (sky130_fd_sc_hd__or2_2)
                  0.14    0.68   24.61 v _15192_/X (sky130_fd_sc_hd__or2_2)
     3    0.01                           _12174_ (net)
                  0.14    0.00   24.61 v _15193_/B (sky130_fd_sc_hd__or2_2)
                  0.12    0.65   25.26 v _15193_/X (sky130_fd_sc_hd__or2_2)
     2    0.00                           _12175_ (net)
                  0.12    0.00   25.26 v _15194_/B (sky130_fd_sc_hd__or2_2)
                  0.14    0.68   25.94 v _15194_/X (sky130_fd_sc_hd__or2_2)
     3    0.01                           _12176_ (net)
                  0.14    0.00   25.94 v _15195_/B (sky130_fd_sc_hd__or2_2)
                  0.12    0.65   26.59 v _15195_/X (sky130_fd_sc_hd__or2_2)
     2    0.00                           _12177_ (net)
                  0.12    0.00   26.59 v _15196_/B (sky130_fd_sc_hd__or2_2)
                  0.14    0.68   27.27 v _15196_/X (sky130_fd_sc_hd__or2_2)
     3    0.01                           _12178_ (net)
                  0.14    0.00   27.27 v _15197_/B (sky130_fd_sc_hd__or2_2)
                  0.12    0.65   27.92 v _15197_/X (sky130_fd_sc_hd__or2_2)
     2    0.00                           _12179_ (net)
                  0.12    0.00   27.92 v _15198_/B (sky130_fd_sc_hd__or2_2)
                  0.14    0.68   28.60 v _15198_/X (sky130_fd_sc_hd__or2_2)
     3    0.01                           _12180_ (net)
                  0.14    0.00   28.60 v _15199_/B (sky130_fd_sc_hd__or2_2)
                  0.12    0.65   29.25 v _15199_/X (sky130_fd_sc_hd__or2_2)
     2    0.00                           _12181_ (net)
                  0.12    0.00   29.25 v _15200_/B (sky130_fd_sc_hd__or2_2)
                  0.14    0.68   29.93 v _15200_/X (sky130_fd_sc_hd__or2_2)
     3    0.01                           _12182_ (net)
                  0.14    0.00   29.93 v _15201_/B (sky130_fd_sc_hd__or2_2)
                  0.12    0.65   30.58 v _15201_/X (sky130_fd_sc_hd__or2_2)
     2    0.00                           _12183_ (net)
                  0.12    0.00   30.58 v _15202_/B (sky130_fd_sc_hd__or2_2)
                  0.14    0.68   31.27 v _15202_/X (sky130_fd_sc_hd__or2_2)
     3    0.01                           _12184_ (net)
                  0.14    0.00   31.27 v _15203_/B (sky130_fd_sc_hd__or2_2)
                  0.12    0.65   31.91 v _15203_/X (sky130_fd_sc_hd__or2_2)
     2    0.00                           _12185_ (net)
                  0.12    0.00   31.91 v _15204_/B (sky130_fd_sc_hd__or2_2)
                  0.14    0.68   32.60 v _15204_/X (sky130_fd_sc_hd__or2_2)
     3    0.01                           _12186_ (net)
                  0.14    0.00   32.60 v _15205_/B (sky130_fd_sc_hd__or2_2)
                  0.12    0.65   33.25 v _15205_/X (sky130_fd_sc_hd__or2_2)
     2    0.00                           _12187_ (net)
                  0.12    0.00   33.25 v _15206_/B (sky130_fd_sc_hd__or2_2)
                  0.14    0.68   33.93 v _15206_/X (sky130_fd_sc_hd__or2_2)
     3    0.01                           _12188_ (net)
                  0.14    0.00   33.93 v _15207_/B (sky130_fd_sc_hd__or2_2)
                  0.12    0.65   34.58 v _15207_/X (sky130_fd_sc_hd__or2_2)
     2    0.00                           _12189_ (net)
                  0.12    0.00   34.58 v _15208_/B (sky130_fd_sc_hd__or2_2)
                  0.14    0.68   35.26 v _15208_/X (sky130_fd_sc_hd__or2_2)
     3    0.01                           _12190_ (net)
                  0.14    0.00   35.26 v _15209_/B (sky130_fd_sc_hd__or2_2)
                  0.12    0.65   35.91 v _15209_/X (sky130_fd_sc_hd__or2_2)
     2    0.00                           _12191_ (net)
                  0.12    0.00   35.91 v _15210_/B (sky130_fd_sc_hd__or2_2)
                  0.14    0.68   36.59 v _15210_/X (sky130_fd_sc_hd__or2_2)
     3    0.01                           _12192_ (net)
                  0.14    0.00   36.59 v _15211_/B (sky130_fd_sc_hd__or2_2)
                  0.12    0.65   37.24 v _15211_/X (sky130_fd_sc_hd__or2_2)
     2    0.00                           _12193_ (net)
                  0.12    0.00   37.24 v _15212_/B (sky130_fd_sc_hd__or2_2)
                  0.14    0.68   37.92 v _15212_/X (sky130_fd_sc_hd__or2_2)
     3    0.01                           _12194_ (net)
                  0.14    0.00   37.92 v _15213_/B (sky130_fd_sc_hd__or2_2)
                  0.12    0.65   38.57 v _15213_/X (sky130_fd_sc_hd__or2_2)
     2    0.00                           _12195_ (net)
                  0.12    0.00   38.57 v _15214_/B (sky130_fd_sc_hd__or2_2)
                  0.14    0.68   39.25 v _15214_/X (sky130_fd_sc_hd__or2_2)
     3    0.01                           _12196_ (net)
                  0.14    0.00   39.25 v _15215_/B (sky130_fd_sc_hd__or2_2)
                  0.12    0.65   39.90 v _15215_/X (sky130_fd_sc_hd__or2_2)
     2    0.00                           _12197_ (net)
                  0.12    0.00   39.90 v _15216_/B (sky130_fd_sc_hd__or2_2)
                  0.14    0.68   40.58 v _15216_/X (sky130_fd_sc_hd__or2_2)
     3    0.01                           _12198_ (net)
                  0.14    0.00   40.58 v _15217_/B (sky130_fd_sc_hd__or2_2)
                  0.12    0.65   41.23 v _15217_/X (sky130_fd_sc_hd__or2_2)
     2    0.00                           _12199_ (net)
                  0.12    0.00   41.23 v _15218_/B (sky130_fd_sc_hd__or2_2)
                  0.14    0.68   41.91 v _15218_/X (sky130_fd_sc_hd__or2_2)
     3    0.01                           _12200_ (net)
                  0.14    0.00   41.91 v _15219_/B (sky130_fd_sc_hd__or2_2)
                  0.12    0.65   42.56 v _15219_/X (sky130_fd_sc_hd__or2_2)
     2    0.00                           _12201_ (net)
                  0.12    0.00   42.56 v _15220_/B (sky130_fd_sc_hd__or2_2)
                  0.14    0.68   43.24 v _15220_/X (sky130_fd_sc_hd__or2_2)
     3    0.01                           _12202_ (net)
                  0.14    0.00   43.24 v _15221_/B (sky130_fd_sc_hd__or2_2)
                  0.12    0.65   43.89 v _15221_/X (sky130_fd_sc_hd__or2_2)
     2    0.00                           _12203_ (net)
                  0.12    0.00   43.89 v _15222_/B (sky130_fd_sc_hd__or2_2)
                  0.14    0.68   44.57 v _15222_/X (sky130_fd_sc_hd__or2_2)
     3    0.01                           _12204_ (net)
                  0.14    0.00   44.57 v _15223_/B (sky130_fd_sc_hd__or2_2)
                  0.12    0.65   45.22 v _15223_/X (sky130_fd_sc_hd__or2_2)
     2    0.00                           _12205_ (net)
                  0.12    0.00   45.22 v _15224_/B (sky130_fd_sc_hd__or2_2)
                  0.14    0.68   45.90 v _15224_/X (sky130_fd_sc_hd__or2_2)
     3    0.01                           _12206_ (net)
                  0.14    0.00   45.90 v _15225_/B (sky130_fd_sc_hd__or2_2)
                  0.12    0.65   46.55 v _15225_/X (sky130_fd_sc_hd__or2_2)
     2    0.00                           _12207_ (net)
                  0.12    0.00   46.55 v _15226_/B (sky130_fd_sc_hd__or2_2)
                  0.14    0.68   47.23 v _15226_/X (sky130_fd_sc_hd__or2_2)
     3    0.01                           _12208_ (net)
                  0.14    0.00   47.23 v _15227_/B (sky130_fd_sc_hd__or2_2)
                  0.12    0.66   47.89 v _15227_/X (sky130_fd_sc_hd__or2_2)
     2    0.00                           _12209_ (net)
                  0.12    0.00   47.89 v _15230_/B2 (sky130_fd_sc_hd__o221a_2)
                  0.07    0.44   48.33 v _15230_/X (sky130_fd_sc_hd__o221a_2)
     1    0.00                           _03928_ (net)
                  0.07    0.00   48.33 v _30440_/D (sky130_fd_sc_hd__dfxtp_2)
                                 48.33   data arrival time

                  0.00   24.73   24.73   clock clk (rise edge)
                          0.00   24.73   clock network delay (ideal)
                          0.00   24.73   clock reconvergence pessimism
                                 24.73 ^ _30440_/CLK (sky130_fd_sc_hd__dfxtp_2)
                         -0.29   24.44   library setup time
                                 24.44   data required time
-----------------------------------------------------------------------------
                                 24.44   data required time
                                -48.33   data arrival time
-----------------------------------------------------------------------------
                                -23.90   slack (VIOLATED)


