
27. Executing CHECK pass (checking for obvious problems).
checking module picorv32a..
Warning: Wire picorv32a.\trap is used but has no driver.
Warning: Wire picorv32a.\trace_valid is used but has no driver.
Warning: Wire picorv32a.\trace_data [35] is used but has no driver.
Warning: Wire picorv32a.\trace_data [34] is used but has no driver.
Warning: Wire picorv32a.\trace_data [33] is used but has no driver.
Warning: Wire picorv32a.\trace_data [32] is used but has no driver.
Warning: Wire picorv32a.\trace_data [31] is used but has no driver.
Warning: Wire picorv32a.\trace_data [30] is used but has no driver.
Warning: Wire picorv32a.\trace_data [29] is used but has no driver.
Warning: Wire picorv32a.\trace_data [28] is used but has no driver.
Warning: Wire picorv32a.\trace_data [27] is used but has no driver.
Warning: Wire picorv32a.\trace_data [26] is used but has no driver.
Warning: Wire picorv32a.\trace_data [25] is used but has no driver.
Warning: Wire picorv32a.\trace_data [24] is used but has no driver.
Warning: Wire picorv32a.\trace_data [23] is used but has no driver.
Warning: Wire picorv32a.\trace_data [22] is used but has no driver.
Warning: Wire picorv32a.\trace_data [21] is used but has no driver.
Warning: Wire picorv32a.\trace_data [20] is used but has no driver.
Warning: Wire picorv32a.\trace_data [19] is used but has no driver.
Warning: Wire picorv32a.\trace_data [18] is used but has no driver.
Warning: Wire picorv32a.\trace_data [17] is used but has no driver.
Warning: Wire picorv32a.\trace_data [16] is used but has no driver.
Warning: Wire picorv32a.\trace_data [15] is used but has no driver.
Warning: Wire picorv32a.\trace_data [14] is used but has no driver.
Warning: Wire picorv32a.\trace_data [13] is used but has no driver.
Warning: Wire picorv32a.\trace_data [12] is used but has no driver.
Warning: Wire picorv32a.\trace_data [11] is used but has no driver.
Warning: Wire picorv32a.\trace_data [10] is used but has no driver.
Warning: Wire picorv32a.\trace_data [9] is used but has no driver.
Warning: Wire picorv32a.\trace_data [8] is used but has no driver.
Warning: Wire picorv32a.\trace_data [7] is used but has no driver.
Warning: Wire picorv32a.\trace_data [6] is used but has no driver.
Warning: Wire picorv32a.\trace_data [5] is used but has no driver.
Warning: Wire picorv32a.\trace_data [4] is used but has no driver.
Warning: Wire picorv32a.\trace_data [3] is used but has no driver.
Warning: Wire picorv32a.\trace_data [2] is used but has no driver.
Warning: Wire picorv32a.\trace_data [1] is used but has no driver.
Warning: Wire picorv32a.\trace_data [0] is used but has no driver.
Warning: Wire picorv32a.\pcpi_valid is used but has no driver.
Warning: Wire picorv32a.\pcpi_rs2 [31] is used but has no driver.
Warning: Wire picorv32a.\pcpi_rs2 [30] is used but has no driver.
Warning: Wire picorv32a.\pcpi_rs2 [29] is used but has no driver.
Warning: Wire picorv32a.\pcpi_rs2 [28] is used but has no driver.
Warning: Wire picorv32a.\pcpi_rs2 [27] is used but has no driver.
Warning: Wire picorv32a.\pcpi_rs2 [26] is used but has no driver.
Warning: Wire picorv32a.\pcpi_rs2 [25] is used but has no driver.
Warning: Wire picorv32a.\pcpi_rs2 [24] is used but has no driver.
Warning: Wire picorv32a.\pcpi_rs2 [23] is used but has no driver.
Warning: Wire picorv32a.\pcpi_rs2 [22] is used but has no driver.
Warning: Wire picorv32a.\pcpi_rs2 [21] is used but has no driver.
Warning: Wire picorv32a.\pcpi_rs2 [20] is used but has no driver.
Warning: Wire picorv32a.\pcpi_rs2 [19] is used but has no driver.
Warning: Wire picorv32a.\pcpi_rs2 [18] is used but has no driver.
Warning: Wire picorv32a.\pcpi_rs2 [17] is used but has no driver.
Warning: Wire picorv32a.\pcpi_rs2 [16] is used but has no driver.
Warning: Wire picorv32a.\pcpi_rs2 [15] is used but has no driver.
Warning: Wire picorv32a.\pcpi_rs2 [14] is used but has no driver.
Warning: Wire picorv32a.\pcpi_rs2 [13] is used but has no driver.
Warning: Wire picorv32a.\pcpi_rs2 [12] is used but has no driver.
Warning: Wire picorv32a.\pcpi_rs2 [11] is used but has no driver.
Warning: Wire picorv32a.\pcpi_rs2 [10] is used but has no driver.
Warning: Wire picorv32a.\pcpi_rs2 [9] is used but has no driver.
Warning: Wire picorv32a.\pcpi_rs2 [8] is used but has no driver.
Warning: Wire picorv32a.\pcpi_rs2 [7] is used but has no driver.
Warning: Wire picorv32a.\pcpi_rs2 [6] is used but has no driver.
Warning: Wire picorv32a.\pcpi_rs2 [5] is used but has no driver.
Warning: Wire picorv32a.\pcpi_rs2 [4] is used but has no driver.
Warning: Wire picorv32a.\pcpi_rs2 [3] is used but has no driver.
Warning: Wire picorv32a.\pcpi_rs2 [2] is used but has no driver.
Warning: Wire picorv32a.\pcpi_rs2 [1] is used but has no driver.
Warning: Wire picorv32a.\pcpi_rs2 [0] is used but has no driver.
Warning: Wire picorv32a.\pcpi_rs1 [31] is used but has no driver.
Warning: Wire picorv32a.\pcpi_rs1 [30] is used but has no driver.
Warning: Wire picorv32a.\pcpi_rs1 [29] is used but has no driver.
Warning: Wire picorv32a.\pcpi_rs1 [28] is used but has no driver.
Warning: Wire picorv32a.\pcpi_rs1 [27] is used but has no driver.
Warning: Wire picorv32a.\pcpi_rs1 [26] is used but has no driver.
Warning: Wire picorv32a.\pcpi_rs1 [25] is used but has no driver.
Warning: Wire picorv32a.\pcpi_rs1 [24] is used but has no driver.
Warning: Wire picorv32a.\pcpi_rs1 [23] is used but has no driver.
Warning: Wire picorv32a.\pcpi_rs1 [22] is used but has no driver.
Warning: Wire picorv32a.\pcpi_rs1 [21] is used but has no driver.
Warning: Wire picorv32a.\pcpi_rs1 [20] is used but has no driver.
Warning: Wire picorv32a.\pcpi_rs1 [19] is used but has no driver.
Warning: Wire picorv32a.\pcpi_rs1 [18] is used but has no driver.
Warning: Wire picorv32a.\pcpi_rs1 [17] is used but has no driver.
Warning: Wire picorv32a.\pcpi_rs1 [16] is used but has no driver.
Warning: Wire picorv32a.\pcpi_rs1 [15] is used but has no driver.
Warning: Wire picorv32a.\pcpi_rs1 [14] is used but has no driver.
Warning: Wire picorv32a.\pcpi_rs1 [13] is used but has no driver.
Warning: Wire picorv32a.\pcpi_rs1 [12] is used but has no driver.
Warning: Wire picorv32a.\pcpi_rs1 [11] is used but has no driver.
Warning: Wire picorv32a.\pcpi_rs1 [10] is used but has no driver.
Warning: Wire picorv32a.\pcpi_rs1 [9] is used but has no driver.
Warning: Wire picorv32a.\pcpi_rs1 [8] is used but has no driver.
Warning: Wire picorv32a.\pcpi_rs1 [7] is used but has no driver.
Warning: Wire picorv32a.\pcpi_rs1 [6] is used but has no driver.
Warning: Wire picorv32a.\pcpi_rs1 [5] is used but has no driver.
Warning: Wire picorv32a.\pcpi_rs1 [4] is used but has no driver.
Warning: Wire picorv32a.\pcpi_rs1 [3] is used but has no driver.
Warning: Wire picorv32a.\pcpi_rs1 [2] is used but has no driver.
Warning: Wire picorv32a.\pcpi_rs1 [1] is used but has no driver.
Warning: Wire picorv32a.\pcpi_rs1 [0] is used but has no driver.
Warning: Wire picorv32a.\pcpi_insn [31] is used but has no driver.
Warning: Wire picorv32a.\pcpi_insn [30] is used but has no driver.
Warning: Wire picorv32a.\pcpi_insn [29] is used but has no driver.
Warning: Wire picorv32a.\pcpi_insn [28] is used but has no driver.
Warning: Wire picorv32a.\pcpi_insn [27] is used but has no driver.
Warning: Wire picorv32a.\pcpi_insn [26] is used but has no driver.
Warning: Wire picorv32a.\pcpi_insn [25] is used but has no driver.
Warning: Wire picorv32a.\pcpi_insn [24] is used but has no driver.
Warning: Wire picorv32a.\pcpi_insn [23] is used but has no driver.
Warning: Wire picorv32a.\pcpi_insn [22] is used but has no driver.
Warning: Wire picorv32a.\pcpi_insn [21] is used but has no driver.
Warning: Wire picorv32a.\pcpi_insn [20] is used but has no driver.
Warning: Wire picorv32a.\pcpi_insn [19] is used but has no driver.
Warning: Wire picorv32a.\pcpi_insn [18] is used but has no driver.
Warning: Wire picorv32a.\pcpi_insn [17] is used but has no driver.
Warning: Wire picorv32a.\pcpi_insn [16] is used but has no driver.
Warning: Wire picorv32a.\pcpi_insn [15] is used but has no driver.
Warning: Wire picorv32a.\pcpi_insn [14] is used but has no driver.
Warning: Wire picorv32a.\pcpi_insn [13] is used but has no driver.
Warning: Wire picorv32a.\pcpi_insn [12] is used but has no driver.
Warning: Wire picorv32a.\pcpi_insn [11] is used but has no driver.
Warning: Wire picorv32a.\pcpi_insn [10] is used but has no driver.
Warning: Wire picorv32a.\pcpi_insn [9] is used but has no driver.
Warning: Wire picorv32a.\pcpi_insn [8] is used but has no driver.
Warning: Wire picorv32a.\pcpi_insn [7] is used but has no driver.
Warning: Wire picorv32a.\pcpi_insn [6] is used but has no driver.
Warning: Wire picorv32a.\pcpi_insn [5] is used but has no driver.
Warning: Wire picorv32a.\pcpi_insn [4] is used but has no driver.
Warning: Wire picorv32a.\pcpi_insn [3] is used but has no driver.
Warning: Wire picorv32a.\pcpi_insn [2] is used but has no driver.
Warning: Wire picorv32a.\pcpi_insn [1] is used but has no driver.
Warning: Wire picorv32a.\pcpi_insn [0] is used but has no driver.
Warning: Wire picorv32a.\mem_wstrb [3] is used but has no driver.
Warning: Wire picorv32a.\mem_wstrb [2] is used but has no driver.
Warning: Wire picorv32a.\mem_wstrb [1] is used but has no driver.
Warning: Wire picorv32a.\mem_wstrb [0] is used but has no driver.
Warning: Wire picorv32a.\mem_wdata [31] is used but has no driver.
Warning: Wire picorv32a.\mem_wdata [30] is used but has no driver.
Warning: Wire picorv32a.\mem_wdata [29] is used but has no driver.
Warning: Wire picorv32a.\mem_wdata [28] is used but has no driver.
Warning: Wire picorv32a.\mem_wdata [27] is used but has no driver.
Warning: Wire picorv32a.\mem_wdata [26] is used but has no driver.
Warning: Wire picorv32a.\mem_wdata [25] is used but has no driver.
Warning: Wire picorv32a.\mem_wdata [24] is used but has no driver.
Warning: Wire picorv32a.\mem_wdata [23] is used but has no driver.
Warning: Wire picorv32a.\mem_wdata [22] is used but has no driver.
Warning: Wire picorv32a.\mem_wdata [21] is used but has no driver.
Warning: Wire picorv32a.\mem_wdata [20] is used but has no driver.
Warning: Wire picorv32a.\mem_wdata [19] is used but has no driver.
Warning: Wire picorv32a.\mem_wdata [18] is used but has no driver.
Warning: Wire picorv32a.\mem_wdata [17] is used but has no driver.
Warning: Wire picorv32a.\mem_wdata [16] is used but has no driver.
Warning: Wire picorv32a.\mem_wdata [15] is used but has no driver.
Warning: Wire picorv32a.\mem_wdata [14] is used but has no driver.
Warning: Wire picorv32a.\mem_wdata [13] is used but has no driver.
Warning: Wire picorv32a.\mem_wdata [12] is used but has no driver.
Warning: Wire picorv32a.\mem_wdata [11] is used but has no driver.
Warning: Wire picorv32a.\mem_wdata [10] is used but has no driver.
Warning: Wire picorv32a.\mem_wdata [9] is used but has no driver.
Warning: Wire picorv32a.\mem_wdata [8] is used but has no driver.
Warning: Wire picorv32a.\mem_wdata [7] is used but has no driver.
Warning: Wire picorv32a.\mem_wdata [6] is used but has no driver.
Warning: Wire picorv32a.\mem_wdata [5] is used but has no driver.
Warning: Wire picorv32a.\mem_wdata [4] is used but has no driver.
Warning: Wire picorv32a.\mem_wdata [3] is used but has no driver.
Warning: Wire picorv32a.\mem_wdata [2] is used but has no driver.
Warning: Wire picorv32a.\mem_wdata [1] is used but has no driver.
Warning: Wire picorv32a.\mem_wdata [0] is used but has no driver.
Warning: Wire picorv32a.\mem_valid is used but has no driver.
Warning: Wire picorv32a.\mem_la_wstrb [3] is used but has no driver.
Warning: Wire picorv32a.\mem_la_wstrb [2] is used but has no driver.
Warning: Wire picorv32a.\mem_la_wstrb [1] is used but has no driver.
Warning: Wire picorv32a.\mem_la_wstrb [0] is used but has no driver.
Warning: Wire picorv32a.\mem_la_write is used but has no driver.
Warning: Wire picorv32a.\mem_la_wdata [31] is used but has no driver.
Warning: Wire picorv32a.\mem_la_wdata [30] is used but has no driver.
Warning: Wire picorv32a.\mem_la_wdata [29] is used but has no driver.
Warning: Wire picorv32a.\mem_la_wdata [28] is used but has no driver.
Warning: Wire picorv32a.\mem_la_wdata [27] is used but has no driver.
Warning: Wire picorv32a.\mem_la_wdata [26] is used but has no driver.
Warning: Wire picorv32a.\mem_la_wdata [25] is used but has no driver.
Warning: Wire picorv32a.\mem_la_wdata [24] is used but has no driver.
Warning: Wire picorv32a.\mem_la_wdata [23] is used but has no driver.
Warning: Wire picorv32a.\mem_la_wdata [22] is used but has no driver.
Warning: Wire picorv32a.\mem_la_wdata [21] is used but has no driver.
Warning: Wire picorv32a.\mem_la_wdata [20] is used but has no driver.
Warning: Wire picorv32a.\mem_la_wdata [19] is used but has no driver.
Warning: Wire picorv32a.\mem_la_wdata [18] is used but has no driver.
Warning: Wire picorv32a.\mem_la_wdata [17] is used but has no driver.
Warning: Wire picorv32a.\mem_la_wdata [16] is used but has no driver.
Warning: Wire picorv32a.\mem_la_wdata [15] is used but has no driver.
Warning: Wire picorv32a.\mem_la_wdata [14] is used but has no driver.
Warning: Wire picorv32a.\mem_la_wdata [13] is used but has no driver.
Warning: Wire picorv32a.\mem_la_wdata [12] is used but has no driver.
Warning: Wire picorv32a.\mem_la_wdata [11] is used but has no driver.
Warning: Wire picorv32a.\mem_la_wdata [10] is used but has no driver.
Warning: Wire picorv32a.\mem_la_wdata [9] is used but has no driver.
Warning: Wire picorv32a.\mem_la_wdata [8] is used but has no driver.
Warning: Wire picorv32a.\mem_la_wdata [7] is used but has no driver.
Warning: Wire picorv32a.\mem_la_wdata [6] is used but has no driver.
Warning: Wire picorv32a.\mem_la_wdata [5] is used but has no driver.
Warning: Wire picorv32a.\mem_la_wdata [4] is used but has no driver.
Warning: Wire picorv32a.\mem_la_wdata [3] is used but has no driver.
Warning: Wire picorv32a.\mem_la_wdata [2] is used but has no driver.
Warning: Wire picorv32a.\mem_la_wdata [1] is used but has no driver.
Warning: Wire picorv32a.\mem_la_wdata [0] is used but has no driver.
Warning: Wire picorv32a.\mem_la_read is used but has no driver.
Warning: Wire picorv32a.\mem_la_addr [31] is used but has no driver.
Warning: Wire picorv32a.\mem_la_addr [30] is used but has no driver.
Warning: Wire picorv32a.\mem_la_addr [29] is used but has no driver.
Warning: Wire picorv32a.\mem_la_addr [28] is used but has no driver.
Warning: Wire picorv32a.\mem_la_addr [27] is used but has no driver.
Warning: Wire picorv32a.\mem_la_addr [26] is used but has no driver.
Warning: Wire picorv32a.\mem_la_addr [25] is used but has no driver.
Warning: Wire picorv32a.\mem_la_addr [24] is used but has no driver.
Warning: Wire picorv32a.\mem_la_addr [23] is used but has no driver.
Warning: Wire picorv32a.\mem_la_addr [22] is used but has no driver.
Warning: Wire picorv32a.\mem_la_addr [21] is used but has no driver.
Warning: Wire picorv32a.\mem_la_addr [20] is used but has no driver.
Warning: Wire picorv32a.\mem_la_addr [19] is used but has no driver.
Warning: Wire picorv32a.\mem_la_addr [18] is used but has no driver.
Warning: Wire picorv32a.\mem_la_addr [17] is used but has no driver.
Warning: Wire picorv32a.\mem_la_addr [16] is used but has no driver.
Warning: Wire picorv32a.\mem_la_addr [15] is used but has no driver.
Warning: Wire picorv32a.\mem_la_addr [14] is used but has no driver.
Warning: Wire picorv32a.\mem_la_addr [13] is used but has no driver.
Warning: Wire picorv32a.\mem_la_addr [12] is used but has no driver.
Warning: Wire picorv32a.\mem_la_addr [11] is used but has no driver.
Warning: Wire picorv32a.\mem_la_addr [10] is used but has no driver.
Warning: Wire picorv32a.\mem_la_addr [9] is used but has no driver.
Warning: Wire picorv32a.\mem_la_addr [8] is used but has no driver.
Warning: Wire picorv32a.\mem_la_addr [7] is used but has no driver.
Warning: Wire picorv32a.\mem_la_addr [6] is used but has no driver.
Warning: Wire picorv32a.\mem_la_addr [5] is used but has no driver.
Warning: Wire picorv32a.\mem_la_addr [4] is used but has no driver.
Warning: Wire picorv32a.\mem_la_addr [3] is used but has no driver.
Warning: Wire picorv32a.\mem_la_addr [2] is used but has no driver.
Warning: Wire picorv32a.\mem_la_addr [1] is used but has no driver.
Warning: Wire picorv32a.\mem_la_addr [0] is used but has no driver.
Warning: Wire picorv32a.\mem_instr is used but has no driver.
Warning: Wire picorv32a.\mem_addr [31] is used but has no driver.
Warning: Wire picorv32a.\mem_addr [30] is used but has no driver.
Warning: Wire picorv32a.\mem_addr [29] is used but has no driver.
Warning: Wire picorv32a.\mem_addr [28] is used but has no driver.
Warning: Wire picorv32a.\mem_addr [27] is used but has no driver.
Warning: Wire picorv32a.\mem_addr [26] is used but has no driver.
Warning: Wire picorv32a.\mem_addr [25] is used but has no driver.
Warning: Wire picorv32a.\mem_addr [24] is used but has no driver.
Warning: Wire picorv32a.\mem_addr [23] is used but has no driver.
Warning: Wire picorv32a.\mem_addr [22] is used but has no driver.
Warning: Wire picorv32a.\mem_addr [21] is used but has no driver.
Warning: Wire picorv32a.\mem_addr [20] is used but has no driver.
Warning: Wire picorv32a.\mem_addr [19] is used but has no driver.
Warning: Wire picorv32a.\mem_addr [18] is used but has no driver.
Warning: Wire picorv32a.\mem_addr [17] is used but has no driver.
Warning: Wire picorv32a.\mem_addr [16] is used but has no driver.
Warning: Wire picorv32a.\mem_addr [15] is used but has no driver.
Warning: Wire picorv32a.\mem_addr [14] is used but has no driver.
Warning: Wire picorv32a.\mem_addr [13] is used but has no driver.
Warning: Wire picorv32a.\mem_addr [12] is used but has no driver.
Warning: Wire picorv32a.\mem_addr [11] is used but has no driver.
Warning: Wire picorv32a.\mem_addr [10] is used but has no driver.
Warning: Wire picorv32a.\mem_addr [9] is used but has no driver.
Warning: Wire picorv32a.\mem_addr [8] is used but has no driver.
Warning: Wire picorv32a.\mem_addr [7] is used but has no driver.
Warning: Wire picorv32a.\mem_addr [6] is used but has no driver.
Warning: Wire picorv32a.\mem_addr [5] is used but has no driver.
Warning: Wire picorv32a.\mem_addr [4] is used but has no driver.
Warning: Wire picorv32a.\mem_addr [3] is used but has no driver.
Warning: Wire picorv32a.\mem_addr [2] is used but has no driver.
Warning: Wire picorv32a.\mem_addr [1] is used but has no driver.
Warning: Wire picorv32a.\mem_addr [0] is used but has no driver.
Warning: Wire picorv32a.\eoi [31] is used but has no driver.
Warning: Wire picorv32a.\eoi [30] is used but has no driver.
Warning: Wire picorv32a.\eoi [29] is used but has no driver.
Warning: Wire picorv32a.\eoi [28] is used but has no driver.
Warning: Wire picorv32a.\eoi [27] is used but has no driver.
Warning: Wire picorv32a.\eoi [26] is used but has no driver.
Warning: Wire picorv32a.\eoi [25] is used but has no driver.
Warning: Wire picorv32a.\eoi [24] is used but has no driver.
Warning: Wire picorv32a.\eoi [23] is used but has no driver.
Warning: Wire picorv32a.\eoi [22] is used but has no driver.
Warning: Wire picorv32a.\eoi [21] is used but has no driver.
Warning: Wire picorv32a.\eoi [20] is used but has no driver.
Warning: Wire picorv32a.\eoi [19] is used but has no driver.
Warning: Wire picorv32a.\eoi [18] is used but has no driver.
Warning: Wire picorv32a.\eoi [17] is used but has no driver.
Warning: Wire picorv32a.\eoi [16] is used but has no driver.
Warning: Wire picorv32a.\eoi [15] is used but has no driver.
Warning: Wire picorv32a.\eoi [14] is used but has no driver.
Warning: Wire picorv32a.\eoi [13] is used but has no driver.
Warning: Wire picorv32a.\eoi [12] is used but has no driver.
Warning: Wire picorv32a.\eoi [11] is used but has no driver.
Warning: Wire picorv32a.\eoi [10] is used but has no driver.
Warning: Wire picorv32a.\eoi [9] is used but has no driver.
Warning: Wire picorv32a.\eoi [8] is used but has no driver.
Warning: Wire picorv32a.\eoi [7] is used but has no driver.
Warning: Wire picorv32a.\eoi [6] is used but has no driver.
Warning: Wire picorv32a.\eoi [5] is used but has no driver.
Warning: Wire picorv32a.\eoi [4] is used but has no driver.
Warning: Wire picorv32a.\eoi [3] is used but has no driver.
Warning: Wire picorv32a.\eoi [2] is used but has no driver.
Warning: Wire picorv32a.\eoi [1] is used but has no driver.
Warning: Wire picorv32a.\eoi [0] is used but has no driver.
found and reported 307 problems.
