max slew

Pin                                    Limit    Slew   Slack
------------------------------------------------------------
_13296_/B                               1.50    8.48   -6.98 (VIOLATED)
_26073_/S0                              1.50    8.48   -6.98 (VIOLATED)
_26074_/S0                              1.50    8.48   -6.98 (VIOLATED)
_26075_/S0                              1.50    8.48   -6.98 (VIOLATED)
_26076_/S0                              1.50    8.48   -6.98 (VIOLATED)
_26077_/S0                              1.50    8.48   -6.98 (VIOLATED)
_26079_/S0                              1.50    8.48   -6.98 (VIOLATED)
_26080_/S0                              1.50    8.48   -6.98 (VIOLATED)
_26081_/S0                              1.50    8.48   -6.98 (VIOLATED)
_26082_/S0                              1.50    8.48   -6.98 (VIOLATED)
_26083_/S0                              1.50    8.48   -6.98 (VIOLATED)
_26085_/S0                              1.50    8.48   -6.98 (VIOLATED)
_26086_/S0                              1.50    8.48   -6.98 (VIOLATED)
_26087_/S0                              1.50    8.48   -6.98 (VIOLATED)
_26088_/S0                              1.50    8.48   -6.98 (VIOLATED)
_26089_/S0                              1.50    8.48   -6.98 (VIOLATED)
_26091_/S0                              1.50    8.48   -6.98 (VIOLATED)
_26092_/S0                              1.50    8.48   -6.98 (VIOLATED)
_26093_/S0                              1.50    8.48   -6.98 (VIOLATED)
_26094_/S0                              1.50    8.48   -6.98 (VIOLATED)
_26095_/S0                              1.50    8.48   -6.98 (VIOLATED)
_26097_/S0                              1.50    8.48   -6.98 (VIOLATED)
_26098_/S0                              1.50    8.48   -6.98 (VIOLATED)
_26099_/S0                              1.50    8.48   -6.98 (VIOLATED)
_26100_/S0                              1.50    8.48   -6.98 (VIOLATED)
_26101_/S0                              1.50    8.48   -6.98 (VIOLATED)
_26103_/S0                              1.50    8.48   -6.98 (VIOLATED)
_26104_/S0                              1.50    8.48   -6.98 (VIOLATED)
_26105_/S0                              1.50    8.48   -6.98 (VIOLATED)
_26106_/S0                              1.50    8.48   -6.98 (VIOLATED)
_26107_/S0                              1.50    8.48   -6.98 (VIOLATED)
_26109_/S0                              1.50    8.48   -6.98 (VIOLATED)
_26110_/S0                              1.50    8.48   -6.98 (VIOLATED)
_26111_/S0                              1.50    8.48   -6.98 (VIOLATED)
_26112_/S0                              1.50    8.48   -6.98 (VIOLATED)
_26113_/S0                              1.50    8.48   -6.98 (VIOLATED)
_26115_/S0                              1.50    8.48   -6.98 (VIOLATED)
_26116_/S0                              1.50    8.48   -6.98 (VIOLATED)
_26117_/S0                              1.50    8.48   -6.98 (VIOLATED)
_26118_/S0                              1.50    8.48   -6.98 (VIOLATED)
_26119_/S0                              1.50    8.48   -6.98 (VIOLATED)
_26121_/S0                              1.50    8.48   -6.98 (VIOLATED)
_26122_/S0                              1.50    8.48   -6.98 (VIOLATED)
_26123_/S0                              1.50    8.48   -6.98 (VIOLATED)
_26124_/S0                              1.50    8.48   -6.98 (VIOLATED)
_26125_/S0                              1.50    8.48   -6.98 (VIOLATED)
_26127_/S0                              1.50    8.48   -6.98 (VIOLATED)
_26128_/S0                              1.50    8.48   -6.98 (VIOLATED)
_26129_/S0                              1.50    8.48   -6.98 (VIOLATED)
_26130_/S0                              1.50    8.48   -6.98 (VIOLATED)
_26131_/S0                              1.50    8.48   -6.98 (VIOLATED)
_26133_/S0                              1.50    8.48   -6.98 (VIOLATED)
_26134_/S0                              1.50    8.48   -6.98 (VIOLATED)
_26135_/S0                              1.50    8.48   -6.98 (VIOLATED)
_26136_/S0                              1.50    8.48   -6.98 (VIOLATED)
_26137_/S0                              1.50    8.48   -6.98 (VIOLATED)
_26139_/S0                              1.50    8.48   -6.98 (VIOLATED)
_26140_/S0                              1.50    8.48   -6.98 (VIOLATED)
_26141_/S0                              1.50    8.48   -6.98 (VIOLATED)
_26142_/S0                              1.50    8.48   -6.98 (VIOLATED)
_26143_/S0                              1.50    8.48   -6.98 (VIOLATED)
_26145_/S0                              1.50    8.48   -6.98 (VIOLATED)
_26146_/S0                              1.50    8.48   -6.98 (VIOLATED)
_26147_/S0                              1.50    8.48   -6.98 (VIOLATED)
_26148_/S0                              1.50    8.48   -6.98 (VIOLATED)
_26149_/S0                              1.50    8.48   -6.98 (VIOLATED)
_26151_/S0                              1.50    8.48   -6.98 (VIOLATED)
_26152_/S0                              1.50    8.48   -6.98 (VIOLATED)
_26153_/S0                              1.50    8.48   -6.98 (VIOLATED)
_26154_/S0                              1.50    8.48   -6.98 (VIOLATED)
_26155_/S0                              1.50    8.48   -6.98 (VIOLATED)
_26157_/S0                              1.50    8.48   -6.98 (VIOLATED)
_26158_/S0                              1.50    8.48   -6.98 (VIOLATED)
_26159_/S0                              1.50    8.48   -6.98 (VIOLATED)
_26160_/S0                              1.50    8.48   -6.98 (VIOLATED)
_26161_/S0                              1.50    8.48   -6.98 (VIOLATED)
_26163_/S0                              1.50    8.48   -6.98 (VIOLATED)
_26164_/S0                              1.50    8.48   -6.98 (VIOLATED)
_26165_/S0                              1.50    8.48   -6.98 (VIOLATED)
_26166_/S0                              1.50    8.48   -6.98 (VIOLATED)
_26167_/S0                              1.50    8.48   -6.98 (VIOLATED)
_26169_/S0                              1.50    8.48   -6.98 (VIOLATED)
_26170_/S0                              1.50    8.48   -6.98 (VIOLATED)
_26171_/S0                              1.50    8.48   -6.98 (VIOLATED)
_26172_/S0                              1.50    8.48   -6.98 (VIOLATED)
_26173_/S0                              1.50    8.48   -6.98 (VIOLATED)
_26175_/S0                              1.50    8.48   -6.98 (VIOLATED)
_26176_/S0                              1.50    8.48   -6.98 (VIOLATED)
_26177_/S0                              1.50    8.48   -6.98 (VIOLATED)
_26178_/S0                              1.50    8.48   -6.98 (VIOLATED)
_26179_/S0                              1.50    8.48   -6.98 (VIOLATED)
_26181_/S0                              1.50    8.48   -6.98 (VIOLATED)
_26182_/S0                              1.50    8.48   -6.98 (VIOLATED)
_26183_/S0                              1.50    8.48   -6.98 (VIOLATED)
_26184_/S0                              1.50    8.48   -6.98 (VIOLATED)
_26185_/S0                              1.50    8.48   -6.98 (VIOLATED)
_26187_/S0                              1.50    8.48   -6.98 (VIOLATED)
_26188_/S0                              1.50    8.48   -6.98 (VIOLATED)
_26189_/S0                              1.50    8.48   -6.98 (VIOLATED)
_26190_/S0                              1.50    8.48   -6.98 (VIOLATED)
_26191_/S0                              1.50    8.48   -6.98 (VIOLATED)
_26193_/S0                              1.50    8.48   -6.98 (VIOLATED)
_26194_/S0                              1.50    8.48   -6.98 (VIOLATED)
_26195_/S0                              1.50    8.48   -6.98 (VIOLATED)
_26196_/S0                              1.50    8.48   -6.98 (VIOLATED)
_26197_/S0                              1.50    8.48   -6.98 (VIOLATED)
_26199_/S0                              1.50    8.48   -6.98 (VIOLATED)
_26200_/S0                              1.50    8.48   -6.98 (VIOLATED)
_26201_/S0                              1.50    8.48   -6.98 (VIOLATED)
_26202_/S0                              1.50    8.48   -6.98 (VIOLATED)
_26203_/S0                              1.50    8.48   -6.98 (VIOLATED)
_26205_/S0                              1.50    8.48   -6.98 (VIOLATED)
_26206_/S0                              1.50    8.48   -6.98 (VIOLATED)
_26207_/S0                              1.50    8.48   -6.98 (VIOLATED)
_26208_/S0                              1.50    8.48   -6.98 (VIOLATED)
_26209_/S0                              1.50    8.48   -6.98 (VIOLATED)
_26211_/S0                              1.50    8.48   -6.98 (VIOLATED)
_26212_/S0                              1.50    8.48   -6.98 (VIOLATED)
_26213_/S0                              1.50    8.48   -6.98 (VIOLATED)
_26214_/S0                              1.50    8.48   -6.98 (VIOLATED)
_26215_/S0                              1.50    8.48   -6.98 (VIOLATED)
_26217_/S0                              1.50    8.48   -6.98 (VIOLATED)
_26218_/S0                              1.50    8.48   -6.98 (VIOLATED)
_26219_/S0                              1.50    8.48   -6.98 (VIOLATED)
_26220_/S0                              1.50    8.48   -6.98 (VIOLATED)
_26221_/S0                              1.50    8.48   -6.98 (VIOLATED)
_26223_/S0                              1.50    8.48   -6.98 (VIOLATED)
_26224_/S0                              1.50    8.48   -6.98 (VIOLATED)
_26225_/S0                              1.50    8.48   -6.98 (VIOLATED)
_26226_/S0                              1.50    8.48   -6.98 (VIOLATED)
_26227_/S0                              1.50    8.48   -6.98 (VIOLATED)
_26229_/S0                              1.50    8.48   -6.98 (VIOLATED)
_26230_/S0                              1.50    8.48   -6.98 (VIOLATED)
_26231_/S0                              1.50    8.48   -6.98 (VIOLATED)
_26232_/S0                              1.50    8.48   -6.98 (VIOLATED)
_26233_/S0                              1.50    8.48   -6.98 (VIOLATED)
_26235_/S0                              1.50    8.48   -6.98 (VIOLATED)
_26236_/S0                              1.50    8.48   -6.98 (VIOLATED)
_26237_/S0                              1.50    8.48   -6.98 (VIOLATED)
_26238_/S0                              1.50    8.48   -6.98 (VIOLATED)
_26239_/S0                              1.50    8.48   -6.98 (VIOLATED)
_26241_/S0                              1.50    8.48   -6.98 (VIOLATED)
_26242_/S0                              1.50    8.48   -6.98 (VIOLATED)
_26243_/S0                              1.50    8.48   -6.98 (VIOLATED)
_26244_/S0                              1.50    8.48   -6.98 (VIOLATED)
_26245_/S0                              1.50    8.48   -6.98 (VIOLATED)
_26247_/S0                              1.50    8.48   -6.98 (VIOLATED)
_26248_/S0                              1.50    8.48   -6.98 (VIOLATED)
_26249_/S0                              1.50    8.48   -6.98 (VIOLATED)
_26250_/S0                              1.50    8.48   -6.98 (VIOLATED)
_26251_/S0                              1.50    8.48   -6.98 (VIOLATED)
_26253_/S0                              1.50    8.48   -6.98 (VIOLATED)
_26254_/S0                              1.50    8.48   -6.98 (VIOLATED)
_26255_/S0                              1.50    8.48   -6.98 (VIOLATED)
_26256_/S0                              1.50    8.48   -6.98 (VIOLATED)
_26257_/S0                              1.50    8.48   -6.98 (VIOLATED)
_26259_/S0                              1.50    8.48   -6.98 (VIOLATED)
_26260_/S0                              1.50    8.48   -6.98 (VIOLATED)
_26261_/S0                              1.50    8.48   -6.98 (VIOLATED)
_26262_/S0                              1.50    8.48   -6.98 (VIOLATED)
_26263_/S0                              1.50    8.48   -6.98 (VIOLATED)
_25771_/X                               1.51    8.48   -6.98 (VIOLATED)
_13296_/A                               1.50    5.71   -4.21 (VIOLATED)
_26073_/S1                              1.50    5.71   -4.21 (VIOLATED)
_26074_/S1                              1.50    5.71   -4.21 (VIOLATED)
_26075_/S1                              1.50    5.71   -4.21 (VIOLATED)
_26076_/S1                              1.50    5.71   -4.21 (VIOLATED)
_26077_/S1                              1.50    5.71   -4.21 (VIOLATED)
_26079_/S1                              1.50    5.71   -4.21 (VIOLATED)
_26080_/S1                              1.50    5.71   -4.21 (VIOLATED)
_26081_/S1                              1.50    5.71   -4.21 (VIOLATED)
_26082_/S1                              1.50    5.71   -4.21 (VIOLATED)
_26083_/S1                              1.50    5.71   -4.21 (VIOLATED)
_26085_/S1                              1.50    5.71   -4.21 (VIOLATED)
_26086_/S1                              1.50    5.71   -4.21 (VIOLATED)
_26087_/S1                              1.50    5.71   -4.21 (VIOLATED)
_26088_/S1                              1.50    5.71   -4.21 (VIOLATED)
_26089_/S1                              1.50    5.71   -4.21 (VIOLATED)
_26091_/S1                              1.50    5.71   -4.21 (VIOLATED)
_26092_/S1                              1.50    5.71   -4.21 (VIOLATED)
_26093_/S1                              1.50    5.71   -4.21 (VIOLATED)
_26094_/S1                              1.50    5.71   -4.21 (VIOLATED)
_26095_/S1                              1.50    5.71   -4.21 (VIOLATED)
_26097_/S1                              1.50    5.71   -4.21 (VIOLATED)
_26098_/S1                              1.50    5.71   -4.21 (VIOLATED)
_26099_/S1                              1.50    5.71   -4.21 (VIOLATED)
_26100_/S1                              1.50    5.71   -4.21 (VIOLATED)
_26101_/S1                              1.50    5.71   -4.21 (VIOLATED)
_26103_/S1                              1.50    5.71   -4.21 (VIOLATED)
_26104_/S1                              1.50    5.71   -4.21 (VIOLATED)
_26105_/S1                              1.50    5.71   -4.21 (VIOLATED)
_26106_/S1                              1.50    5.71   -4.21 (VIOLATED)
_26107_/S1                              1.50    5.71   -4.21 (VIOLATED)
_26109_/S1                              1.50    5.71   -4.21 (VIOLATED)
_26110_/S1                              1.50    5.71   -4.21 (VIOLATED)
_26111_/S1                              1.50    5.71   -4.21 (VIOLATED)
_26112_/S1                              1.50    5.71   -4.21 (VIOLATED)
_26113_/S1                              1.50    5.71   -4.21 (VIOLATED)
_26115_/S1                              1.50    5.71   -4.21 (VIOLATED)
_26116_/S1                              1.50    5.71   -4.21 (VIOLATED)
_26117_/S1                              1.50    5.71   -4.21 (VIOLATED)
_26118_/S1                              1.50    5.71   -4.21 (VIOLATED)
_26119_/S1                              1.50    5.71   -4.21 (VIOLATED)
_26121_/S1                              1.50    5.71   -4.21 (VIOLATED)
_26122_/S1                              1.50    5.71   -4.21 (VIOLATED)
_26123_/S1                              1.50    5.71   -4.21 (VIOLATED)
_26124_/S1                              1.50    5.71   -4.21 (VIOLATED)
_26125_/S1                              1.50    5.71   -4.21 (VIOLATED)
_26127_/S1                              1.50    5.71   -4.21 (VIOLATED)
_26128_/S1                              1.50    5.71   -4.21 (VIOLATED)
_26129_/S1                              1.50    5.71   -4.21 (VIOLATED)
_26130_/S1                              1.50    5.71   -4.21 (VIOLATED)
_26131_/S1                              1.50    5.71   -4.21 (VIOLATED)
_26133_/S1                              1.50    5.71   -4.21 (VIOLATED)
_26134_/S1                              1.50    5.71   -4.21 (VIOLATED)
_26135_/S1                              1.50    5.71   -4.21 (VIOLATED)
_26136_/S1                              1.50    5.71   -4.21 (VIOLATED)
_26137_/S1                              1.50    5.71   -4.21 (VIOLATED)
_26139_/S1                              1.50    5.71   -4.21 (VIOLATED)
_26140_/S1                              1.50    5.71   -4.21 (VIOLATED)
_26141_/S1                              1.50    5.71   -4.21 (VIOLATED)
_26142_/S1                              1.50    5.71   -4.21 (VIOLATED)
_26143_/S1                              1.50    5.71   -4.21 (VIOLATED)
_26145_/S1                              1.50    5.71   -4.21 (VIOLATED)
_26146_/S1                              1.50    5.71   -4.21 (VIOLATED)
_26147_/S1                              1.50    5.71   -4.21 (VIOLATED)
_26148_/S1                              1.50    5.71   -4.21 (VIOLATED)
_26149_/S1                              1.50    5.71   -4.21 (VIOLATED)
_26151_/S1                              1.50    5.71   -4.21 (VIOLATED)
_26152_/S1                              1.50    5.71   -4.21 (VIOLATED)
_26153_/S1                              1.50    5.71   -4.21 (VIOLATED)
_26154_/S1                              1.50    5.71   -4.21 (VIOLATED)
_26155_/S1                              1.50    5.71   -4.21 (VIOLATED)
_26157_/S1                              1.50    5.71   -4.21 (VIOLATED)
_26158_/S1                              1.50    5.71   -4.21 (VIOLATED)
_26159_/S1                              1.50    5.71   -4.21 (VIOLATED)
_26160_/S1                              1.50    5.71   -4.21 (VIOLATED)
_26161_/S1                              1.50    5.71   -4.21 (VIOLATED)
_26163_/S1                              1.50    5.71   -4.21 (VIOLATED)
_26164_/S1                              1.50    5.71   -4.21 (VIOLATED)
_26165_/S1                              1.50    5.71   -4.21 (VIOLATED)
_26166_/S1                              1.50    5.71   -4.21 (VIOLATED)
_26167_/S1                              1.50    5.71   -4.21 (VIOLATED)
_26169_/S1                              1.50    5.71   -4.21 (VIOLATED)
_26170_/S1                              1.50    5.71   -4.21 (VIOLATED)
_26171_/S1                              1.50    5.71   -4.21 (VIOLATED)
_26172_/S1                              1.50    5.71   -4.21 (VIOLATED)
_26173_/S1                              1.50    5.71   -4.21 (VIOLATED)
_26175_/S1                              1.50    5.71   -4.21 (VIOLATED)
_26176_/S1                              1.50    5.71   -4.21 (VIOLATED)
_26177_/S1                              1.50    5.71   -4.21 (VIOLATED)
_26178_/S1                              1.50    5.71   -4.21 (VIOLATED)
_26179_/S1                              1.50    5.71   -4.21 (VIOLATED)
_26181_/S1                              1.50    5.71   -4.21 (VIOLATED)
_26182_/S1                              1.50    5.71   -4.21 (VIOLATED)
_26183_/S1                              1.50    5.71   -4.21 (VIOLATED)
_26184_/S1                              1.50    5.71   -4.21 (VIOLATED)
_26185_/S1                              1.50    5.71   -4.21 (VIOLATED)
_26187_/S1                              1.50    5.71   -4.21 (VIOLATED)
_26188_/S1                              1.50    5.71   -4.21 (VIOLATED)
_26189_/S1                              1.50    5.71   -4.21 (VIOLATED)
_26190_/S1                              1.50    5.71   -4.21 (VIOLATED)
_26191_/S1                              1.50    5.71   -4.21 (VIOLATED)
_26193_/S1                              1.50    5.71   -4.21 (VIOLATED)
_26194_/S1                              1.50    5.71   -4.21 (VIOLATED)
_26195_/S1                              1.50    5.71   -4.21 (VIOLATED)
_26196_/S1                              1.50    5.71   -4.21 (VIOLATED)
_26197_/S1                              1.50    5.71   -4.21 (VIOLATED)
_26199_/S1                              1.50    5.71   -4.21 (VIOLATED)
_26200_/S1                              1.50    5.71   -4.21 (VIOLATED)
_26201_/S1                              1.50    5.71   -4.21 (VIOLATED)
_26202_/S1                              1.50    5.71   -4.21 (VIOLATED)
_26203_/S1                              1.50    5.71   -4.21 (VIOLATED)
_26205_/S1                              1.50    5.71   -4.21 (VIOLATED)
_26206_/S1                              1.50    5.71   -4.21 (VIOLATED)
_26207_/S1                              1.50    5.71   -4.21 (VIOLATED)
_26208_/S1                              1.50    5.71   -4.21 (VIOLATED)
_26209_/S1                              1.50    5.71   -4.21 (VIOLATED)
_26211_/S1                              1.50    5.71   -4.21 (VIOLATED)
_26212_/S1                              1.50    5.71   -4.21 (VIOLATED)
_26213_/S1                              1.50    5.71   -4.21 (VIOLATED)
_26214_/S1                              1.50    5.71   -4.21 (VIOLATED)
_26215_/S1                              1.50    5.71   -4.21 (VIOLATED)
_26217_/S1                              1.50    5.71   -4.21 (VIOLATED)
_26218_/S1                              1.50    5.71   -4.21 (VIOLATED)
_26219_/S1                              1.50    5.71   -4.21 (VIOLATED)
_26220_/S1                              1.50    5.71   -4.21 (VIOLATED)
_26221_/S1                              1.50    5.71   -4.21 (VIOLATED)
_26223_/S1                              1.50    5.71   -4.21 (VIOLATED)
_26224_/S1                              1.50    5.71   -4.21 (VIOLATED)
_26225_/S1                              1.50    5.71   -4.21 (VIOLATED)
_26226_/S1                              1.50    5.71   -4.21 (VIOLATED)
_26227_/S1                              1.50    5.71   -4.21 (VIOLATED)
_26229_/S1                              1.50    5.71   -4.21 (VIOLATED)
_26230_/S1                              1.50    5.71   -4.21 (VIOLATED)
_26231_/S1                              1.50    5.71   -4.21 (VIOLATED)
_26232_/S1                              1.50    5.71   -4.21 (VIOLATED)
_26233_/S1                              1.50    5.71   -4.21 (VIOLATED)
_26235_/S1                              1.50    5.71   -4.21 (VIOLATED)
_26236_/S1                              1.50    5.71   -4.21 (VIOLATED)
_26237_/S1                              1.50    5.71   -4.21 (VIOLATED)
_26238_/S1                              1.50    5.71   -4.21 (VIOLATED)
_26239_/S1                              1.50    5.71   -4.21 (VIOLATED)
_26241_/S1                              1.50    5.71   -4.21 (VIOLATED)
_26242_/S1                              1.50    5.71   -4.21 (VIOLATED)
_26243_/S1                              1.50    5.71   -4.21 (VIOLATED)
_26244_/S1                              1.50    5.71   -4.21 (VIOLATED)
_26245_/S1                              1.50    5.71   -4.21 (VIOLATED)
_26247_/S1                              1.50    5.71   -4.21 (VIOLATED)
_26248_/S1                              1.50    5.71   -4.21 (VIOLATED)
_26249_/S1                              1.50    5.71   -4.21 (VIOLATED)
_26250_/S1                              1.50    5.71   -4.21 (VIOLATED)
_26251_/S1                              1.50    5.71   -4.21 (VIOLATED)
_26253_/S1                              1.50    5.71   -4.21 (VIOLATED)
_26254_/S1                              1.50    5.71   -4.21 (VIOLATED)
_26255_/S1                              1.50    5.71   -4.21 (VIOLATED)
_26256_/S1                              1.50    5.71   -4.21 (VIOLATED)
_26257_/S1                              1.50    5.71   -4.21 (VIOLATED)
_26259_/S1                              1.50    5.71   -4.21 (VIOLATED)
_26260_/S1                              1.50    5.71   -4.21 (VIOLATED)
_26261_/S1                              1.50    5.71   -4.21 (VIOLATED)
_26262_/S1                              1.50    5.71   -4.21 (VIOLATED)
_26263_/S1                              1.50    5.71   -4.21 (VIOLATED)
_25770_/X                               1.51    5.71   -4.20 (VIOLATED)
_18642_/B                               1.50    2.88   -1.38 (VIOLATED)
_18643_/B                               1.50    2.88   -1.38 (VIOLATED)
_18644_/B                               1.50    2.88   -1.38 (VIOLATED)
_18645_/B                               1.50    2.88   -1.38 (VIOLATED)
_18646_/B                               1.50    2.88   -1.38 (VIOLATED)
_24910_/S                               1.50    2.88   -1.38 (VIOLATED)
_24911_/S                               1.50    2.88   -1.38 (VIOLATED)
_24912_/S                               1.50    2.88   -1.38 (VIOLATED)
_24913_/S                               1.50    2.88   -1.38 (VIOLATED)
_24914_/S                               1.50    2.88   -1.38 (VIOLATED)
_24915_/S                               1.50    2.88   -1.38 (VIOLATED)
_24916_/S                               1.50    2.88   -1.38 (VIOLATED)
_24917_/S                               1.50    2.88   -1.38 (VIOLATED)
_24918_/S                               1.50    2.88   -1.38 (VIOLATED)
_24919_/S                               1.50    2.88   -1.38 (VIOLATED)
_24920_/S                               1.50    2.88   -1.38 (VIOLATED)
_24921_/S                               1.50    2.88   -1.38 (VIOLATED)
_24922_/S                               1.50    2.88   -1.38 (VIOLATED)
_24923_/S                               1.50    2.88   -1.38 (VIOLATED)
_24924_/S                               1.50    2.88   -1.38 (VIOLATED)
_24925_/S                               1.50    2.88   -1.38 (VIOLATED)
_24926_/S                               1.50    2.88   -1.38 (VIOLATED)
_24927_/S                               1.50    2.88   -1.38 (VIOLATED)
_24928_/S                               1.50    2.88   -1.38 (VIOLATED)
_24929_/S                               1.50    2.88   -1.38 (VIOLATED)
_24930_/S                               1.50    2.88   -1.38 (VIOLATED)
_24931_/S                               1.50    2.88   -1.38 (VIOLATED)
_24932_/S                               1.50    2.88   -1.38 (VIOLATED)
_24933_/S                               1.50    2.88   -1.38 (VIOLATED)
_25544_/S                               1.50    2.88   -1.38 (VIOLATED)
_25550_/S                               1.50    2.88   -1.38 (VIOLATED)
_25556_/S                               1.50    2.88   -1.38 (VIOLATED)
_25562_/S                               1.50    2.88   -1.38 (VIOLATED)
_25568_/S                               1.50    2.88   -1.38 (VIOLATED)
_25574_/S                               1.50    2.88   -1.38 (VIOLATED)
_25580_/S                               1.50    2.88   -1.38 (VIOLATED)
_25586_/S                               1.50    2.88   -1.38 (VIOLATED)
_25591_/S                               1.50    2.88   -1.38 (VIOLATED)
_25597_/S                               1.50    2.88   -1.38 (VIOLATED)
_25603_/S                               1.50    2.88   -1.38 (VIOLATED)
_25609_/S                               1.50    2.88   -1.38 (VIOLATED)
_25615_/S                               1.50    2.88   -1.38 (VIOLATED)
_25621_/S                               1.50    2.88   -1.38 (VIOLATED)
_25627_/S                               1.50    2.88   -1.38 (VIOLATED)
_25633_/S                               1.50    2.88   -1.38 (VIOLATED)
_17733_/X                               1.51    2.88   -1.37 (VIOLATED)
_13227_/C                               1.50    2.79   -1.29 (VIOLATED)
_25477_/S                               1.50    2.79   -1.29 (VIOLATED)
_25481_/S                               1.50    2.79   -1.29 (VIOLATED)
_25485_/S                               1.50    2.79   -1.29 (VIOLATED)
_25489_/S                               1.50    2.79   -1.29 (VIOLATED)
_25493_/S                               1.50    2.79   -1.29 (VIOLATED)
_25497_/S                               1.50    2.79   -1.29 (VIOLATED)
_25501_/S                               1.50    2.79   -1.29 (VIOLATED)
_25505_/S                               1.50    2.79   -1.29 (VIOLATED)
_25509_/S                               1.50    2.79   -1.29 (VIOLATED)
_25513_/S                               1.50    2.79   -1.29 (VIOLATED)
_25517_/S                               1.50    2.79   -1.29 (VIOLATED)
_25521_/S                               1.50    2.79   -1.29 (VIOLATED)
_25525_/S                               1.50    2.79   -1.29 (VIOLATED)
_25529_/S                               1.50    2.79   -1.29 (VIOLATED)
_25533_/S                               1.50    2.79   -1.29 (VIOLATED)
_25537_/S                               1.50    2.79   -1.29 (VIOLATED)
_25541_/S                               1.50    2.79   -1.29 (VIOLATED)
_25547_/S                               1.50    2.79   -1.29 (VIOLATED)
_25553_/S                               1.50    2.79   -1.29 (VIOLATED)
_25559_/S                               1.50    2.79   -1.29 (VIOLATED)
_25565_/S                               1.50    2.79   -1.29 (VIOLATED)
_25571_/S                               1.50    2.79   -1.29 (VIOLATED)
_25577_/S                               1.50    2.79   -1.29 (VIOLATED)
_25583_/S                               1.50    2.79   -1.29 (VIOLATED)
_25589_/S                               1.50    2.79   -1.29 (VIOLATED)
_25595_/S                               1.50    2.79   -1.29 (VIOLATED)
_25601_/S                               1.50    2.79   -1.29 (VIOLATED)
_25607_/S                               1.50    2.79   -1.29 (VIOLATED)
_25613_/S                               1.50    2.79   -1.29 (VIOLATED)
_25619_/S                               1.50    2.79   -1.29 (VIOLATED)
_25625_/S                               1.50    2.79   -1.29 (VIOLATED)
_25631_/S                               1.50    2.79   -1.29 (VIOLATED)
_13226_/Y                               1.50    2.79   -1.28 (VIOLATED)
_13984_/B                               1.50    2.34   -0.84 (VIOLATED)
_16225_/A                               1.50    2.34   -0.84 (VIOLATED)
_16307_/B                               1.50    2.34   -0.84 (VIOLATED)
_18279_/B                               1.50    2.34   -0.84 (VIOLATED)
_18282_/C                               1.50    2.34   -0.84 (VIOLATED)
_25259_/S                               1.50    2.34   -0.84 (VIOLATED)
_25774_/S                               1.50    2.34   -0.84 (VIOLATED)
_25811_/S                               1.50    2.34   -0.84 (VIOLATED)
_25813_/S                               1.50    2.34   -0.84 (VIOLATED)
_25815_/S                               1.50    2.34   -0.84 (VIOLATED)
_25817_/S                               1.50    2.34   -0.84 (VIOLATED)
_25819_/S                               1.50    2.34   -0.84 (VIOLATED)
_25821_/S                               1.50    2.34   -0.84 (VIOLATED)
_25823_/S                               1.50    2.34   -0.84 (VIOLATED)
_25825_/S                               1.50    2.34   -0.84 (VIOLATED)
_25827_/S                               1.50    2.34   -0.84 (VIOLATED)
_25829_/S                               1.50    2.34   -0.84 (VIOLATED)
_25831_/S                               1.50    2.34   -0.84 (VIOLATED)
_25833_/S                               1.50    2.34   -0.84 (VIOLATED)
_25835_/S                               1.50    2.34   -0.84 (VIOLATED)
_25837_/S                               1.50    2.34   -0.84 (VIOLATED)
_25839_/S                               1.50    2.34   -0.84 (VIOLATED)
_25841_/S                               1.50    2.34   -0.84 (VIOLATED)
_25843_/S                               1.50    2.34   -0.84 (VIOLATED)
_25845_/S                               1.50    2.34   -0.84 (VIOLATED)
_25847_/S                               1.50    2.34   -0.84 (VIOLATED)
_25849_/S                               1.50    2.34   -0.84 (VIOLATED)
_25851_/S                               1.50    2.34   -0.84 (VIOLATED)
_25853_/S                               1.50    2.34   -0.84 (VIOLATED)
_25855_/S                               1.50    2.34   -0.84 (VIOLATED)
_25857_/S                               1.50    2.34   -0.84 (VIOLATED)
_25859_/S                               1.50    2.34   -0.84 (VIOLATED)
_25861_/S                               1.50    2.34   -0.84 (VIOLATED)
_25863_/S                               1.50    2.34   -0.84 (VIOLATED)
_25865_/S                               1.50    2.34   -0.84 (VIOLATED)
_25867_/S                               1.50    2.34   -0.84 (VIOLATED)
_25871_/S                               1.50    2.34   -0.84 (VIOLATED)
_25875_/S                               1.50    2.34   -0.84 (VIOLATED)
_13983_/X                               1.51    2.34   -0.83 (VIOLATED)
_15774_/B2                              1.50    2.17   -0.67 (VIOLATED)
_15775_/B2                              1.50    2.17   -0.67 (VIOLATED)
_15776_/B2                              1.50    2.17   -0.67 (VIOLATED)
_15777_/B2                              1.50    2.17   -0.67 (VIOLATED)
_16463_/A                               1.50    2.17   -0.67 (VIOLATED)
_24934_/S                               1.50    2.17   -0.67 (VIOLATED)
_24935_/S                               1.50    2.17   -0.67 (VIOLATED)
_24936_/S                               1.50    2.17   -0.67 (VIOLATED)
_24937_/S                               1.50    2.17   -0.67 (VIOLATED)
_24938_/S                               1.50    2.17   -0.67 (VIOLATED)
_24939_/S                               1.50    2.17   -0.67 (VIOLATED)
_24940_/S                               1.50    2.17   -0.67 (VIOLATED)
_24941_/S                               1.50    2.17   -0.67 (VIOLATED)
_24942_/S                               1.50    2.17   -0.67 (VIOLATED)
_24943_/S                               1.50    2.17   -0.67 (VIOLATED)
_24944_/S                               1.50    2.17   -0.67 (VIOLATED)
_24945_/S                               1.50    2.17   -0.67 (VIOLATED)
_24946_/S                               1.50    2.17   -0.67 (VIOLATED)
_24947_/S                               1.50    2.17   -0.67 (VIOLATED)
_24948_/S                               1.50    2.17   -0.67 (VIOLATED)
_24949_/S                               1.50    2.17   -0.67 (VIOLATED)
_24950_/S                               1.50    2.17   -0.67 (VIOLATED)
_24951_/S                               1.50    2.17   -0.67 (VIOLATED)
_24952_/S                               1.50    2.17   -0.67 (VIOLATED)
_24953_/S                               1.50    2.17   -0.67 (VIOLATED)
_24954_/S                               1.50    2.17   -0.67 (VIOLATED)
_24955_/S                               1.50    2.17   -0.67 (VIOLATED)
_24956_/S                               1.50    2.17   -0.67 (VIOLATED)
_24957_/S                               1.50    2.17   -0.67 (VIOLATED)
_24958_/S                               1.50    2.17   -0.67 (VIOLATED)
_25784_/S                               1.50    2.17   -0.67 (VIOLATED)
_25785_/S                               1.50    2.17   -0.67 (VIOLATED)
_25786_/S                               1.50    2.17   -0.67 (VIOLATED)
_25787_/S                               1.50    2.17   -0.67 (VIOLATED)
_25788_/S                               1.50    2.17   -0.67 (VIOLATED)
_25789_/S                               1.50    2.17   -0.67 (VIOLATED)
_25790_/S                               1.50    2.17   -0.67 (VIOLATED)
_15771_/X                               1.51    2.17   -0.66 (VIOLATED)
_13227_/B                               1.50    2.08   -0.58 (VIOLATED)
_13230_/B                               1.50    2.08   -0.58 (VIOLATED)
_25476_/S                               1.50    2.08   -0.58 (VIOLATED)
_25480_/S                               1.50    2.08   -0.58 (VIOLATED)
_25484_/S                               1.50    2.08   -0.58 (VIOLATED)
_25488_/S                               1.50    2.08   -0.58 (VIOLATED)
_25492_/S                               1.50    2.08   -0.58 (VIOLATED)
_25496_/S                               1.50    2.08   -0.58 (VIOLATED)
_25500_/S                               1.50    2.08   -0.58 (VIOLATED)
_25504_/S                               1.50    2.08   -0.58 (VIOLATED)
_25508_/S                               1.50    2.08   -0.58 (VIOLATED)
_25512_/S                               1.50    2.08   -0.58 (VIOLATED)
_25516_/S                               1.50    2.08   -0.58 (VIOLATED)
_25520_/S                               1.50    2.08   -0.58 (VIOLATED)
_25524_/S                               1.50    2.08   -0.58 (VIOLATED)
_25528_/S                               1.50    2.08   -0.58 (VIOLATED)
_25532_/S                               1.50    2.08   -0.58 (VIOLATED)
_25536_/S                               1.50    2.08   -0.58 (VIOLATED)
_25540_/S                               1.50    2.08   -0.58 (VIOLATED)
_25546_/S                               1.50    2.08   -0.58 (VIOLATED)
_25552_/S                               1.50    2.08   -0.58 (VIOLATED)
_25558_/S                               1.50    2.08   -0.58 (VIOLATED)
_25564_/S                               1.50    2.08   -0.58 (VIOLATED)
_25570_/S                               1.50    2.08   -0.58 (VIOLATED)
_25576_/S                               1.50    2.08   -0.58 (VIOLATED)
_25582_/S                               1.50    2.08   -0.58 (VIOLATED)
_25588_/S                               1.50    2.08   -0.58 (VIOLATED)
_25594_/S                               1.50    2.08   -0.58 (VIOLATED)
_25600_/S                               1.50    2.08   -0.58 (VIOLATED)
_25606_/S                               1.50    2.08   -0.58 (VIOLATED)
_25612_/S                               1.50    2.08   -0.58 (VIOLATED)
_25618_/S                               1.50    2.08   -0.58 (VIOLATED)
_25624_/S                               1.50    2.08   -0.58 (VIOLATED)
_25630_/S                               1.50    2.08   -0.58 (VIOLATED)
_13224_/X                               1.51    2.08   -0.57 (VIOLATED)
_17153_/Y                               1.49    1.95   -0.45 (VIOLATED)
_17154_/B                               1.50    1.95   -0.45 (VIOLATED)
_17209_/B1                              1.50    1.95   -0.45 (VIOLATED)
_25473_/S                               1.50    1.95   -0.45 (VIOLATED)
_25704_/S                               1.50    1.95   -0.45 (VIOLATED)
_25705_/S                               1.50    1.95   -0.45 (VIOLATED)
_25706_/S                               1.50    1.95   -0.45 (VIOLATED)
_25707_/S                               1.50    1.95   -0.45 (VIOLATED)
_25708_/S                               1.50    1.95   -0.45 (VIOLATED)
_25709_/S                               1.50    1.95   -0.45 (VIOLATED)
_25710_/S                               1.50    1.95   -0.45 (VIOLATED)
_25711_/S                               1.50    1.95   -0.45 (VIOLATED)
_25712_/S                               1.50    1.95   -0.45 (VIOLATED)
_25713_/S                               1.50    1.95   -0.45 (VIOLATED)
_25714_/S                               1.50    1.95   -0.45 (VIOLATED)
_25715_/S                               1.50    1.95   -0.45 (VIOLATED)
_25716_/S                               1.50    1.95   -0.45 (VIOLATED)
_25717_/S                               1.50    1.95   -0.45 (VIOLATED)
_25718_/S                               1.50    1.95   -0.45 (VIOLATED)
_25719_/S                               1.50    1.95   -0.45 (VIOLATED)
_25720_/S                               1.50    1.95   -0.45 (VIOLATED)
_25721_/S                               1.50    1.95   -0.45 (VIOLATED)
_25722_/S                               1.50    1.95   -0.45 (VIOLATED)
_25723_/S                               1.50    1.95   -0.45 (VIOLATED)
_25724_/S                               1.50    1.95   -0.45 (VIOLATED)
_25725_/S                               1.50    1.95   -0.45 (VIOLATED)
_25726_/S                               1.50    1.95   -0.45 (VIOLATED)
_25727_/S                               1.50    1.95   -0.45 (VIOLATED)
_25728_/S                               1.50    1.95   -0.45 (VIOLATED)
_25729_/S                               1.50    1.95   -0.45 (VIOLATED)
_25730_/S                               1.50    1.95   -0.45 (VIOLATED)
_25731_/S                               1.50    1.95   -0.45 (VIOLATED)
_25732_/S                               1.50    1.95   -0.45 (VIOLATED)
_25733_/S                               1.50    1.95   -0.45 (VIOLATED)
_25734_/S                               1.50    1.95   -0.45 (VIOLATED)
_14476_/A                               1.50    1.86   -0.36 (VIOLATED)
_16383_/A                               1.50    1.86   -0.36 (VIOLATED)
_18777_/B                               1.50    1.86   -0.36 (VIOLATED)
_24841_/A                               1.50    1.86   -0.36 (VIOLATED)
_25152_/S                               1.50    1.86   -0.36 (VIOLATED)
_25157_/S                               1.50    1.86   -0.36 (VIOLATED)
_25162_/S                               1.50    1.86   -0.36 (VIOLATED)
_25167_/S                               1.50    1.86   -0.36 (VIOLATED)
_25313_/S                               1.50    1.86   -0.36 (VIOLATED)
_25314_/S                               1.50    1.86   -0.36 (VIOLATED)
_25316_/S                               1.50    1.86   -0.36 (VIOLATED)
_25317_/S                               1.50    1.86   -0.36 (VIOLATED)
_25320_/S                               1.50    1.86   -0.36 (VIOLATED)
_25321_/S                               1.50    1.86   -0.36 (VIOLATED)
_25323_/S                               1.50    1.86   -0.36 (VIOLATED)
_25324_/S                               1.50    1.86   -0.36 (VIOLATED)
_25327_/S                               1.50    1.86   -0.36 (VIOLATED)
_25328_/S                               1.50    1.86   -0.36 (VIOLATED)
_25330_/S                               1.50    1.86   -0.36 (VIOLATED)
_25331_/S                               1.50    1.86   -0.36 (VIOLATED)
_25333_/S                               1.50    1.86   -0.36 (VIOLATED)
_25334_/S                               1.50    1.86   -0.36 (VIOLATED)
_25335_/S                               1.50    1.86   -0.36 (VIOLATED)
_25339_/S                               1.50    1.86   -0.36 (VIOLATED)
_25340_/S                               1.50    1.86   -0.36 (VIOLATED)
_25342_/S                               1.50    1.86   -0.36 (VIOLATED)
_25343_/S                               1.50    1.86   -0.36 (VIOLATED)
_25346_/S                               1.50    1.86   -0.36 (VIOLATED)
_25347_/S                               1.50    1.86   -0.36 (VIOLATED)
_25349_/S                               1.50    1.86   -0.36 (VIOLATED)
_25350_/S                               1.50    1.86   -0.36 (VIOLATED)
_25353_/S                               1.50    1.86   -0.36 (VIOLATED)
_25354_/S                               1.50    1.86   -0.36 (VIOLATED)
_25356_/S                               1.50    1.86   -0.36 (VIOLATED)
_25357_/S                               1.50    1.86   -0.36 (VIOLATED)
_25359_/S                               1.50    1.86   -0.36 (VIOLATED)
_25360_/S                               1.50    1.86   -0.36 (VIOLATED)
_25361_/S                               1.50    1.86   -0.36 (VIOLATED)
_25362_/S                               1.50    1.86   -0.36 (VIOLATED)
_25363_/S                               1.50    1.86   -0.36 (VIOLATED)
_25365_/S                               1.50    1.86   -0.36 (VIOLATED)
_25367_/S                               1.50    1.86   -0.36 (VIOLATED)
_25369_/S                               1.50    1.86   -0.36 (VIOLATED)
_25371_/S                               1.50    1.86   -0.36 (VIOLATED)
_25375_/S                               1.50    1.86   -0.36 (VIOLATED)
_25380_/S                               1.50    1.86   -0.36 (VIOLATED)
_25385_/S                               1.50    1.86   -0.36 (VIOLATED)
_25390_/S                               1.50    1.86   -0.36 (VIOLATED)
_25398_/S                               1.50    1.86   -0.36 (VIOLATED)
_25406_/S                               1.50    1.86   -0.36 (VIOLATED)
_25410_/S                               1.50    1.86   -0.36 (VIOLATED)
_25411_/S                               1.50    1.86   -0.36 (VIOLATED)
_25413_/S                               1.50    1.86   -0.36 (VIOLATED)
_25414_/S                               1.50    1.86   -0.36 (VIOLATED)
_25417_/S                               1.50    1.86   -0.36 (VIOLATED)
_25418_/S                               1.50    1.86   -0.36 (VIOLATED)
_25420_/S                               1.50    1.86   -0.36 (VIOLATED)
_25421_/S                               1.50    1.86   -0.36 (VIOLATED)
_25422_/S                               1.50    1.86   -0.36 (VIOLATED)
_25425_/S                               1.50    1.86   -0.36 (VIOLATED)
_25426_/S                               1.50    1.86   -0.36 (VIOLATED)
_25428_/S                               1.50    1.86   -0.36 (VIOLATED)
_25429_/S                               1.50    1.86   -0.36 (VIOLATED)
_25432_/S                               1.50    1.86   -0.36 (VIOLATED)
_25433_/S                               1.50    1.86   -0.36 (VIOLATED)
_25435_/S                               1.50    1.86   -0.36 (VIOLATED)
_25436_/S                               1.50    1.86   -0.36 (VIOLATED)
_27466_/Q                               1.51    1.86   -0.36 (VIOLATED)
_14472_/A                               1.50    1.86   -0.36 (VIOLATED)
_16257_/A                               1.50    1.86   -0.36 (VIOLATED)
_16436_/A                               1.50    1.86   -0.36 (VIOLATED)
_16437_/A1                              1.50    1.86   -0.36 (VIOLATED)
_18783_/A                               1.50    1.86   -0.36 (VIOLATED)
_24843_/A                               1.50    1.86   -0.36 (VIOLATED)
_25132_/S                               1.50    1.86   -0.36 (VIOLATED)
_25135_/S                               1.50    1.86   -0.36 (VIOLATED)
_25138_/S                               1.50    1.86   -0.36 (VIOLATED)
_25141_/S                               1.50    1.86   -0.36 (VIOLATED)
_25145_/S                               1.50    1.86   -0.36 (VIOLATED)
_25149_/S                               1.50    1.86   -0.36 (VIOLATED)
_25154_/S                               1.50    1.86   -0.36 (VIOLATED)
_25159_/S                               1.50    1.86   -0.36 (VIOLATED)
_25164_/S                               1.50    1.86   -0.36 (VIOLATED)
_25169_/S                               1.50    1.86   -0.36 (VIOLATED)
_25173_/S                               1.50    1.86   -0.36 (VIOLATED)
_25177_/S                               1.50    1.86   -0.36 (VIOLATED)
_25180_/S                               1.50    1.86   -0.36 (VIOLATED)
_25183_/S                               1.50    1.86   -0.36 (VIOLATED)
_25186_/S                               1.50    1.86   -0.36 (VIOLATED)
_25189_/S                               1.50    1.86   -0.36 (VIOLATED)
_25273_/S                               1.50    1.86   -0.36 (VIOLATED)
_25274_/S                               1.50    1.86   -0.36 (VIOLATED)
_25275_/S                               1.50    1.86   -0.36 (VIOLATED)
_25277_/S                               1.50    1.86   -0.36 (VIOLATED)
_25278_/S                               1.50    1.86   -0.36 (VIOLATED)
_25279_/S                               1.50    1.86   -0.36 (VIOLATED)
_25281_/S                               1.50    1.86   -0.36 (VIOLATED)
_25282_/S                               1.50    1.86   -0.36 (VIOLATED)
_25283_/S                               1.50    1.86   -0.36 (VIOLATED)
_25285_/S                               1.50    1.86   -0.36 (VIOLATED)
_25286_/S                               1.50    1.86   -0.36 (VIOLATED)
_25287_/S                               1.50    1.86   -0.36 (VIOLATED)
_25289_/S                               1.50    1.86   -0.36 (VIOLATED)
_25292_/S                               1.50    1.86   -0.36 (VIOLATED)
_25295_/S                               1.50    1.86   -0.36 (VIOLATED)
_25300_/S                               1.50    1.86   -0.36 (VIOLATED)
_25303_/S                               1.50    1.86   -0.36 (VIOLATED)
_25306_/S                               1.50    1.86   -0.36 (VIOLATED)
_25311_/S                               1.50    1.86   -0.36 (VIOLATED)
_25318_/S                               1.50    1.86   -0.36 (VIOLATED)
_25325_/S                               1.50    1.86   -0.36 (VIOLATED)
_25337_/S                               1.50    1.86   -0.36 (VIOLATED)
_25344_/S                               1.50    1.86   -0.36 (VIOLATED)
_25351_/S                               1.50    1.86   -0.36 (VIOLATED)
_25372_/S                               1.50    1.86   -0.36 (VIOLATED)
_25373_/S                               1.50    1.86   -0.36 (VIOLATED)
_25376_/S                               1.50    1.86   -0.36 (VIOLATED)
_25377_/S                               1.50    1.86   -0.36 (VIOLATED)
_25378_/S                               1.50    1.86   -0.36 (VIOLATED)
_25381_/S                               1.50    1.86   -0.36 (VIOLATED)
_25382_/S                               1.50    1.86   -0.36 (VIOLATED)
_25383_/S                               1.50    1.86   -0.36 (VIOLATED)
_25386_/S                               1.50    1.86   -0.36 (VIOLATED)
_25387_/S                               1.50    1.86   -0.36 (VIOLATED)
_25388_/S                               1.50    1.86   -0.36 (VIOLATED)
_25391_/S                               1.50    1.86   -0.36 (VIOLATED)
_25392_/S                               1.50    1.86   -0.36 (VIOLATED)
_25395_/S                               1.50    1.86   -0.36 (VIOLATED)
_25400_/S                               1.50    1.86   -0.36 (VIOLATED)
_25403_/S                               1.50    1.86   -0.36 (VIOLATED)
_25408_/S                               1.50    1.86   -0.36 (VIOLATED)
_25415_/S                               1.50    1.86   -0.36 (VIOLATED)
_25423_/S                               1.50    1.86   -0.36 (VIOLATED)
_25430_/S                               1.50    1.86   -0.36 (VIOLATED)
_16355_/Y                               1.49    1.85   -0.36 (VIOLATED)
_27468_/Q                               1.51    1.86   -0.35 (VIOLATED)
_16356_/D_N                             1.50    1.85   -0.35 (VIOLATED)
_25940_/S                               1.50    1.85   -0.35 (VIOLATED)
_25942_/S                               1.50    1.85   -0.35 (VIOLATED)
_25944_/S                               1.50    1.85   -0.35 (VIOLATED)
_25946_/S                               1.50    1.85   -0.35 (VIOLATED)
_25948_/S                               1.50    1.85   -0.35 (VIOLATED)
_25950_/S                               1.50    1.85   -0.35 (VIOLATED)
_25952_/S                               1.50    1.85   -0.35 (VIOLATED)
_25954_/S                               1.50    1.85   -0.35 (VIOLATED)
_25956_/S                               1.50    1.85   -0.35 (VIOLATED)
_25958_/S                               1.50    1.85   -0.35 (VIOLATED)
_25960_/S                               1.50    1.85   -0.35 (VIOLATED)
_25962_/S                               1.50    1.85   -0.35 (VIOLATED)
_25964_/S                               1.50    1.85   -0.35 (VIOLATED)
_25966_/S                               1.50    1.85   -0.35 (VIOLATED)
_25968_/S                               1.50    1.85   -0.35 (VIOLATED)
_25970_/S                               1.50    1.85   -0.35 (VIOLATED)
_25972_/S                               1.50    1.85   -0.35 (VIOLATED)
_25974_/S                               1.50    1.85   -0.35 (VIOLATED)
_25976_/S                               1.50    1.85   -0.35 (VIOLATED)
_25978_/S                               1.50    1.85   -0.35 (VIOLATED)
_25980_/S                               1.50    1.85   -0.35 (VIOLATED)
_25982_/S                               1.50    1.85   -0.35 (VIOLATED)
_25984_/S                               1.50    1.85   -0.35 (VIOLATED)
_25986_/S                               1.50    1.85   -0.35 (VIOLATED)
_25988_/S                               1.50    1.85   -0.35 (VIOLATED)
_25990_/S                               1.50    1.85   -0.35 (VIOLATED)
_25992_/S                               1.50    1.85   -0.35 (VIOLATED)
_25995_/S                               1.50    1.85   -0.35 (VIOLATED)
_25998_/S                               1.50    1.85   -0.35 (VIOLATED)
_26001_/S                               1.50    1.85   -0.35 (VIOLATED)
_26004_/S                               1.50    1.85   -0.35 (VIOLATED)
_26007_/S                               1.50    1.85   -0.35 (VIOLATED)
_14474_/A                               1.50    1.84   -0.34 (VIOLATED)
_16265_/A                               1.50    1.84   -0.34 (VIOLATED)
_18777_/A                               1.50    1.84   -0.34 (VIOLATED)
_24842_/A                               1.50    1.84   -0.34 (VIOLATED)
_25144_/S                               1.50    1.84   -0.34 (VIOLATED)
_25148_/S                               1.50    1.84   -0.34 (VIOLATED)
_25153_/S                               1.50    1.84   -0.34 (VIOLATED)
_25158_/S                               1.50    1.84   -0.34 (VIOLATED)
_25163_/S                               1.50    1.84   -0.34 (VIOLATED)
_25168_/S                               1.50    1.84   -0.34 (VIOLATED)
_25172_/S                               1.50    1.84   -0.34 (VIOLATED)
_25176_/S                               1.50    1.84   -0.34 (VIOLATED)
_25290_/S                               1.50    1.84   -0.34 (VIOLATED)
_25291_/S                               1.50    1.84   -0.34 (VIOLATED)
_25293_/S                               1.50    1.84   -0.34 (VIOLATED)
_25294_/S                               1.50    1.84   -0.34 (VIOLATED)
_25296_/S                               1.50    1.84   -0.34 (VIOLATED)
_25297_/S                               1.50    1.84   -0.34 (VIOLATED)
_25298_/S                               1.50    1.84   -0.34 (VIOLATED)
_25301_/S                               1.50    1.84   -0.34 (VIOLATED)
_25302_/S                               1.50    1.84   -0.34 (VIOLATED)
_25304_/S                               1.50    1.84   -0.34 (VIOLATED)
_25305_/S                               1.50    1.84   -0.34 (VIOLATED)
_25307_/S                               1.50    1.84   -0.34 (VIOLATED)
_25308_/S                               1.50    1.84   -0.34 (VIOLATED)
_25309_/S                               1.50    1.84   -0.34 (VIOLATED)
_25312_/S                               1.50    1.84   -0.34 (VIOLATED)
_25315_/S                               1.50    1.84   -0.34 (VIOLATED)
_25319_/S                               1.50    1.84   -0.34 (VIOLATED)
_25322_/S                               1.50    1.84   -0.34 (VIOLATED)
_25326_/S                               1.50    1.84   -0.34 (VIOLATED)
_25329_/S                               1.50    1.84   -0.34 (VIOLATED)
_25332_/S                               1.50    1.84   -0.34 (VIOLATED)
_25338_/S                               1.50    1.84   -0.34 (VIOLATED)
_25341_/S                               1.50    1.84   -0.34 (VIOLATED)
_25345_/S                               1.50    1.84   -0.34 (VIOLATED)
_25348_/S                               1.50    1.84   -0.34 (VIOLATED)
_25352_/S                               1.50    1.84   -0.34 (VIOLATED)
_25355_/S                               1.50    1.84   -0.34 (VIOLATED)
_25358_/S                               1.50    1.84   -0.34 (VIOLATED)
_25364_/S                               1.50    1.84   -0.34 (VIOLATED)
_25366_/S                               1.50    1.84   -0.34 (VIOLATED)
_25368_/S                               1.50    1.84   -0.34 (VIOLATED)
_25370_/S                               1.50    1.84   -0.34 (VIOLATED)
_25374_/S                               1.50    1.84   -0.34 (VIOLATED)
_25379_/S                               1.50    1.84   -0.34 (VIOLATED)
_25384_/S                               1.50    1.84   -0.34 (VIOLATED)
_25389_/S                               1.50    1.84   -0.34 (VIOLATED)
_25393_/S                               1.50    1.84   -0.34 (VIOLATED)
_25394_/S                               1.50    1.84   -0.34 (VIOLATED)
_25396_/S                               1.50    1.84   -0.34 (VIOLATED)
_25397_/S                               1.50    1.84   -0.34 (VIOLATED)
_25399_/S                               1.50    1.84   -0.34 (VIOLATED)
_25401_/S                               1.50    1.84   -0.34 (VIOLATED)
_25402_/S                               1.50    1.84   -0.34 (VIOLATED)
_25404_/S                               1.50    1.84   -0.34 (VIOLATED)
_25405_/S                               1.50    1.84   -0.34 (VIOLATED)
_25407_/S                               1.50    1.84   -0.34 (VIOLATED)
_25409_/S                               1.50    1.84   -0.34 (VIOLATED)
_25412_/S                               1.50    1.84   -0.34 (VIOLATED)
_25416_/S                               1.50    1.84   -0.34 (VIOLATED)
_25419_/S                               1.50    1.84   -0.34 (VIOLATED)
_25424_/S                               1.50    1.84   -0.34 (VIOLATED)
_25427_/S                               1.50    1.84   -0.34 (VIOLATED)
_25431_/S                               1.50    1.84   -0.34 (VIOLATED)
_25434_/S                               1.50    1.84   -0.34 (VIOLATED)
_27467_/Q                               1.51    1.84   -0.33 (VIOLATED)
_16030_/Y                               1.49    1.82   -0.32 (VIOLATED)
_16032_/A1                              1.50    1.82   -0.32 (VIOLATED)
_25086_/S                               1.50    1.82   -0.32 (VIOLATED)
_25087_/S                               1.50    1.82   -0.32 (VIOLATED)
_25088_/S                               1.50    1.82   -0.32 (VIOLATED)
_25089_/S                               1.50    1.82   -0.32 (VIOLATED)
_25090_/S                               1.50    1.82   -0.32 (VIOLATED)
_25091_/S                               1.50    1.82   -0.32 (VIOLATED)
_25092_/S                               1.50    1.82   -0.32 (VIOLATED)
_25093_/S                               1.50    1.82   -0.32 (VIOLATED)
_25094_/S                               1.50    1.82   -0.32 (VIOLATED)
_25095_/S                               1.50    1.82   -0.32 (VIOLATED)
_25096_/S                               1.50    1.82   -0.32 (VIOLATED)
_25097_/S                               1.50    1.82   -0.32 (VIOLATED)
_25098_/S                               1.50    1.82   -0.32 (VIOLATED)
_25099_/S                               1.50    1.82   -0.32 (VIOLATED)
_25100_/S                               1.50    1.82   -0.32 (VIOLATED)
_25101_/S                               1.50    1.82   -0.32 (VIOLATED)
_25102_/S                               1.50    1.82   -0.32 (VIOLATED)
_25103_/S                               1.50    1.82   -0.32 (VIOLATED)
_25104_/S                               1.50    1.82   -0.32 (VIOLATED)
_25105_/S                               1.50    1.82   -0.32 (VIOLATED)
_25106_/S                               1.50    1.82   -0.32 (VIOLATED)
_25107_/S                               1.50    1.82   -0.32 (VIOLATED)
_25108_/S                               1.50    1.82   -0.32 (VIOLATED)
_25109_/S                               1.50    1.82   -0.32 (VIOLATED)
_25110_/S                               1.50    1.82   -0.32 (VIOLATED)
_25111_/S                               1.50    1.82   -0.32 (VIOLATED)
_25112_/S                               1.50    1.82   -0.32 (VIOLATED)
_25113_/S                               1.50    1.82   -0.32 (VIOLATED)
_25114_/S                               1.50    1.82   -0.32 (VIOLATED)
_25115_/S                               1.50    1.82   -0.32 (VIOLATED)
_25697_/S                               1.50    1.82   -0.32 (VIOLATED)
_13295_/B                               1.50    1.74   -0.24 (VIOLATED)
_26078_/S0                              1.50    1.74   -0.24 (VIOLATED)
_26084_/S0                              1.50    1.74   -0.24 (VIOLATED)
_26090_/S0                              1.50    1.74   -0.24 (VIOLATED)
_26096_/S0                              1.50    1.74   -0.24 (VIOLATED)
_26102_/S0                              1.50    1.74   -0.24 (VIOLATED)
_26108_/S0                              1.50    1.74   -0.24 (VIOLATED)
_26114_/S0                              1.50    1.74   -0.24 (VIOLATED)
_26120_/S0                              1.50    1.74   -0.24 (VIOLATED)
_26126_/S0                              1.50    1.74   -0.24 (VIOLATED)
_26132_/S0                              1.50    1.74   -0.24 (VIOLATED)
_26138_/S0                              1.50    1.74   -0.24 (VIOLATED)
_26144_/S0                              1.50    1.74   -0.24 (VIOLATED)
_26150_/S0                              1.50    1.74   -0.24 (VIOLATED)
_26156_/S0                              1.50    1.74   -0.24 (VIOLATED)
_26162_/S0                              1.50    1.74   -0.24 (VIOLATED)
_26168_/S0                              1.50    1.74   -0.24 (VIOLATED)
_26174_/S0                              1.50    1.74   -0.24 (VIOLATED)
_26180_/S0                              1.50    1.74   -0.24 (VIOLATED)
_26186_/S0                              1.50    1.74   -0.24 (VIOLATED)
_26192_/S0                              1.50    1.74   -0.24 (VIOLATED)
_26198_/S0                              1.50    1.74   -0.24 (VIOLATED)
_26204_/S0                              1.50    1.74   -0.24 (VIOLATED)
_26210_/S0                              1.50    1.74   -0.24 (VIOLATED)
_26216_/S0                              1.50    1.74   -0.24 (VIOLATED)
_26222_/S0                              1.50    1.74   -0.24 (VIOLATED)
_26228_/S0                              1.50    1.74   -0.24 (VIOLATED)
_26234_/S0                              1.50    1.74   -0.24 (VIOLATED)
_26240_/S0                              1.50    1.74   -0.24 (VIOLATED)
_26246_/S0                              1.50    1.74   -0.24 (VIOLATED)
_26252_/S0                              1.50    1.74   -0.24 (VIOLATED)
_26258_/S0                              1.50    1.74   -0.24 (VIOLATED)
_26264_/S0                              1.50    1.74   -0.24 (VIOLATED)
_25769_/X                               1.51    1.74   -0.23 (VIOLATED)
_14470_/A                               1.50    1.72   -0.22 (VIOLATED)
_16244_/A                               1.50    1.72   -0.22 (VIOLATED)
_16429_/A                               1.50    1.72   -0.22 (VIOLATED)
_18789_/A                               1.50    1.72   -0.22 (VIOLATED)
_24844_/A                               1.50    1.72   -0.22 (VIOLATED)
_25116_/S                               1.50    1.72   -0.22 (VIOLATED)
_25118_/S                               1.50    1.72   -0.22 (VIOLATED)
_25120_/S                               1.50    1.72   -0.22 (VIOLATED)
_25122_/S                               1.50    1.72   -0.22 (VIOLATED)
_25124_/S                               1.50    1.72   -0.22 (VIOLATED)
_25126_/S                               1.50    1.72   -0.22 (VIOLATED)
_25128_/S                               1.50    1.72   -0.22 (VIOLATED)
_25130_/S                               1.50    1.72   -0.22 (VIOLATED)
_25133_/S                               1.50    1.72   -0.22 (VIOLATED)
_25136_/S                               1.50    1.72   -0.22 (VIOLATED)
_25139_/S                               1.50    1.72   -0.22 (VIOLATED)
_25142_/S                               1.50    1.72   -0.22 (VIOLATED)
_25146_/S                               1.50    1.72   -0.22 (VIOLATED)
_25150_/S                               1.50    1.72   -0.22 (VIOLATED)
_25155_/S                               1.50    1.72   -0.22 (VIOLATED)
_25160_/S                               1.50    1.72   -0.22 (VIOLATED)
_25165_/S                               1.50    1.72   -0.22 (VIOLATED)
_25170_/S                               1.50    1.72   -0.22 (VIOLATED)
_25174_/S                               1.50    1.72   -0.22 (VIOLATED)
_25178_/S                               1.50    1.72   -0.22 (VIOLATED)
_25181_/S                               1.50    1.72   -0.22 (VIOLATED)
_25184_/S                               1.50    1.72   -0.22 (VIOLATED)
_25187_/S                               1.50    1.72   -0.22 (VIOLATED)
_25190_/S                               1.50    1.72   -0.22 (VIOLATED)
_25192_/S                               1.50    1.72   -0.22 (VIOLATED)
_25194_/S                               1.50    1.72   -0.22 (VIOLATED)
_25196_/S                               1.50    1.72   -0.22 (VIOLATED)
_25198_/S                               1.50    1.72   -0.22 (VIOLATED)
_25200_/S                               1.50    1.72   -0.22 (VIOLATED)
_25202_/S                               1.50    1.72   -0.22 (VIOLATED)
_25204_/S                               1.50    1.72   -0.22 (VIOLATED)
_25206_/S                               1.50    1.72   -0.22 (VIOLATED)
_25264_/S                               1.50    1.72   -0.22 (VIOLATED)
_25265_/S                               1.50    1.72   -0.22 (VIOLATED)
_25266_/S                               1.50    1.72   -0.22 (VIOLATED)
_25267_/S                               1.50    1.72   -0.22 (VIOLATED)
_25268_/S                               1.50    1.72   -0.22 (VIOLATED)
_25269_/S                               1.50    1.72   -0.22 (VIOLATED)
_25270_/S                               1.50    1.72   -0.22 (VIOLATED)
_25271_/S                               1.50    1.72   -0.22 (VIOLATED)
_25272_/S                               1.50    1.72   -0.22 (VIOLATED)
_25276_/S                               1.50    1.72   -0.22 (VIOLATED)
_25280_/S                               1.50    1.72   -0.22 (VIOLATED)
_25284_/S                               1.50    1.72   -0.22 (VIOLATED)
_25288_/S                               1.50    1.72   -0.22 (VIOLATED)
_25299_/S                               1.50    1.72   -0.22 (VIOLATED)
_25310_/S                               1.50    1.72   -0.22 (VIOLATED)
_25336_/S                               1.50    1.72   -0.22 (VIOLATED)
_25798_/S                               1.50    1.72   -0.22 (VIOLATED)
_25799_/S                               1.50    1.72   -0.22 (VIOLATED)
_25800_/S                               1.50    1.72   -0.22 (VIOLATED)
_25801_/S                               1.50    1.72   -0.22 (VIOLATED)
_25802_/S                               1.50    1.72   -0.22 (VIOLATED)
_25803_/S                               1.50    1.72   -0.22 (VIOLATED)
_25804_/S                               1.50    1.72   -0.22 (VIOLATED)
_25805_/S                               1.50    1.72   -0.22 (VIOLATED)
_27469_/Q                               1.51    1.72   -0.21 (VIOLATED)
_26265_/S0                              1.50    1.56   -0.06 (VIOLATED)
_26266_/S0                              1.50    1.56   -0.06 (VIOLATED)
_26267_/S0                              1.50    1.56   -0.06 (VIOLATED)
_26268_/S0                              1.50    1.56   -0.06 (VIOLATED)
_26269_/S0                              1.50    1.56   -0.06 (VIOLATED)
_26270_/S0                              1.50    1.56   -0.06 (VIOLATED)
_26271_/S0                              1.50    1.56   -0.06 (VIOLATED)
_26272_/S0                              1.50    1.56   -0.06 (VIOLATED)
_26273_/S0                              1.50    1.56   -0.06 (VIOLATED)
_26274_/S0                              1.50    1.56   -0.06 (VIOLATED)
_26275_/S0                              1.50    1.56   -0.06 (VIOLATED)
_26276_/S0                              1.50    1.56   -0.06 (VIOLATED)
_26277_/S0                              1.50    1.56   -0.06 (VIOLATED)
_26278_/S0                              1.50    1.56   -0.06 (VIOLATED)
_26279_/S0                              1.50    1.56   -0.06 (VIOLATED)
_26280_/S0                              1.50    1.56   -0.06 (VIOLATED)
_26281_/S0                              1.50    1.56   -0.06 (VIOLATED)
_26282_/S0                              1.50    1.56   -0.06 (VIOLATED)
_26283_/S0                              1.50    1.56   -0.06 (VIOLATED)
_26284_/S0                              1.50    1.56   -0.06 (VIOLATED)
_26285_/S0                              1.50    1.56   -0.06 (VIOLATED)
_26286_/S0                              1.50    1.56   -0.06 (VIOLATED)
_26287_/S0                              1.50    1.56   -0.06 (VIOLATED)
_26288_/S0                              1.50    1.56   -0.06 (VIOLATED)
_26289_/S0                              1.50    1.56   -0.06 (VIOLATED)
_26290_/S0                              1.50    1.56   -0.06 (VIOLATED)
_26291_/S0                              1.50    1.56   -0.06 (VIOLATED)
_26292_/S0                              1.50    1.56   -0.06 (VIOLATED)
_26293_/S0                              1.50    1.56   -0.06 (VIOLATED)
_24849_/X                               1.51    1.56   -0.05 (VIOLATED)
_14468_/A                               1.50    1.51   -0.01 (VIOLATED)
_16233_/A                               1.50    1.51   -0.01 (VIOLATED)
_16432_/A                               1.50    1.51   -0.01 (VIOLATED)
_18796_/A                               1.50    1.51   -0.01 (VIOLATED)
_24845_/A                               1.50    1.51   -0.01 (VIOLATED)
_25117_/S                               1.50    1.51   -0.01 (VIOLATED)
_25119_/S                               1.50    1.51   -0.01 (VIOLATED)
_25121_/S                               1.50    1.51   -0.01 (VIOLATED)
_25123_/S                               1.50    1.51   -0.01 (VIOLATED)
_25125_/S                               1.50    1.51   -0.01 (VIOLATED)
_25127_/S                               1.50    1.51   -0.01 (VIOLATED)
_25129_/S                               1.50    1.51   -0.01 (VIOLATED)
_25131_/S                               1.50    1.51   -0.01 (VIOLATED)
_25134_/S                               1.50    1.51   -0.01 (VIOLATED)
_25137_/S                               1.50    1.51   -0.01 (VIOLATED)
_25140_/S                               1.50    1.51   -0.01 (VIOLATED)
_25143_/S                               1.50    1.51   -0.01 (VIOLATED)
_25147_/S                               1.50    1.51   -0.01 (VIOLATED)
_25151_/S                               1.50    1.51   -0.01 (VIOLATED)
_25156_/S                               1.50    1.51   -0.01 (VIOLATED)
_25161_/S                               1.50    1.51   -0.01 (VIOLATED)
_25166_/S                               1.50    1.51   -0.01 (VIOLATED)
_25171_/S                               1.50    1.51   -0.01 (VIOLATED)
_25175_/S                               1.50    1.51   -0.01 (VIOLATED)
_25179_/S                               1.50    1.51   -0.01 (VIOLATED)
_25182_/S                               1.50    1.51   -0.01 (VIOLATED)
_25185_/S                               1.50    1.51   -0.01 (VIOLATED)
_25188_/S                               1.50    1.51   -0.01 (VIOLATED)
_25191_/S                               1.50    1.51   -0.01 (VIOLATED)
_25193_/S                               1.50    1.51   -0.01 (VIOLATED)
_25195_/S                               1.50    1.51   -0.01 (VIOLATED)
_25197_/S                               1.50    1.51   -0.01 (VIOLATED)
_25199_/S                               1.50    1.51   -0.01 (VIOLATED)
_25201_/S                               1.50    1.51   -0.01 (VIOLATED)
_25203_/S                               1.50    1.51   -0.01 (VIOLATED)
_25205_/S                               1.50    1.51   -0.01 (VIOLATED)
_25207_/S                               1.50    1.51   -0.01 (VIOLATED)
_25208_/S                               1.50    1.51   -0.01 (VIOLATED)
_25209_/S                               1.50    1.51   -0.01 (VIOLATED)
_25210_/S                               1.50    1.51   -0.01 (VIOLATED)
_25211_/S                               1.50    1.51   -0.01 (VIOLATED)
_25212_/S                               1.50    1.51   -0.01 (VIOLATED)
_25213_/S                               1.50    1.51   -0.01 (VIOLATED)
_25214_/S                               1.50    1.51   -0.01 (VIOLATED)
_25215_/S                               1.50    1.51   -0.01 (VIOLATED)
_25216_/S                               1.50    1.51   -0.01 (VIOLATED)
_25217_/S                               1.50    1.51   -0.01 (VIOLATED)
_25218_/S                               1.50    1.51   -0.01 (VIOLATED)
_25219_/S                               1.50    1.51   -0.01 (VIOLATED)
_25220_/S                               1.50    1.51   -0.01 (VIOLATED)
_25221_/S                               1.50    1.51   -0.01 (VIOLATED)
_25222_/S                               1.50    1.51   -0.01 (VIOLATED)
_25223_/S                               1.50    1.51   -0.01 (VIOLATED)
_27470_/Q                               1.51    1.51   -0.01 (VIOLATED)
_13295_/C_N                             1.50    1.50   -0.00 (VIOLATED)
_25735_/S                               1.50    1.50   -0.00 (VIOLATED)
_25736_/S                               1.50    1.50   -0.00 (VIOLATED)
_25737_/S                               1.50    1.50   -0.00 (VIOLATED)
_25738_/S                               1.50    1.50   -0.00 (VIOLATED)
_25739_/S                               1.50    1.50   -0.00 (VIOLATED)
_25740_/S                               1.50    1.50   -0.00 (VIOLATED)
_25741_/S                               1.50    1.50   -0.00 (VIOLATED)
_25742_/S                               1.50    1.50   -0.00 (VIOLATED)
_25743_/S                               1.50    1.50   -0.00 (VIOLATED)
_25744_/S                               1.50    1.50   -0.00 (VIOLATED)
_25745_/S                               1.50    1.50   -0.00 (VIOLATED)
_25746_/S                               1.50    1.50   -0.00 (VIOLATED)
_25747_/S                               1.50    1.50   -0.00 (VIOLATED)
_25748_/S                               1.50    1.50   -0.00 (VIOLATED)
_25749_/S                               1.50    1.50   -0.00 (VIOLATED)
_25750_/S                               1.50    1.50   -0.00 (VIOLATED)
_25751_/S                               1.50    1.50   -0.00 (VIOLATED)
_25752_/S                               1.50    1.50   -0.00 (VIOLATED)
_25753_/S                               1.50    1.50   -0.00 (VIOLATED)
_25754_/S                               1.50    1.50   -0.00 (VIOLATED)
_25755_/S                               1.50    1.50   -0.00 (VIOLATED)
_25756_/S                               1.50    1.50   -0.00 (VIOLATED)
_25757_/S                               1.50    1.50   -0.00 (VIOLATED)
_25758_/S                               1.50    1.50   -0.00 (VIOLATED)
_25759_/S                               1.50    1.50   -0.00 (VIOLATED)
_25760_/S                               1.50    1.50   -0.00 (VIOLATED)
_25761_/S                               1.50    1.50   -0.00 (VIOLATED)
_25762_/S                               1.50    1.50   -0.00 (VIOLATED)
_25763_/S                               1.50    1.50   -0.00 (VIOLATED)
_25764_/S                               1.50    1.50   -0.00 (VIOLATED)
_25765_/S                               1.50    1.50   -0.00 (VIOLATED)
_25766_/S                               1.50    1.50   -0.00 (VIOLATED)

max capacitance

Pin                                    Limit     Cap   Slack
------------------------------------------------------------
_25771_/X                               0.23    0.63   -0.39 (VIOLATED)
_25770_/X                               0.23    0.42   -0.19 (VIOLATED)

