Startpoint: _31195_ (rising edge-triggered flip-flop clocked by clk)
Endpoint: _31195_ (rising edge-triggered flip-flop clocked by clk)
Path Group: clk
Path Type: min

Fanout     Cap    Slew   Delay    Time   Description
-----------------------------------------------------------------------------
                  0.00    0.00    0.00   clock clk (rise edge)
                          0.00    0.00   clock network delay (ideal)
                  0.00    0.00    0.00 ^ _31195_/CLK (sky130_fd_sc_hd__dfxtp_1)
                  0.04    0.18    0.18 ^ _31195_/Q (sky130_fd_sc_hd__dfxtp_1)
     2    0.00                           cpuregs[0][0] (net)
                  0.04    0.00    0.18 ^ _18491_/A (sky130_fd_sc_hd__clkbuf_1)
                  0.02    0.05    0.23 ^ _18491_/X (sky130_fd_sc_hd__clkbuf_1)
     1    0.00                           _02835_ (net)
                  0.02    0.00    0.23 ^ _31195_/D (sky130_fd_sc_hd__dfxtp_1)
                                  0.23   data arrival time

                  0.00    0.00    0.00   clock clk (rise edge)
                          0.00    0.00   clock network delay (ideal)
                          0.00    0.00   clock reconvergence pessimism
                                  0.00 ^ _31195_/CLK (sky130_fd_sc_hd__dfxtp_1)
                         -0.02   -0.02   library hold time
                                 -0.02   data required time
-----------------------------------------------------------------------------
                                 -0.02   data required time
                                 -0.23   data arrival time
-----------------------------------------------------------------------------
                                  0.25   slack (MET)


Startpoint: _32422_ (rising edge-triggered flip-flop clocked by clk)
Endpoint: _32349_ (rising edge-triggered flip-flop clocked by clk)
Path Group: clk
Path Type: max

Fanout     Cap    Slew   Delay    Time   Description
-----------------------------------------------------------------------------
                  0.00    0.00    0.00   clock clk (rise edge)
                          0.00    0.00   clock network delay (ideal)
                  0.00    0.00    0.00 ^ _32422_/CLK (sky130_fd_sc_hd__dfxtp_4)
                  0.50    1.00    1.00 ^ _32422_/Q (sky130_fd_sc_hd__dfxtp_4)
    33    0.11                           latched_stalu (net)
                  0.50    0.00    1.00 ^ _30323_/S (sky130_fd_sc_hd__mux2_1)
                  0.13    0.85    1.85 v _30323_/X (sky130_fd_sc_hd__mux2_1)
     2    0.00                           _00293_ (net)
                  0.13    0.00    1.85 v _30322_/A1 (sky130_fd_sc_hd__mux2_1)
                  0.10    0.65    2.49 v _30322_/X (sky130_fd_sc_hd__mux2_1)
     1    0.00                           _00294_ (net)
                  0.10    0.00    2.49 v _19592_/B (sky130_fd_sc_hd__and2_1)
                  0.06    0.31    2.81 v _19592_/X (sky130_fd_sc_hd__and2_1)
     1    0.00                           _00295_ (net)
                  0.06    0.00    2.81 v _29613_/A0 (sky130_fd_sc_hd__mux2_2)
                  0.13    0.58    3.39 v _29613_/X (sky130_fd_sc_hd__mux2_2)
     4    0.01                           _02560_ (net)
                  0.13    0.00    3.39 v _19974_/A (sky130_fd_sc_hd__xnor2_1)
                  0.14    0.27    3.67 v _19974_/Y (sky130_fd_sc_hd__xnor2_1)
     2    0.01                           _15017_ (net)
                  0.14    0.00    3.67 v _19979_/A_N (sky130_fd_sc_hd__nand3b_2)
                  0.14    0.46    4.13 v _19979_/Y (sky130_fd_sc_hd__nand3b_2)
     2    0.00                           _15019_ (net)
                  0.14    0.00    4.13 v _19986_/B2 (sky130_fd_sc_hd__a2bb2oi_1)
                  0.18    0.23    4.36 ^ _19986_/Y (sky130_fd_sc_hd__a2bb2oi_1)
     1    0.00                           _15024_ (net)
                  0.18    0.00    4.36 ^ _19987_/B1 (sky130_fd_sc_hd__a21o_1)
                  0.11    0.22    4.58 ^ _19987_/X (sky130_fd_sc_hd__a21o_1)
     2    0.01                           _15025_ (net)
                  0.11    0.00    4.58 ^ _19993_/B1 (sky130_fd_sc_hd__o21ai_1)
                  0.08    0.13    4.71 v _19993_/Y (sky130_fd_sc_hd__o21ai_1)
     1    0.00                           _15029_ (net)
                  0.08    0.00    4.71 v _19994_/B1 (sky130_fd_sc_hd__o21ai_1)
                  0.28    0.18    4.89 ^ _19994_/Y (sky130_fd_sc_hd__o21ai_1)
     2    0.01                           _15030_ (net)
                  0.28    0.00    4.89 ^ _20001_/B1 (sky130_fd_sc_hd__o21ai_1)
                  0.13    0.22    5.11 v _20001_/Y (sky130_fd_sc_hd__o21ai_1)
     1    0.00                           _15035_ (net)
                  0.13    0.00    5.11 v _20002_/B1 (sky130_fd_sc_hd__o21ai_2)
                  0.21    0.13    5.25 ^ _20002_/Y (sky130_fd_sc_hd__o21ai_2)
     2    0.01                           _15036_ (net)
                  0.21    0.00    5.25 ^ _20009_/A1 (sky130_fd_sc_hd__a21o_1)
                  0.11    0.30    5.54 ^ _20009_/X (sky130_fd_sc_hd__a21o_1)
     2    0.01                           _15041_ (net)
                  0.11    0.00    5.54 ^ _20016_/B1 (sky130_fd_sc_hd__o21ai_1)
                  0.12    0.16    5.70 v _20016_/Y (sky130_fd_sc_hd__o21ai_1)
     1    0.00                           _15046_ (net)
                  0.12    0.00    5.70 v _20017_/B1 (sky130_fd_sc_hd__o21ai_2)
                  0.21    0.13    5.82 ^ _20017_/Y (sky130_fd_sc_hd__o21ai_2)
     2    0.01                           _15047_ (net)
                  0.21    0.00    5.82 ^ _20023_/A1 (sky130_fd_sc_hd__a21o_1)
                  0.12    0.30    6.12 ^ _20023_/X (sky130_fd_sc_hd__a21o_1)
     2    0.01                           _15051_ (net)
                  0.12    0.00    6.12 ^ _20032_/A1 (sky130_fd_sc_hd__a21o_1)
                  0.12    0.26    6.39 ^ _20032_/X (sky130_fd_sc_hd__a21o_1)
     2    0.01                           _15058_ (net)
                  0.12    0.00    6.39 ^ _20038_/A1 (sky130_fd_sc_hd__a21o_1)
                  0.12    0.26    6.65 ^ _20038_/X (sky130_fd_sc_hd__a21o_1)
     2    0.01                           _15062_ (net)
                  0.12    0.00    6.65 ^ _20042_/A (sky130_fd_sc_hd__nand2_1)
                  0.12    0.15    6.80 v _20042_/Y (sky130_fd_sc_hd__nand2_1)
     2    0.01                           _15064_ (net)
                  0.12    0.00    6.80 v _20045_/A1 (sky130_fd_sc_hd__a21boi_2)
                  0.17    0.23    7.03 ^ _20045_/Y (sky130_fd_sc_hd__a21boi_2)
     2    0.01                           _15067_ (net)
                  0.17    0.00    7.03 ^ _20051_/B1 (sky130_fd_sc_hd__a21o_1)
                  0.12    0.22    7.25 ^ _20051_/X (sky130_fd_sc_hd__a21o_1)
     2    0.01                           _15071_ (net)
                  0.12    0.00    7.25 ^ _20057_/A1 (sky130_fd_sc_hd__a21o_1)
                  0.12    0.26    7.52 ^ _20057_/X (sky130_fd_sc_hd__a21o_1)
     2    0.01                           _15075_ (net)
                  0.12    0.00    7.52 ^ _20062_/A (sky130_fd_sc_hd__nand2_1)
                  0.07    0.10    7.62 v _20062_/Y (sky130_fd_sc_hd__nand2_1)
     1    0.00                           _15078_ (net)
                  0.07    0.00    7.62 v _20063_/B1 (sky130_fd_sc_hd__o21ai_1)
                  0.26    0.17    7.79 ^ _20063_/Y (sky130_fd_sc_hd__o21ai_1)
     2    0.01                           _15079_ (net)
                  0.26    0.00    7.79 ^ _20068_/A (sky130_fd_sc_hd__and2_1)
                  0.08    0.29    8.08 ^ _20068_/X (sky130_fd_sc_hd__and2_1)
     1    0.00                           _15082_ (net)
                  0.08    0.00    8.08 ^ _20069_/B1 (sky130_fd_sc_hd__a21o_1)
                  0.12    0.18    8.26 ^ _20069_/X (sky130_fd_sc_hd__a21o_1)
     2    0.01                           _15083_ (net)
                  0.12    0.00    8.26 ^ _20075_/A1 (sky130_fd_sc_hd__a21o_1)
                  0.12    0.26    8.52 ^ _20075_/X (sky130_fd_sc_hd__a21o_1)
     2    0.01                           _15087_ (net)
                  0.12    0.00    8.52 ^ _20083_/A1 (sky130_fd_sc_hd__a21o_1)
                  0.12    0.26    8.79 ^ _20083_/X (sky130_fd_sc_hd__a21o_1)
     2    0.01                           _15093_ (net)
                  0.12    0.00    8.79 ^ _20089_/A1 (sky130_fd_sc_hd__a21o_1)
                  0.20    0.33    9.11 ^ _20089_/X (sky130_fd_sc_hd__a21o_1)
     2    0.01                           _15097_ (net)
                  0.20    0.00    9.11 ^ _20095_/A1 (sky130_fd_sc_hd__a21oi_4)
                  0.08    0.15    9.26 v _20095_/Y (sky130_fd_sc_hd__a21oi_4)
     2    0.01                           _15101_ (net)
                  0.08    0.00    9.26 v _20100_/B1 (sky130_fd_sc_hd__a21o_1)
                  0.08    0.29    9.55 v _20100_/X (sky130_fd_sc_hd__a21o_1)
     1    0.00                           _15104_ (net)
                  0.08    0.00    9.55 v _20101_/B1 (sky130_fd_sc_hd__o21ai_2)
                  0.29    0.14    9.69 ^ _20101_/Y (sky130_fd_sc_hd__o21ai_2)
     4    0.01                           _15105_ (net)
                  0.29    0.00    9.69 ^ _20124_/A (sky130_fd_sc_hd__nand3_1)
                  0.12    0.19    9.88 v _20124_/Y (sky130_fd_sc_hd__nand3_1)
     1    0.00                           _15120_ (net)
                  0.12    0.00    9.88 v _20125_/A_N (sky130_fd_sc_hd__nand3b_2)
                  0.14    0.45   10.33 v _20125_/Y (sky130_fd_sc_hd__nand3b_2)
     1    0.00                           _15121_ (net)
                  0.14    0.00   10.33 v _20127_/A (sky130_fd_sc_hd__nand2_2)
                  0.16    0.19   10.51 ^ _20127_/Y (sky130_fd_sc_hd__nand2_2)
     3    0.02                           _15123_ (net)
                  0.16    0.00   10.51 ^ _20139_/A (sky130_fd_sc_hd__nand3_4)
                  0.12    0.16   10.67 v _20139_/Y (sky130_fd_sc_hd__nand3_4)
     2    0.01                           _15131_ (net)
                  0.12    0.00   10.67 v _20153_/A2 (sky130_fd_sc_hd__o21bai_2)
                  0.25    0.27   10.93 ^ _20153_/Y (sky130_fd_sc_hd__o21bai_2)
     3    0.01                           _15141_ (net)
                  0.25    0.00   10.93 ^ _20157_/A (sky130_fd_sc_hd__nand2_1)
                  0.10    0.18   11.11 v _20157_/Y (sky130_fd_sc_hd__nand2_1)
     2    0.00                           _15143_ (net)
                  0.10    0.00   11.11 v _20161_/A1 (sky130_fd_sc_hd__a21oi_1)
                  0.16    0.21   11.32 ^ _20161_/Y (sky130_fd_sc_hd__a21oi_1)
     1    0.00                           _15147_ (net)
                  0.16    0.00   11.32 ^ _20163_/A (sky130_fd_sc_hd__nor2_1)
                  0.05    0.11   11.43 v _20163_/Y (sky130_fd_sc_hd__nor2_1)
     1    0.00                           _01676_ (net)
                  0.05    0.00   11.43 v _30338_/A1 (sky130_fd_sc_hd__mux2_1)
                  0.10    0.62   12.05 v _30338_/X (sky130_fd_sc_hd__mux2_1)
     1    0.00                           _01677_ (net)
                  0.10    0.00   12.05 v _30792_/A1 (sky130_fd_sc_hd__mux4_2)
                  0.13    0.98   13.03 v _30792_/X (sky130_fd_sc_hd__mux4_2)
     1    0.00                           _01678_ (net)
                  0.13    0.00   13.03 v _30339_/A0 (sky130_fd_sc_hd__mux2_1)
                  0.10    0.63   13.66 v _30339_/X (sky130_fd_sc_hd__mux2_1)
     1    0.00                           _02529_ (net)
                  0.10    0.00   13.66 v _15894_/A (sky130_fd_sc_hd__or2b_1)
                  0.09    0.48   14.14 v _15894_/X (sky130_fd_sc_hd__or2b_1)
     1    0.00                           _13098_ (net)
                  0.09    0.00   14.14 v _15895_/C1 (sky130_fd_sc_hd__o211a_1)
                  0.06    0.19   14.33 v _15895_/X (sky130_fd_sc_hd__o211a_1)
     1    0.00                           _03989_ (net)
                  0.06    0.00   14.33 v _32349_/D (sky130_fd_sc_hd__dfxtp_2)
                                 14.33   data arrival time

                  0.00   24.73   24.73   clock clk (rise edge)
                          0.00   24.73   clock network delay (ideal)
                          0.00   24.73   clock reconvergence pessimism
                                 24.73 ^ _32349_/CLK (sky130_fd_sc_hd__dfxtp_2)
                         -0.29   24.44   library setup time
                                 24.44   data required time
-----------------------------------------------------------------------------
                                 24.44   data required time
                                -14.33   data arrival time
-----------------------------------------------------------------------------
                                 10.11   slack (MET)


