Startpoint: _31195_ (rising edge-triggered flip-flop clocked by clk)
Endpoint: _31195_ (rising edge-triggered flip-flop clocked by clk)
Path Group: clk
Path Type: min

Fanout     Cap    Slew   Delay    Time   Description
-----------------------------------------------------------------------------
                  0.00    0.00    0.00   clock clk (rise edge)
                          0.00    0.00   clock network delay (ideal)
                  0.00    0.00    0.00 ^ _31195_/CLK (sky130_fd_sc_hd__dfxtp_2)
                  0.03    0.18    0.18 ^ _31195_/Q (sky130_fd_sc_hd__dfxtp_2)
     2    0.00                           cpuregs[0][0] (net)
                  0.03    0.00    0.18 ^ _18491_/A (sky130_fd_sc_hd__buf_1)
                  0.02    0.04    0.23 ^ _18491_/X (sky130_fd_sc_hd__buf_1)
     1    0.00                           _02835_ (net)
                  0.02    0.00    0.23 ^ _31195_/D (sky130_fd_sc_hd__dfxtp_2)
                                  0.23   data arrival time

                  0.00    0.00    0.00   clock clk (rise edge)
                          0.00    0.00   clock network delay (ideal)
                          0.00    0.00   clock reconvergence pessimism
                                  0.00 ^ _31195_/CLK (sky130_fd_sc_hd__dfxtp_2)
                         -0.02   -0.02   library hold time
                                 -0.02   data required time
-----------------------------------------------------------------------------
                                 -0.02   data required time
                                 -0.23   data arrival time
-----------------------------------------------------------------------------
                                  0.24   slack (MET)


Startpoint: _32389_ (rising edge-triggered flip-flop clocked by clk)
Endpoint: _32288_ (rising edge-triggered flip-flop clocked by clk)
Path Group: clk
Path Type: max

Fanout     Cap    Slew   Delay    Time   Description
-----------------------------------------------------------------------------
                  0.00    0.00    0.00   clock clk (rise edge)
                          0.00    0.00   clock network delay (ideal)
                  0.00    0.00    0.00 ^ _32389_/CLK (sky130_fd_sc_hd__dfxtp_2)
                  0.13    0.67    0.67 ^ _32389_/Q (sky130_fd_sc_hd__dfxtp_2)
     4    0.01                           irq_mask[4] (net)
                  0.13    0.00    0.67 ^ _15411_/A (sky130_vsdinv)
                  0.09    0.13    0.80 v _15411_/Y (sky130_vsdinv)
     2    0.01                           _12736_ (net)
                  0.09    0.00    0.80 v _15412_/A (sky130_fd_sc_hd__nand2_2)
                  0.11    0.12    0.93 ^ _15412_/Y (sky130_fd_sc_hd__nand2_2)
     2    0.01                           _12737_ (net)
                  0.11    0.00    0.93 ^ _15417_/B1 (sky130_fd_sc_hd__o2111ai_2)
                  0.20    0.28    1.21 v _15417_/Y (sky130_fd_sc_hd__o2111ai_2)
     1    0.00                           _12742_ (net)
                  0.20    0.00    1.21 v _15426_/A (sky130_fd_sc_hd__nor2_2)
                  0.14    0.23    1.44 ^ _15426_/Y (sky130_fd_sc_hd__nor2_2)
     1    0.00                           _12751_ (net)
                  0.14    0.00    1.44 ^ _15443_/A (sky130_fd_sc_hd__nand3_2)
                  0.17    0.18    1.62 v _15443_/Y (sky130_fd_sc_hd__nand3_2)
     2    0.01                           _12768_ (net)
                  0.17    0.00    1.62 v _15446_/A2 (sky130_fd_sc_hd__o21bai_2)
                  0.41    0.40    2.02 ^ _15446_/Y (sky130_fd_sc_hd__o21bai_2)
     6    0.02                           _12771_ (net)
                  0.41    0.00    2.02 ^ _15447_/D1 (sky130_fd_sc_hd__o2111ai_2)
                  0.28    0.37    2.40 v _15447_/Y (sky130_fd_sc_hd__o2111ai_2)
     3    0.01                           _12772_ (net)
                  0.28    0.00    2.40 v _16145_/C (sky130_fd_sc_hd__nor3_2)
                  0.58    0.53    2.92 ^ _16145_/Y (sky130_fd_sc_hd__nor3_2)
     5    0.02                           _13285_ (net)
                  0.58    0.00    2.92 ^ _16146_/A (sky130_fd_sc_hd__nand3_2)
                  0.35    0.47    3.39 v _16146_/Y (sky130_fd_sc_hd__nand3_2)
     5    0.02                           _13286_ (net)
                  0.35    0.00    3.39 v _16147_/C (sky130_fd_sc_hd__nor3_2)
                  0.51    0.50    3.89 ^ _16147_/Y (sky130_fd_sc_hd__nor3_2)
     4    0.02                           _13287_ (net)
                  0.51    0.00    3.89 ^ _16148_/A (sky130_fd_sc_hd__nand3_2)
                  0.30    0.40    4.30 v _16148_/Y (sky130_fd_sc_hd__nand3_2)
     4    0.02                           _13288_ (net)
                  0.30    0.00    4.30 v _16149_/C (sky130_fd_sc_hd__nor3_2)
                  0.62    0.57    4.87 ^ _16149_/Y (sky130_fd_sc_hd__nor3_2)
     5    0.02                           _13289_ (net)
                  0.62    0.00    4.87 ^ _16150_/A (sky130_fd_sc_hd__nand3_2)
                  0.31    0.45    5.31 v _16150_/Y (sky130_fd_sc_hd__nand3_2)
     4    0.02                           _13290_ (net)
                  0.31    0.00    5.31 v _16151_/C (sky130_fd_sc_hd__nor3_2)
                  0.52    0.49    5.81 ^ _16151_/Y (sky130_fd_sc_hd__nor3_2)
     4    0.02                           _13291_ (net)
                  0.52    0.00    5.81 ^ _16152_/A (sky130_fd_sc_hd__nand3_2)
                  0.34    0.44    6.25 v _16152_/Y (sky130_fd_sc_hd__nand3_2)
     5    0.02                           _13292_ (net)
                  0.34    0.00    6.25 v _16153_/C (sky130_fd_sc_hd__nor3_2)
                  0.41    0.42    6.67 ^ _16153_/Y (sky130_fd_sc_hd__nor3_2)
     3    0.01                           _13293_ (net)
                  0.41    0.00    6.67 ^ _16154_/A (sky130_fd_sc_hd__nand3_2)
                  0.33    0.40    7.07 v _16154_/Y (sky130_fd_sc_hd__nand3_2)
     5    0.02                           _13294_ (net)
                  0.33    0.00    7.07 v _16155_/C (sky130_fd_sc_hd__nor3_2)
                  0.41    0.41    7.48 ^ _16155_/Y (sky130_fd_sc_hd__nor3_2)
     3    0.01                           _13295_ (net)
                  0.41    0.00    7.48 ^ _16156_/A (sky130_fd_sc_hd__nand3_2)
                  0.33    0.40    7.89 v _16156_/Y (sky130_fd_sc_hd__nand3_2)
     5    0.02                           _13296_ (net)
                  0.33    0.00    7.89 v _16157_/C (sky130_fd_sc_hd__nor3_2)
                  0.51    0.50    8.38 ^ _16157_/Y (sky130_fd_sc_hd__nor3_2)
     4    0.02                           _13297_ (net)
                  0.51    0.00    8.38 ^ _16158_/A (sky130_fd_sc_hd__nand3_2)
                  0.30    0.40    8.78 v _16158_/Y (sky130_fd_sc_hd__nand3_2)
     4    0.02                           _13298_ (net)
                  0.30    0.00    8.78 v _16159_/C (sky130_fd_sc_hd__nor3_2)
                  0.52    0.49    9.27 ^ _16159_/Y (sky130_fd_sc_hd__nor3_2)
     4    0.02                           _13299_ (net)
                  0.52    0.00    9.27 ^ _16160_/A (sky130_fd_sc_hd__nand3_2)
                  0.34    0.44    9.71 v _16160_/Y (sky130_fd_sc_hd__nand3_2)
     5    0.02                           _13300_ (net)
                  0.34    0.00    9.71 v _16161_/C (sky130_fd_sc_hd__nor3_2)
                  0.51    0.50   10.22 ^ _16161_/Y (sky130_fd_sc_hd__nor3_2)
     4    0.02                           _13301_ (net)
                  0.51    0.00   10.22 ^ _16162_/A (sky130_fd_sc_hd__nand3_2)
                  0.30    0.40   10.62 v _16162_/Y (sky130_fd_sc_hd__nand3_2)
     4    0.02                           _13302_ (net)
                  0.30    0.00   10.62 v _16163_/C (sky130_fd_sc_hd__nor3_2)
                  0.62    0.57   11.19 ^ _16163_/Y (sky130_fd_sc_hd__nor3_2)
     5    0.02                           _13303_ (net)
                  0.62    0.00   11.19 ^ _16164_/A (sky130_fd_sc_hd__nand3_2)
                  0.31    0.45   11.63 v _16164_/Y (sky130_fd_sc_hd__nand3_2)
     4    0.02                           _13304_ (net)
                  0.31    0.00   11.63 v _16165_/C (sky130_fd_sc_hd__nor3_2)
                  0.62    0.58   12.21 ^ _16165_/Y (sky130_fd_sc_hd__nor3_2)
     5    0.02                           _13305_ (net)
                  0.62    0.00   12.21 ^ _16166_/A (sky130_fd_sc_hd__nand3_2)
                  0.31    0.45   12.65 v _16166_/Y (sky130_fd_sc_hd__nand3_2)
     4    0.02                           _13306_ (net)
                  0.31    0.00   12.65 v _16167_/C (sky130_fd_sc_hd__nor3_2)
                  0.62    0.58   13.23 ^ _16167_/Y (sky130_fd_sc_hd__nor3_2)
     5    0.02                           _13307_ (net)
                  0.62    0.00   13.23 ^ _16168_/A (sky130_fd_sc_hd__nand3_2)
                  0.31    0.45   13.67 v _16168_/Y (sky130_fd_sc_hd__nand3_2)
     4    0.02                           _13308_ (net)
                  0.31    0.00   13.67 v _16169_/C (sky130_fd_sc_hd__nor3_2)
                  0.62    0.58   14.25 ^ _16169_/Y (sky130_fd_sc_hd__nor3_2)
     5    0.02                           _13309_ (net)
                  0.62    0.00   14.25 ^ _16170_/A (sky130_fd_sc_hd__nand3_2)
                  0.31    0.45   14.70 v _16170_/Y (sky130_fd_sc_hd__nand3_2)
     4    0.02                           _13310_ (net)
                  0.31    0.00   14.70 v _16171_/C (sky130_fd_sc_hd__nor3_2)
                  0.63    0.58   15.27 ^ _16171_/Y (sky130_fd_sc_hd__nor3_2)
     5    0.02                           _13311_ (net)
                  0.63    0.00   15.27 ^ _16172_/A (sky130_fd_sc_hd__nand3_2)
                  0.32    0.45   15.73 v _16172_/Y (sky130_fd_sc_hd__nand3_2)
     5    0.02                           _13312_ (net)
                  0.32    0.00   15.73 v _16173_/C (sky130_fd_sc_hd__nor3_2)
                  0.46    0.45   16.18 ^ _16173_/Y (sky130_fd_sc_hd__nor3_2)
     3    0.01                           _13313_ (net)
                  0.46    0.00   16.18 ^ _16174_/A (sky130_fd_sc_hd__nand3_2)
                  0.26    0.36   16.54 v _16174_/Y (sky130_fd_sc_hd__nand3_2)
     4    0.01                           _13314_ (net)
                  0.26    0.00   16.54 v _16175_/A_N (sky130_fd_sc_hd__nand3b_2)
                  0.14    0.52   17.05 v _16175_/Y (sky130_fd_sc_hd__nand3b_2)
     1    0.00                           _13315_ (net)
                  0.14    0.00   17.05 v _16176_/B (sky130_fd_sc_hd__nor2_2)
                  0.14    0.17   17.22 ^ _16176_/Y (sky130_fd_sc_hd__nor2_2)
     1    0.00                           _13316_ (net)
                  0.14    0.00   17.22 ^ _16181_/A (sky130_fd_sc_hd__nor2_2)
                  0.04    0.09   17.31 v _16181_/Y (sky130_fd_sc_hd__nor2_2)
     1    0.00                           _03928_ (net)
                  0.04    0.00   17.31 v _32288_/D (sky130_fd_sc_hd__dfxtp_2)
                                 17.31   data arrival time

                  0.00   24.73   24.73   clock clk (rise edge)
                          0.00   24.73   clock network delay (ideal)
                          0.00   24.73   clock reconvergence pessimism
                                 24.73 ^ _32288_/CLK (sky130_fd_sc_hd__dfxtp_2)
                         -0.28   24.45   library setup time
                                 24.45   data required time
-----------------------------------------------------------------------------
                                 24.45   data required time
                                -17.31   data arrival time
-----------------------------------------------------------------------------
                                  7.14   slack (MET)


