max slew

Pin                                    Limit    Slew   Slack
------------------------------------------------------------
_15599_/B                               1.50    8.53   -7.03 (VIOLATED)
_30599_/S0                              1.50    8.53   -7.03 (VIOLATED)
_30600_/S0                              1.50    8.53   -7.03 (VIOLATED)
_30601_/S0                              1.50    8.53   -7.03 (VIOLATED)
_30602_/S0                              1.50    8.53   -7.03 (VIOLATED)
_30603_/S0                              1.50    8.53   -7.03 (VIOLATED)
_30605_/S0                              1.50    8.53   -7.03 (VIOLATED)
_30606_/S0                              1.50    8.53   -7.03 (VIOLATED)
_30607_/S0                              1.50    8.53   -7.03 (VIOLATED)
_30608_/S0                              1.50    8.53   -7.03 (VIOLATED)
_30609_/S0                              1.50    8.53   -7.03 (VIOLATED)
_30611_/S0                              1.50    8.53   -7.03 (VIOLATED)
_30612_/S0                              1.50    8.53   -7.03 (VIOLATED)
_30613_/S0                              1.50    8.53   -7.03 (VIOLATED)
_30614_/S0                              1.50    8.53   -7.03 (VIOLATED)
_30615_/S0                              1.50    8.53   -7.03 (VIOLATED)
_30617_/S0                              1.50    8.53   -7.03 (VIOLATED)
_30618_/S0                              1.50    8.53   -7.03 (VIOLATED)
_30619_/S0                              1.50    8.53   -7.03 (VIOLATED)
_30620_/S0                              1.50    8.53   -7.03 (VIOLATED)
_30621_/S0                              1.50    8.53   -7.03 (VIOLATED)
_30623_/S0                              1.50    8.53   -7.03 (VIOLATED)
_30624_/S0                              1.50    8.53   -7.03 (VIOLATED)
_30625_/S0                              1.50    8.53   -7.03 (VIOLATED)
_30626_/S0                              1.50    8.53   -7.03 (VIOLATED)
_30627_/S0                              1.50    8.53   -7.03 (VIOLATED)
_30629_/S0                              1.50    8.53   -7.03 (VIOLATED)
_30630_/S0                              1.50    8.53   -7.03 (VIOLATED)
_30631_/S0                              1.50    8.53   -7.03 (VIOLATED)
_30632_/S0                              1.50    8.53   -7.03 (VIOLATED)
_30633_/S0                              1.50    8.53   -7.03 (VIOLATED)
_30635_/S0                              1.50    8.53   -7.03 (VIOLATED)
_30636_/S0                              1.50    8.53   -7.03 (VIOLATED)
_30637_/S0                              1.50    8.53   -7.03 (VIOLATED)
_30638_/S0                              1.50    8.53   -7.03 (VIOLATED)
_30639_/S0                              1.50    8.53   -7.03 (VIOLATED)
_30641_/S0                              1.50    8.53   -7.03 (VIOLATED)
_30642_/S0                              1.50    8.53   -7.03 (VIOLATED)
_30643_/S0                              1.50    8.53   -7.03 (VIOLATED)
_30644_/S0                              1.50    8.53   -7.03 (VIOLATED)
_30645_/S0                              1.50    8.53   -7.03 (VIOLATED)
_30647_/S0                              1.50    8.53   -7.03 (VIOLATED)
_30648_/S0                              1.50    8.53   -7.03 (VIOLATED)
_30649_/S0                              1.50    8.53   -7.03 (VIOLATED)
_30650_/S0                              1.50    8.53   -7.03 (VIOLATED)
_30651_/S0                              1.50    8.53   -7.03 (VIOLATED)
_30653_/S0                              1.50    8.53   -7.03 (VIOLATED)
_30654_/S0                              1.50    8.53   -7.03 (VIOLATED)
_30655_/S0                              1.50    8.53   -7.03 (VIOLATED)
_30656_/S0                              1.50    8.53   -7.03 (VIOLATED)
_30657_/S0                              1.50    8.53   -7.03 (VIOLATED)
_30659_/S0                              1.50    8.53   -7.03 (VIOLATED)
_30660_/S0                              1.50    8.53   -7.03 (VIOLATED)
_30661_/S0                              1.50    8.53   -7.03 (VIOLATED)
_30662_/S0                              1.50    8.53   -7.03 (VIOLATED)
_30663_/S0                              1.50    8.53   -7.03 (VIOLATED)
_30665_/S0                              1.50    8.53   -7.03 (VIOLATED)
_30666_/S0                              1.50    8.53   -7.03 (VIOLATED)
_30667_/S0                              1.50    8.53   -7.03 (VIOLATED)
_30668_/S0                              1.50    8.53   -7.03 (VIOLATED)
_30669_/S0                              1.50    8.53   -7.03 (VIOLATED)
_30671_/S0                              1.50    8.53   -7.03 (VIOLATED)
_30672_/S0                              1.50    8.53   -7.03 (VIOLATED)
_30673_/S0                              1.50    8.53   -7.03 (VIOLATED)
_30674_/S0                              1.50    8.53   -7.03 (VIOLATED)
_30675_/S0                              1.50    8.53   -7.03 (VIOLATED)
_30677_/S0                              1.50    8.53   -7.03 (VIOLATED)
_30678_/S0                              1.50    8.53   -7.03 (VIOLATED)
_30679_/S0                              1.50    8.53   -7.03 (VIOLATED)
_30680_/S0                              1.50    8.53   -7.03 (VIOLATED)
_30681_/S0                              1.50    8.53   -7.03 (VIOLATED)
_30683_/S0                              1.50    8.53   -7.03 (VIOLATED)
_30684_/S0                              1.50    8.53   -7.03 (VIOLATED)
_30685_/S0                              1.50    8.53   -7.03 (VIOLATED)
_30686_/S0                              1.50    8.53   -7.03 (VIOLATED)
_30687_/S0                              1.50    8.53   -7.03 (VIOLATED)
_30689_/S0                              1.50    8.53   -7.03 (VIOLATED)
_30690_/S0                              1.50    8.53   -7.03 (VIOLATED)
_30691_/S0                              1.50    8.53   -7.03 (VIOLATED)
_30692_/S0                              1.50    8.53   -7.03 (VIOLATED)
_30693_/S0                              1.50    8.53   -7.03 (VIOLATED)
_30695_/S0                              1.50    8.53   -7.03 (VIOLATED)
_30696_/S0                              1.50    8.53   -7.03 (VIOLATED)
_30697_/S0                              1.50    8.53   -7.03 (VIOLATED)
_30698_/S0                              1.50    8.53   -7.03 (VIOLATED)
_30699_/S0                              1.50    8.53   -7.03 (VIOLATED)
_30701_/S0                              1.50    8.53   -7.03 (VIOLATED)
_30702_/S0                              1.50    8.53   -7.03 (VIOLATED)
_30703_/S0                              1.50    8.53   -7.03 (VIOLATED)
_30704_/S0                              1.50    8.53   -7.03 (VIOLATED)
_30705_/S0                              1.50    8.53   -7.03 (VIOLATED)
_30707_/S0                              1.50    8.53   -7.03 (VIOLATED)
_30708_/S0                              1.50    8.53   -7.03 (VIOLATED)
_30709_/S0                              1.50    8.53   -7.03 (VIOLATED)
_30710_/S0                              1.50    8.53   -7.03 (VIOLATED)
_30711_/S0                              1.50    8.53   -7.03 (VIOLATED)
_30713_/S0                              1.50    8.53   -7.03 (VIOLATED)
_30714_/S0                              1.50    8.53   -7.03 (VIOLATED)
_30715_/S0                              1.50    8.53   -7.03 (VIOLATED)
_30716_/S0                              1.50    8.53   -7.03 (VIOLATED)
_30717_/S0                              1.50    8.53   -7.03 (VIOLATED)
_30719_/S0                              1.50    8.53   -7.03 (VIOLATED)
_30720_/S0                              1.50    8.53   -7.03 (VIOLATED)
_30721_/S0                              1.50    8.53   -7.03 (VIOLATED)
_30722_/S0                              1.50    8.53   -7.03 (VIOLATED)
_30723_/S0                              1.50    8.53   -7.03 (VIOLATED)
_30725_/S0                              1.50    8.53   -7.03 (VIOLATED)
_30726_/S0                              1.50    8.53   -7.03 (VIOLATED)
_30727_/S0                              1.50    8.53   -7.03 (VIOLATED)
_30728_/S0                              1.50    8.53   -7.03 (VIOLATED)
_30729_/S0                              1.50    8.53   -7.03 (VIOLATED)
_30731_/S0                              1.50    8.53   -7.03 (VIOLATED)
_30732_/S0                              1.50    8.53   -7.03 (VIOLATED)
_30733_/S0                              1.50    8.53   -7.03 (VIOLATED)
_30734_/S0                              1.50    8.53   -7.03 (VIOLATED)
_30735_/S0                              1.50    8.53   -7.03 (VIOLATED)
_30737_/S0                              1.50    8.53   -7.03 (VIOLATED)
_30738_/S0                              1.50    8.53   -7.03 (VIOLATED)
_30739_/S0                              1.50    8.53   -7.03 (VIOLATED)
_30740_/S0                              1.50    8.53   -7.03 (VIOLATED)
_30741_/S0                              1.50    8.53   -7.03 (VIOLATED)
_30743_/S0                              1.50    8.53   -7.03 (VIOLATED)
_30744_/S0                              1.50    8.53   -7.03 (VIOLATED)
_30745_/S0                              1.50    8.53   -7.03 (VIOLATED)
_30746_/S0                              1.50    8.53   -7.03 (VIOLATED)
_30747_/S0                              1.50    8.53   -7.03 (VIOLATED)
_30749_/S0                              1.50    8.53   -7.03 (VIOLATED)
_30750_/S0                              1.50    8.53   -7.03 (VIOLATED)
_30751_/S0                              1.50    8.53   -7.03 (VIOLATED)
_30752_/S0                              1.50    8.53   -7.03 (VIOLATED)
_30753_/S0                              1.50    8.53   -7.03 (VIOLATED)
_30755_/S0                              1.50    8.53   -7.03 (VIOLATED)
_30756_/S0                              1.50    8.53   -7.03 (VIOLATED)
_30757_/S0                              1.50    8.53   -7.03 (VIOLATED)
_30758_/S0                              1.50    8.53   -7.03 (VIOLATED)
_30759_/S0                              1.50    8.53   -7.03 (VIOLATED)
_30761_/S0                              1.50    8.53   -7.03 (VIOLATED)
_30762_/S0                              1.50    8.53   -7.03 (VIOLATED)
_30763_/S0                              1.50    8.53   -7.03 (VIOLATED)
_30764_/S0                              1.50    8.53   -7.03 (VIOLATED)
_30765_/S0                              1.50    8.53   -7.03 (VIOLATED)
_30767_/S0                              1.50    8.53   -7.03 (VIOLATED)
_30768_/S0                              1.50    8.53   -7.03 (VIOLATED)
_30769_/S0                              1.50    8.53   -7.03 (VIOLATED)
_30770_/S0                              1.50    8.53   -7.03 (VIOLATED)
_30771_/S0                              1.50    8.53   -7.03 (VIOLATED)
_30773_/S0                              1.50    8.53   -7.03 (VIOLATED)
_30774_/S0                              1.50    8.53   -7.03 (VIOLATED)
_30775_/S0                              1.50    8.53   -7.03 (VIOLATED)
_30776_/S0                              1.50    8.53   -7.03 (VIOLATED)
_30777_/S0                              1.50    8.53   -7.03 (VIOLATED)
_30779_/S0                              1.50    8.53   -7.03 (VIOLATED)
_30780_/S0                              1.50    8.53   -7.03 (VIOLATED)
_30781_/S0                              1.50    8.53   -7.03 (VIOLATED)
_30782_/S0                              1.50    8.53   -7.03 (VIOLATED)
_30783_/S0                              1.50    8.53   -7.03 (VIOLATED)
_30785_/S0                              1.50    8.53   -7.03 (VIOLATED)
_30786_/S0                              1.50    8.53   -7.03 (VIOLATED)
_30787_/S0                              1.50    8.53   -7.03 (VIOLATED)
_30788_/S0                              1.50    8.53   -7.03 (VIOLATED)
_30789_/S0                              1.50    8.53   -7.03 (VIOLATED)
_30297_/X                               1.51    8.53   -7.02 (VIOLATED)
_15599_/A                               1.50    5.75   -4.25 (VIOLATED)
_30599_/S1                              1.50    5.75   -4.25 (VIOLATED)
_30600_/S1                              1.50    5.75   -4.25 (VIOLATED)
_30601_/S1                              1.50    5.75   -4.25 (VIOLATED)
_30602_/S1                              1.50    5.75   -4.25 (VIOLATED)
_30603_/S1                              1.50    5.75   -4.25 (VIOLATED)
_30605_/S1                              1.50    5.75   -4.25 (VIOLATED)
_30606_/S1                              1.50    5.75   -4.25 (VIOLATED)
_30607_/S1                              1.50    5.75   -4.25 (VIOLATED)
_30608_/S1                              1.50    5.75   -4.25 (VIOLATED)
_30609_/S1                              1.50    5.75   -4.25 (VIOLATED)
_30611_/S1                              1.50    5.75   -4.25 (VIOLATED)
_30612_/S1                              1.50    5.75   -4.25 (VIOLATED)
_30613_/S1                              1.50    5.75   -4.25 (VIOLATED)
_30614_/S1                              1.50    5.75   -4.25 (VIOLATED)
_30615_/S1                              1.50    5.75   -4.25 (VIOLATED)
_30617_/S1                              1.50    5.75   -4.25 (VIOLATED)
_30618_/S1                              1.50    5.75   -4.25 (VIOLATED)
_30619_/S1                              1.50    5.75   -4.25 (VIOLATED)
_30620_/S1                              1.50    5.75   -4.25 (VIOLATED)
_30621_/S1                              1.50    5.75   -4.25 (VIOLATED)
_30623_/S1                              1.50    5.75   -4.25 (VIOLATED)
_30624_/S1                              1.50    5.75   -4.25 (VIOLATED)
_30625_/S1                              1.50    5.75   -4.25 (VIOLATED)
_30626_/S1                              1.50    5.75   -4.25 (VIOLATED)
_30627_/S1                              1.50    5.75   -4.25 (VIOLATED)
_30629_/S1                              1.50    5.75   -4.25 (VIOLATED)
_30630_/S1                              1.50    5.75   -4.25 (VIOLATED)
_30631_/S1                              1.50    5.75   -4.25 (VIOLATED)
_30632_/S1                              1.50    5.75   -4.25 (VIOLATED)
_30633_/S1                              1.50    5.75   -4.25 (VIOLATED)
_30635_/S1                              1.50    5.75   -4.25 (VIOLATED)
_30636_/S1                              1.50    5.75   -4.25 (VIOLATED)
_30637_/S1                              1.50    5.75   -4.25 (VIOLATED)
_30638_/S1                              1.50    5.75   -4.25 (VIOLATED)
_30639_/S1                              1.50    5.75   -4.25 (VIOLATED)
_30641_/S1                              1.50    5.75   -4.25 (VIOLATED)
_30642_/S1                              1.50    5.75   -4.25 (VIOLATED)
_30643_/S1                              1.50    5.75   -4.25 (VIOLATED)
_30644_/S1                              1.50    5.75   -4.25 (VIOLATED)
_30645_/S1                              1.50    5.75   -4.25 (VIOLATED)
_30647_/S1                              1.50    5.75   -4.25 (VIOLATED)
_30648_/S1                              1.50    5.75   -4.25 (VIOLATED)
_30649_/S1                              1.50    5.75   -4.25 (VIOLATED)
_30650_/S1                              1.50    5.75   -4.25 (VIOLATED)
_30651_/S1                              1.50    5.75   -4.25 (VIOLATED)
_30653_/S1                              1.50    5.75   -4.25 (VIOLATED)
_30654_/S1                              1.50    5.75   -4.25 (VIOLATED)
_30655_/S1                              1.50    5.75   -4.25 (VIOLATED)
_30656_/S1                              1.50    5.75   -4.25 (VIOLATED)
_30657_/S1                              1.50    5.75   -4.25 (VIOLATED)
_30659_/S1                              1.50    5.75   -4.25 (VIOLATED)
_30660_/S1                              1.50    5.75   -4.25 (VIOLATED)
_30661_/S1                              1.50    5.75   -4.25 (VIOLATED)
_30662_/S1                              1.50    5.75   -4.25 (VIOLATED)
_30663_/S1                              1.50    5.75   -4.25 (VIOLATED)
_30665_/S1                              1.50    5.75   -4.25 (VIOLATED)
_30666_/S1                              1.50    5.75   -4.25 (VIOLATED)
_30667_/S1                              1.50    5.75   -4.25 (VIOLATED)
_30668_/S1                              1.50    5.75   -4.25 (VIOLATED)
_30669_/S1                              1.50    5.75   -4.25 (VIOLATED)
_30671_/S1                              1.50    5.75   -4.25 (VIOLATED)
_30672_/S1                              1.50    5.75   -4.25 (VIOLATED)
_30673_/S1                              1.50    5.75   -4.25 (VIOLATED)
_30674_/S1                              1.50    5.75   -4.25 (VIOLATED)
_30675_/S1                              1.50    5.75   -4.25 (VIOLATED)
_30677_/S1                              1.50    5.75   -4.25 (VIOLATED)
_30678_/S1                              1.50    5.75   -4.25 (VIOLATED)
_30679_/S1                              1.50    5.75   -4.25 (VIOLATED)
_30680_/S1                              1.50    5.75   -4.25 (VIOLATED)
_30681_/S1                              1.50    5.75   -4.25 (VIOLATED)
_30683_/S1                              1.50    5.75   -4.25 (VIOLATED)
_30684_/S1                              1.50    5.75   -4.25 (VIOLATED)
_30685_/S1                              1.50    5.75   -4.25 (VIOLATED)
_30686_/S1                              1.50    5.75   -4.25 (VIOLATED)
_30687_/S1                              1.50    5.75   -4.25 (VIOLATED)
_30689_/S1                              1.50    5.75   -4.25 (VIOLATED)
_30690_/S1                              1.50    5.75   -4.25 (VIOLATED)
_30691_/S1                              1.50    5.75   -4.25 (VIOLATED)
_30692_/S1                              1.50    5.75   -4.25 (VIOLATED)
_30693_/S1                              1.50    5.75   -4.25 (VIOLATED)
_30695_/S1                              1.50    5.75   -4.25 (VIOLATED)
_30696_/S1                              1.50    5.75   -4.25 (VIOLATED)
_30697_/S1                              1.50    5.75   -4.25 (VIOLATED)
_30698_/S1                              1.50    5.75   -4.25 (VIOLATED)
_30699_/S1                              1.50    5.75   -4.25 (VIOLATED)
_30701_/S1                              1.50    5.75   -4.25 (VIOLATED)
_30702_/S1                              1.50    5.75   -4.25 (VIOLATED)
_30703_/S1                              1.50    5.75   -4.25 (VIOLATED)
_30704_/S1                              1.50    5.75   -4.25 (VIOLATED)
_30705_/S1                              1.50    5.75   -4.25 (VIOLATED)
_30707_/S1                              1.50    5.75   -4.25 (VIOLATED)
_30708_/S1                              1.50    5.75   -4.25 (VIOLATED)
_30709_/S1                              1.50    5.75   -4.25 (VIOLATED)
_30710_/S1                              1.50    5.75   -4.25 (VIOLATED)
_30711_/S1                              1.50    5.75   -4.25 (VIOLATED)
_30713_/S1                              1.50    5.75   -4.25 (VIOLATED)
_30714_/S1                              1.50    5.75   -4.25 (VIOLATED)
_30715_/S1                              1.50    5.75   -4.25 (VIOLATED)
_30716_/S1                              1.50    5.75   -4.25 (VIOLATED)
_30717_/S1                              1.50    5.75   -4.25 (VIOLATED)
_30719_/S1                              1.50    5.75   -4.25 (VIOLATED)
_30720_/S1                              1.50    5.75   -4.25 (VIOLATED)
_30721_/S1                              1.50    5.75   -4.25 (VIOLATED)
_30722_/S1                              1.50    5.75   -4.25 (VIOLATED)
_30723_/S1                              1.50    5.75   -4.25 (VIOLATED)
_30725_/S1                              1.50    5.75   -4.25 (VIOLATED)
_30726_/S1                              1.50    5.75   -4.25 (VIOLATED)
_30727_/S1                              1.50    5.75   -4.25 (VIOLATED)
_30728_/S1                              1.50    5.75   -4.25 (VIOLATED)
_30729_/S1                              1.50    5.75   -4.25 (VIOLATED)
_30731_/S1                              1.50    5.75   -4.25 (VIOLATED)
_30732_/S1                              1.50    5.75   -4.25 (VIOLATED)
_30733_/S1                              1.50    5.75   -4.25 (VIOLATED)
_30734_/S1                              1.50    5.75   -4.25 (VIOLATED)
_30735_/S1                              1.50    5.75   -4.25 (VIOLATED)
_30737_/S1                              1.50    5.75   -4.25 (VIOLATED)
_30738_/S1                              1.50    5.75   -4.25 (VIOLATED)
_30739_/S1                              1.50    5.75   -4.25 (VIOLATED)
_30740_/S1                              1.50    5.75   -4.25 (VIOLATED)
_30741_/S1                              1.50    5.75   -4.25 (VIOLATED)
_30743_/S1                              1.50    5.75   -4.25 (VIOLATED)
_30744_/S1                              1.50    5.75   -4.25 (VIOLATED)
_30745_/S1                              1.50    5.75   -4.25 (VIOLATED)
_30746_/S1                              1.50    5.75   -4.25 (VIOLATED)
_30747_/S1                              1.50    5.75   -4.25 (VIOLATED)
_30749_/S1                              1.50    5.75   -4.25 (VIOLATED)
_30750_/S1                              1.50    5.75   -4.25 (VIOLATED)
_30751_/S1                              1.50    5.75   -4.25 (VIOLATED)
_30752_/S1                              1.50    5.75   -4.25 (VIOLATED)
_30753_/S1                              1.50    5.75   -4.25 (VIOLATED)
_30755_/S1                              1.50    5.75   -4.25 (VIOLATED)
_30756_/S1                              1.50    5.75   -4.25 (VIOLATED)
_30757_/S1                              1.50    5.75   -4.25 (VIOLATED)
_30758_/S1                              1.50    5.75   -4.25 (VIOLATED)
_30759_/S1                              1.50    5.75   -4.25 (VIOLATED)
_30761_/S1                              1.50    5.75   -4.25 (VIOLATED)
_30762_/S1                              1.50    5.75   -4.25 (VIOLATED)
_30763_/S1                              1.50    5.75   -4.25 (VIOLATED)
_30764_/S1                              1.50    5.75   -4.25 (VIOLATED)
_30765_/S1                              1.50    5.75   -4.25 (VIOLATED)
_30767_/S1                              1.50    5.75   -4.25 (VIOLATED)
_30768_/S1                              1.50    5.75   -4.25 (VIOLATED)
_30769_/S1                              1.50    5.75   -4.25 (VIOLATED)
_30770_/S1                              1.50    5.75   -4.25 (VIOLATED)
_30771_/S1                              1.50    5.75   -4.25 (VIOLATED)
_30773_/S1                              1.50    5.75   -4.25 (VIOLATED)
_30774_/S1                              1.50    5.75   -4.25 (VIOLATED)
_30775_/S1                              1.50    5.75   -4.25 (VIOLATED)
_30776_/S1                              1.50    5.75   -4.25 (VIOLATED)
_30777_/S1                              1.50    5.75   -4.25 (VIOLATED)
_30779_/S1                              1.50    5.75   -4.25 (VIOLATED)
_30780_/S1                              1.50    5.75   -4.25 (VIOLATED)
_30781_/S1                              1.50    5.75   -4.25 (VIOLATED)
_30782_/S1                              1.50    5.75   -4.25 (VIOLATED)
_30783_/S1                              1.50    5.75   -4.25 (VIOLATED)
_30785_/S1                              1.50    5.75   -4.25 (VIOLATED)
_30786_/S1                              1.50    5.75   -4.25 (VIOLATED)
_30787_/S1                              1.50    5.75   -4.25 (VIOLATED)
_30788_/S1                              1.50    5.75   -4.25 (VIOLATED)
_30789_/S1                              1.50    5.75   -4.25 (VIOLATED)
_30296_/X                               1.51    5.75   -4.25 (VIOLATED)
_15520_/C                               1.50    2.90   -1.40 (VIOLATED)
_15539_/B_N                             1.50    2.90   -1.40 (VIOLATED)
_30002_/S                               1.50    2.90   -1.40 (VIOLATED)
_30006_/S                               1.50    2.90   -1.40 (VIOLATED)
_30010_/S                               1.50    2.90   -1.40 (VIOLATED)
_30014_/S                               1.50    2.90   -1.40 (VIOLATED)
_30018_/S                               1.50    2.90   -1.40 (VIOLATED)
_30022_/S                               1.50    2.90   -1.40 (VIOLATED)
_30026_/S                               1.50    2.90   -1.40 (VIOLATED)
_30030_/S                               1.50    2.90   -1.40 (VIOLATED)
_30034_/S                               1.50    2.90   -1.40 (VIOLATED)
_30038_/S                               1.50    2.90   -1.40 (VIOLATED)
_30042_/S                               1.50    2.90   -1.40 (VIOLATED)
_30046_/S                               1.50    2.90   -1.40 (VIOLATED)
_30050_/S                               1.50    2.90   -1.40 (VIOLATED)
_30054_/S                               1.50    2.90   -1.40 (VIOLATED)
_30058_/S                               1.50    2.90   -1.40 (VIOLATED)
_30062_/S                               1.50    2.90   -1.40 (VIOLATED)
_30066_/S                               1.50    2.90   -1.40 (VIOLATED)
_30072_/S                               1.50    2.90   -1.40 (VIOLATED)
_30078_/S                               1.50    2.90   -1.40 (VIOLATED)
_30084_/S                               1.50    2.90   -1.40 (VIOLATED)
_30090_/S                               1.50    2.90   -1.40 (VIOLATED)
_30096_/S                               1.50    2.90   -1.40 (VIOLATED)
_30102_/S                               1.50    2.90   -1.40 (VIOLATED)
_30108_/S                               1.50    2.90   -1.40 (VIOLATED)
_30114_/S                               1.50    2.90   -1.40 (VIOLATED)
_30120_/S                               1.50    2.90   -1.40 (VIOLATED)
_30126_/S                               1.50    2.90   -1.40 (VIOLATED)
_30132_/S                               1.50    2.90   -1.40 (VIOLATED)
_30138_/S                               1.50    2.90   -1.40 (VIOLATED)
_30144_/S                               1.50    2.90   -1.40 (VIOLATED)
_30150_/S                               1.50    2.90   -1.40 (VIOLATED)
_30156_/S                               1.50    2.90   -1.40 (VIOLATED)
_15519_/Y                               1.50    2.90   -1.40 (VIOLATED)
_19661_/Y                               1.50    2.87   -1.38 (VIOLATED)
_19662_/B                               1.50    2.87   -1.37 (VIOLATED)
_29999_/S                               1.50    2.87   -1.37 (VIOLATED)
_30230_/S                               1.50    2.87   -1.37 (VIOLATED)
_30231_/S                               1.50    2.87   -1.37 (VIOLATED)
_30232_/S                               1.50    2.87   -1.37 (VIOLATED)
_30233_/S                               1.50    2.87   -1.37 (VIOLATED)
_30234_/S                               1.50    2.87   -1.37 (VIOLATED)
_30235_/S                               1.50    2.87   -1.37 (VIOLATED)
_30236_/S                               1.50    2.87   -1.37 (VIOLATED)
_30237_/S                               1.50    2.87   -1.37 (VIOLATED)
_30238_/S                               1.50    2.87   -1.37 (VIOLATED)
_30239_/S                               1.50    2.87   -1.37 (VIOLATED)
_30240_/S                               1.50    2.87   -1.37 (VIOLATED)
_30241_/S                               1.50    2.87   -1.37 (VIOLATED)
_30242_/S                               1.50    2.87   -1.37 (VIOLATED)
_30243_/S                               1.50    2.87   -1.37 (VIOLATED)
_30244_/S                               1.50    2.87   -1.37 (VIOLATED)
_30245_/S                               1.50    2.87   -1.37 (VIOLATED)
_30246_/S                               1.50    2.87   -1.37 (VIOLATED)
_30247_/S                               1.50    2.87   -1.37 (VIOLATED)
_30248_/S                               1.50    2.87   -1.37 (VIOLATED)
_30249_/S                               1.50    2.87   -1.37 (VIOLATED)
_30250_/S                               1.50    2.87   -1.37 (VIOLATED)
_30251_/S                               1.50    2.87   -1.37 (VIOLATED)
_30252_/S                               1.50    2.87   -1.37 (VIOLATED)
_30253_/S                               1.50    2.87   -1.37 (VIOLATED)
_30254_/S                               1.50    2.87   -1.37 (VIOLATED)
_30255_/S                               1.50    2.87   -1.37 (VIOLATED)
_30256_/S                               1.50    2.87   -1.37 (VIOLATED)
_30257_/S                               1.50    2.87   -1.37 (VIOLATED)
_30258_/S                               1.50    2.87   -1.37 (VIOLATED)
_30259_/S                               1.50    2.87   -1.37 (VIOLATED)
_30260_/S                               1.50    2.87   -1.37 (VIOLATED)
_20173_/Y                               1.49    2.48   -0.99 (VIOLATED)
_20176_/B1                              1.50    2.48   -0.98 (VIOLATED)
_20185_/B1                              1.50    2.48   -0.98 (VIOLATED)
_20191_/B1                              1.50    2.48   -0.98 (VIOLATED)
_21090_/C1                              1.50    2.48   -0.98 (VIOLATED)
_21091_/B1                              1.50    2.48   -0.98 (VIOLATED)
_29436_/S                               1.50    2.48   -0.98 (VIOLATED)
_29437_/S                               1.50    2.48   -0.98 (VIOLATED)
_29438_/S                               1.50    2.48   -0.98 (VIOLATED)
_29439_/S                               1.50    2.48   -0.98 (VIOLATED)
_29440_/S                               1.50    2.48   -0.98 (VIOLATED)
_29441_/S                               1.50    2.48   -0.98 (VIOLATED)
_29442_/S                               1.50    2.48   -0.98 (VIOLATED)
_29443_/S                               1.50    2.48   -0.98 (VIOLATED)
_29444_/S                               1.50    2.48   -0.98 (VIOLATED)
_29445_/S                               1.50    2.48   -0.98 (VIOLATED)
_29446_/S                               1.50    2.48   -0.98 (VIOLATED)
_29447_/S                               1.50    2.48   -0.98 (VIOLATED)
_29448_/S                               1.50    2.48   -0.98 (VIOLATED)
_29449_/S                               1.50    2.48   -0.98 (VIOLATED)
_29450_/S                               1.50    2.48   -0.98 (VIOLATED)
_29451_/S                               1.50    2.48   -0.98 (VIOLATED)
_29452_/S                               1.50    2.48   -0.98 (VIOLATED)
_29453_/S                               1.50    2.48   -0.98 (VIOLATED)
_29454_/S                               1.50    2.48   -0.98 (VIOLATED)
_29455_/S                               1.50    2.48   -0.98 (VIOLATED)
_29456_/S                               1.50    2.48   -0.98 (VIOLATED)
_29457_/S                               1.50    2.48   -0.98 (VIOLATED)
_29458_/S                               1.50    2.48   -0.98 (VIOLATED)
_29459_/S                               1.50    2.48   -0.98 (VIOLATED)
_30070_/S                               1.50    2.48   -0.98 (VIOLATED)
_30076_/S                               1.50    2.48   -0.98 (VIOLATED)
_30082_/S                               1.50    2.48   -0.98 (VIOLATED)
_30088_/S                               1.50    2.48   -0.98 (VIOLATED)
_30094_/S                               1.50    2.48   -0.98 (VIOLATED)
_30100_/S                               1.50    2.48   -0.98 (VIOLATED)
_30106_/S                               1.50    2.48   -0.98 (VIOLATED)
_30112_/S                               1.50    2.48   -0.98 (VIOLATED)
_30117_/S                               1.50    2.48   -0.98 (VIOLATED)
_30123_/S                               1.50    2.48   -0.98 (VIOLATED)
_30129_/S                               1.50    2.48   -0.98 (VIOLATED)
_30135_/S                               1.50    2.48   -0.98 (VIOLATED)
_30141_/S                               1.50    2.48   -0.98 (VIOLATED)
_30147_/S                               1.50    2.48   -0.98 (VIOLATED)
_30153_/S                               1.50    2.48   -0.98 (VIOLATED)
_30159_/S                               1.50    2.48   -0.98 (VIOLATED)
_18346_/S                               1.50    2.26   -0.76 (VIOLATED)
_18347_/S                               1.50    2.26   -0.76 (VIOLATED)
_18348_/S                               1.50    2.26   -0.76 (VIOLATED)
_18349_/S                               1.50    2.26   -0.76 (VIOLATED)
_18350_/S                               1.50    2.26   -0.76 (VIOLATED)
_29460_/S                               1.50    2.26   -0.76 (VIOLATED)
_29461_/S                               1.50    2.26   -0.76 (VIOLATED)
_29462_/S                               1.50    2.26   -0.76 (VIOLATED)
_29463_/S                               1.50    2.26   -0.76 (VIOLATED)
_29464_/S                               1.50    2.26   -0.76 (VIOLATED)
_29465_/S                               1.50    2.26   -0.76 (VIOLATED)
_29466_/S                               1.50    2.26   -0.76 (VIOLATED)
_29467_/S                               1.50    2.26   -0.76 (VIOLATED)
_29468_/S                               1.50    2.26   -0.76 (VIOLATED)
_29469_/S                               1.50    2.26   -0.76 (VIOLATED)
_29470_/S                               1.50    2.26   -0.76 (VIOLATED)
_29471_/S                               1.50    2.26   -0.76 (VIOLATED)
_29472_/S                               1.50    2.26   -0.76 (VIOLATED)
_29473_/S                               1.50    2.26   -0.76 (VIOLATED)
_29474_/S                               1.50    2.26   -0.76 (VIOLATED)
_29475_/S                               1.50    2.26   -0.76 (VIOLATED)
_29476_/S                               1.50    2.26   -0.76 (VIOLATED)
_29477_/S                               1.50    2.26   -0.76 (VIOLATED)
_29478_/S                               1.50    2.26   -0.76 (VIOLATED)
_29479_/S                               1.50    2.26   -0.76 (VIOLATED)
_29480_/S                               1.50    2.26   -0.76 (VIOLATED)
_29481_/S                               1.50    2.26   -0.76 (VIOLATED)
_29482_/S                               1.50    2.26   -0.76 (VIOLATED)
_29483_/S                               1.50    2.26   -0.76 (VIOLATED)
_29484_/S                               1.50    2.26   -0.76 (VIOLATED)
_30310_/S                               1.50    2.26   -0.76 (VIOLATED)
_30311_/S                               1.50    2.26   -0.76 (VIOLATED)
_30312_/S                               1.50    2.26   -0.76 (VIOLATED)
_30313_/S                               1.50    2.26   -0.76 (VIOLATED)
_30314_/S                               1.50    2.26   -0.76 (VIOLATED)
_30315_/S                               1.50    2.26   -0.76 (VIOLATED)
_30316_/S                               1.50    2.26   -0.76 (VIOLATED)
_18345_/X                               1.51    2.26   -0.75 (VIOLATED)
_18867_/A2                              1.50    2.22   -0.72 (VIOLATED)
_18869_/A2                              1.50    2.22   -0.72 (VIOLATED)
_20178_/A                               1.50    2.22   -0.72 (VIOLATED)
_20182_/A                               1.50    2.22   -0.72 (VIOLATED)
_20187_/A                               1.50    2.22   -0.72 (VIOLATED)
_29377_/S                               1.50    2.22   -0.72 (VIOLATED)
_29379_/S                               1.50    2.22   -0.72 (VIOLATED)
_29381_/S                               1.50    2.22   -0.72 (VIOLATED)
_29383_/S                               1.50    2.22   -0.72 (VIOLATED)
_29385_/S                               1.50    2.22   -0.72 (VIOLATED)
_29387_/S                               1.50    2.22   -0.72 (VIOLATED)
_29389_/S                               1.50    2.22   -0.72 (VIOLATED)
_29391_/S                               1.50    2.22   -0.72 (VIOLATED)
_29393_/S                               1.50    2.22   -0.72 (VIOLATED)
_29395_/S                               1.50    2.22   -0.72 (VIOLATED)
_29397_/S                               1.50    2.22   -0.72 (VIOLATED)
_29399_/S                               1.50    2.22   -0.72 (VIOLATED)
_29401_/S                               1.50    2.22   -0.72 (VIOLATED)
_29403_/S                               1.50    2.22   -0.72 (VIOLATED)
_29405_/S                               1.50    2.22   -0.72 (VIOLATED)
_29407_/S                               1.50    2.22   -0.72 (VIOLATED)
_29409_/S                               1.50    2.22   -0.72 (VIOLATED)
_29411_/S                               1.50    2.22   -0.72 (VIOLATED)
_29413_/S                               1.50    2.22   -0.72 (VIOLATED)
_29415_/S                               1.50    2.22   -0.72 (VIOLATED)
_29417_/S                               1.50    2.22   -0.72 (VIOLATED)
_29419_/S                               1.50    2.22   -0.72 (VIOLATED)
_29421_/S                               1.50    2.22   -0.72 (VIOLATED)
_29423_/S                               1.50    2.22   -0.72 (VIOLATED)
_29425_/S                               1.50    2.22   -0.72 (VIOLATED)
_29427_/S                               1.50    2.22   -0.72 (VIOLATED)
_29429_/S                               1.50    2.22   -0.72 (VIOLATED)
_29431_/S                               1.50    2.22   -0.72 (VIOLATED)
_29433_/S                               1.50    2.22   -0.72 (VIOLATED)
_29435_/S                               1.50    2.22   -0.72 (VIOLATED)
_18866_/X                               1.51    2.22   -0.71 (VIOLATED)
_15587_/Y                               1.49    2.15   -0.66 (VIOLATED)
_15588_/D                               1.50    2.15   -0.65 (VIOLATED)
_16537_/B                               1.50    2.15   -0.65 (VIOLATED)
_18983_/A2                              1.50    2.15   -0.65 (VIOLATED)
_18996_/B2                              1.50    2.15   -0.65 (VIOLATED)
_20199_/A                               1.50    2.15   -0.65 (VIOLATED)
_30403_/S                               1.50    2.15   -0.65 (VIOLATED)
_30405_/S                               1.50    2.15   -0.65 (VIOLATED)
_30407_/S                               1.50    2.15   -0.65 (VIOLATED)
_30409_/S                               1.50    2.15   -0.65 (VIOLATED)
_30411_/S                               1.50    2.15   -0.65 (VIOLATED)
_30413_/S                               1.50    2.15   -0.65 (VIOLATED)
_30415_/S                               1.50    2.15   -0.65 (VIOLATED)
_30417_/S                               1.50    2.15   -0.65 (VIOLATED)
_30419_/S                               1.50    2.15   -0.65 (VIOLATED)
_30421_/S                               1.50    2.15   -0.65 (VIOLATED)
_30423_/S                               1.50    2.15   -0.65 (VIOLATED)
_30425_/S                               1.50    2.15   -0.65 (VIOLATED)
_30427_/S                               1.50    2.15   -0.65 (VIOLATED)
_30429_/S                               1.50    2.15   -0.65 (VIOLATED)
_30431_/S                               1.50    2.15   -0.65 (VIOLATED)
_30433_/S                               1.50    2.15   -0.65 (VIOLATED)
_30435_/S                               1.50    2.15   -0.65 (VIOLATED)
_30437_/S                               1.50    2.15   -0.65 (VIOLATED)
_30439_/S                               1.50    2.15   -0.65 (VIOLATED)
_30441_/S                               1.50    2.15   -0.65 (VIOLATED)
_30443_/S                               1.50    2.15   -0.65 (VIOLATED)
_30445_/S                               1.50    2.15   -0.65 (VIOLATED)
_30447_/S                               1.50    2.15   -0.65 (VIOLATED)
_30449_/S                               1.50    2.15   -0.65 (VIOLATED)
_30451_/S                               1.50    2.15   -0.65 (VIOLATED)
_30453_/S                               1.50    2.15   -0.65 (VIOLATED)
_30455_/S                               1.50    2.15   -0.65 (VIOLATED)
_30457_/S                               1.50    2.15   -0.65 (VIOLATED)
_30459_/S                               1.50    2.15   -0.65 (VIOLATED)
_30461_/S                               1.50    2.15   -0.65 (VIOLATED)
_30463_/S                               1.50    2.15   -0.65 (VIOLATED)
_30465_/S                               1.50    2.15   -0.65 (VIOLATED)
_15542_/B2                              1.50    2.07   -0.57 (VIOLATED)
_29752_/S                               1.50    2.07   -0.57 (VIOLATED)
_29753_/S                               1.50    2.07   -0.57 (VIOLATED)
_29754_/S                               1.50    2.07   -0.57 (VIOLATED)
_29755_/S                               1.50    2.07   -0.57 (VIOLATED)
_29756_/S                               1.50    2.07   -0.57 (VIOLATED)
_29757_/S                               1.50    2.07   -0.57 (VIOLATED)
_29758_/S                               1.50    2.07   -0.57 (VIOLATED)
_29759_/S                               1.50    2.07   -0.57 (VIOLATED)
_29760_/S                               1.50    2.07   -0.57 (VIOLATED)
_29761_/S                               1.50    2.07   -0.57 (VIOLATED)
_29762_/S                               1.50    2.07   -0.57 (VIOLATED)
_29763_/S                               1.50    2.07   -0.57 (VIOLATED)
_29764_/S                               1.50    2.07   -0.57 (VIOLATED)
_29765_/S                               1.50    2.07   -0.57 (VIOLATED)
_29766_/S                               1.50    2.07   -0.57 (VIOLATED)
_29767_/S                               1.50    2.07   -0.57 (VIOLATED)
_29768_/S                               1.50    2.07   -0.57 (VIOLATED)
_29769_/S                               1.50    2.07   -0.57 (VIOLATED)
_29770_/S                               1.50    2.07   -0.57 (VIOLATED)
_29771_/S                               1.50    2.07   -0.57 (VIOLATED)
_29772_/S                               1.50    2.07   -0.57 (VIOLATED)
_29773_/S                               1.50    2.07   -0.57 (VIOLATED)
_29774_/S                               1.50    2.07   -0.57 (VIOLATED)
_29775_/S                               1.50    2.07   -0.57 (VIOLATED)
_29776_/S                               1.50    2.07   -0.57 (VIOLATED)
_29777_/S                               1.50    2.07   -0.57 (VIOLATED)
_29778_/S                               1.50    2.07   -0.57 (VIOLATED)
_29779_/S                               1.50    2.07   -0.57 (VIOLATED)
_29780_/S                               1.50    2.07   -0.57 (VIOLATED)
_29781_/S                               1.50    2.07   -0.57 (VIOLATED)
_29782_/S                               1.50    2.07   -0.57 (VIOLATED)
_29783_/S                               1.50    2.07   -0.57 (VIOLATED)
_15536_/X                               1.51    2.07   -0.55 (VIOLATED)
_18855_/Y                               1.49    1.91   -0.41 (VIOLATED)
_17007_/A                               1.50    1.91   -0.41 (VIOLATED)
_18779_/A                               1.50    1.91   -0.41 (VIOLATED)
_18785_/A                               1.50    1.91   -0.41 (VIOLATED)
_18932_/A                               1.50    1.91   -0.41 (VIOLATED)
_21268_/A                               1.50    1.91   -0.41 (VIOLATED)
_29368_/A                               1.50    1.91   -0.41 (VIOLATED)
_29670_/S                               1.50    1.91   -0.41 (VIOLATED)
_29674_/S                               1.50    1.91   -0.41 (VIOLATED)
_29679_/S                               1.50    1.91   -0.41 (VIOLATED)
_29684_/S                               1.50    1.91   -0.41 (VIOLATED)
_29689_/S                               1.50    1.91   -0.41 (VIOLATED)
_29694_/S                               1.50    1.91   -0.41 (VIOLATED)
_29698_/S                               1.50    1.91   -0.41 (VIOLATED)
_29702_/S                               1.50    1.91   -0.41 (VIOLATED)
_29816_/S                               1.50    1.91   -0.41 (VIOLATED)
_29817_/S                               1.50    1.91   -0.41 (VIOLATED)
_29819_/S                               1.50    1.91   -0.41 (VIOLATED)
_29820_/S                               1.50    1.91   -0.41 (VIOLATED)
_29822_/S                               1.50    1.91   -0.41 (VIOLATED)
_29823_/S                               1.50    1.91   -0.41 (VIOLATED)
_29824_/S                               1.50    1.91   -0.41 (VIOLATED)
_29827_/S                               1.50    1.91   -0.41 (VIOLATED)
_29828_/S                               1.50    1.91   -0.41 (VIOLATED)
_29830_/S                               1.50    1.91   -0.41 (VIOLATED)
_29831_/S                               1.50    1.91   -0.41 (VIOLATED)
_29833_/S                               1.50    1.91   -0.41 (VIOLATED)
_29834_/S                               1.50    1.91   -0.41 (VIOLATED)
_29835_/S                               1.50    1.91   -0.41 (VIOLATED)
_29838_/S                               1.50    1.91   -0.41 (VIOLATED)
_29841_/S                               1.50    1.91   -0.41 (VIOLATED)
_29845_/S                               1.50    1.91   -0.41 (VIOLATED)
_29848_/S                               1.50    1.91   -0.41 (VIOLATED)
_29852_/S                               1.50    1.91   -0.41 (VIOLATED)
_29855_/S                               1.50    1.91   -0.41 (VIOLATED)
_29858_/S                               1.50    1.91   -0.41 (VIOLATED)
_29864_/S                               1.50    1.91   -0.41 (VIOLATED)
_29867_/S                               1.50    1.91   -0.41 (VIOLATED)
_29871_/S                               1.50    1.91   -0.41 (VIOLATED)
_29874_/S                               1.50    1.91   -0.41 (VIOLATED)
_29878_/S                               1.50    1.91   -0.41 (VIOLATED)
_29881_/S                               1.50    1.91   -0.41 (VIOLATED)
_29884_/S                               1.50    1.91   -0.41 (VIOLATED)
_29890_/S                               1.50    1.91   -0.41 (VIOLATED)
_29892_/S                               1.50    1.91   -0.41 (VIOLATED)
_29894_/S                               1.50    1.91   -0.41 (VIOLATED)
_29896_/S                               1.50    1.91   -0.41 (VIOLATED)
_29900_/S                               1.50    1.91   -0.41 (VIOLATED)
_29905_/S                               1.50    1.91   -0.41 (VIOLATED)
_29910_/S                               1.50    1.91   -0.41 (VIOLATED)
_29915_/S                               1.50    1.91   -0.41 (VIOLATED)
_29919_/S                               1.50    1.91   -0.41 (VIOLATED)
_29920_/S                               1.50    1.91   -0.41 (VIOLATED)
_29922_/S                               1.50    1.91   -0.41 (VIOLATED)
_29923_/S                               1.50    1.91   -0.41 (VIOLATED)
_29925_/S                               1.50    1.91   -0.41 (VIOLATED)
_29927_/S                               1.50    1.91   -0.41 (VIOLATED)
_29928_/S                               1.50    1.91   -0.41 (VIOLATED)
_29930_/S                               1.50    1.91   -0.41 (VIOLATED)
_29931_/S                               1.50    1.91   -0.41 (VIOLATED)
_29933_/S                               1.50    1.91   -0.41 (VIOLATED)
_29935_/S                               1.50    1.91   -0.41 (VIOLATED)
_29938_/S                               1.50    1.91   -0.41 (VIOLATED)
_29942_/S                               1.50    1.91   -0.41 (VIOLATED)
_29945_/S                               1.50    1.91   -0.41 (VIOLATED)
_29950_/S                               1.50    1.91   -0.41 (VIOLATED)
_29953_/S                               1.50    1.91   -0.41 (VIOLATED)
_29957_/S                               1.50    1.91   -0.41 (VIOLATED)
_29960_/S                               1.50    1.91   -0.41 (VIOLATED)
_18856_/C                               1.50    1.91   -0.41 (VIOLATED)
_30466_/S                               1.50    1.91   -0.41 (VIOLATED)
_30468_/S                               1.50    1.91   -0.41 (VIOLATED)
_30470_/S                               1.50    1.91   -0.41 (VIOLATED)
_30472_/S                               1.50    1.91   -0.41 (VIOLATED)
_30474_/S                               1.50    1.91   -0.41 (VIOLATED)
_30476_/S                               1.50    1.91   -0.41 (VIOLATED)
_30478_/S                               1.50    1.91   -0.41 (VIOLATED)
_30480_/S                               1.50    1.91   -0.41 (VIOLATED)
_30482_/S                               1.50    1.91   -0.41 (VIOLATED)
_30484_/S                               1.50    1.91   -0.41 (VIOLATED)
_30486_/S                               1.50    1.91   -0.41 (VIOLATED)
_30488_/S                               1.50    1.91   -0.41 (VIOLATED)
_30490_/S                               1.50    1.91   -0.41 (VIOLATED)
_30492_/S                               1.50    1.91   -0.41 (VIOLATED)
_30494_/S                               1.50    1.91   -0.41 (VIOLATED)
_30496_/S                               1.50    1.91   -0.41 (VIOLATED)
_30498_/S                               1.50    1.91   -0.41 (VIOLATED)
_30500_/S                               1.50    1.91   -0.41 (VIOLATED)
_30502_/S                               1.50    1.91   -0.41 (VIOLATED)
_30504_/S                               1.50    1.91   -0.41 (VIOLATED)
_30506_/S                               1.50    1.91   -0.41 (VIOLATED)
_30508_/S                               1.50    1.91   -0.41 (VIOLATED)
_30510_/S                               1.50    1.91   -0.41 (VIOLATED)
_30512_/S                               1.50    1.91   -0.41 (VIOLATED)
_30514_/S                               1.50    1.91   -0.41 (VIOLATED)
_30516_/S                               1.50    1.91   -0.41 (VIOLATED)
_30518_/S                               1.50    1.91   -0.41 (VIOLATED)
_30521_/S                               1.50    1.91   -0.41 (VIOLATED)
_30524_/S                               1.50    1.91   -0.41 (VIOLATED)
_30527_/S                               1.50    1.91   -0.41 (VIOLATED)
_30530_/S                               1.50    1.91   -0.41 (VIOLATED)
_30533_/S                               1.50    1.91   -0.41 (VIOLATED)
_31993_/Q                               1.51    1.91   -0.40 (VIOLATED)
_17010_/A                               1.50    1.89   -0.39 (VIOLATED)
_21265_/B                               1.50    1.89   -0.39 (VIOLATED)
_21268_/B                               1.50    1.89   -0.39 (VIOLATED)
_29367_/A                               1.50    1.89   -0.39 (VIOLATED)
_29678_/S                               1.50    1.89   -0.39 (VIOLATED)
_29683_/S                               1.50    1.89   -0.39 (VIOLATED)
_29688_/S                               1.50    1.89   -0.39 (VIOLATED)
_29693_/S                               1.50    1.89   -0.39 (VIOLATED)
_29839_/S                               1.50    1.89   -0.39 (VIOLATED)
_29840_/S                               1.50    1.89   -0.39 (VIOLATED)
_29842_/S                               1.50    1.89   -0.39 (VIOLATED)
_29843_/S                               1.50    1.89   -0.39 (VIOLATED)
_29846_/S                               1.50    1.89   -0.39 (VIOLATED)
_29847_/S                               1.50    1.89   -0.39 (VIOLATED)
_29849_/S                               1.50    1.89   -0.39 (VIOLATED)
_29850_/S                               1.50    1.89   -0.39 (VIOLATED)
_29853_/S                               1.50    1.89   -0.39 (VIOLATED)
_29854_/S                               1.50    1.89   -0.39 (VIOLATED)
_29856_/S                               1.50    1.89   -0.39 (VIOLATED)
_29857_/S                               1.50    1.89   -0.39 (VIOLATED)
_29859_/S                               1.50    1.89   -0.39 (VIOLATED)
_29860_/S                               1.50    1.89   -0.39 (VIOLATED)
_29861_/S                               1.50    1.89   -0.39 (VIOLATED)
_29865_/S                               1.50    1.89   -0.39 (VIOLATED)
_29866_/S                               1.50    1.89   -0.39 (VIOLATED)
_29868_/S                               1.50    1.89   -0.39 (VIOLATED)
_29869_/S                               1.50    1.89   -0.39 (VIOLATED)
_29872_/S                               1.50    1.89   -0.39 (VIOLATED)
_29873_/S                               1.50    1.89   -0.39 (VIOLATED)
_29875_/S                               1.50    1.89   -0.39 (VIOLATED)
_29876_/S                               1.50    1.89   -0.39 (VIOLATED)
_29879_/S                               1.50    1.89   -0.39 (VIOLATED)
_29880_/S                               1.50    1.89   -0.39 (VIOLATED)
_29882_/S                               1.50    1.89   -0.39 (VIOLATED)
_29883_/S                               1.50    1.89   -0.39 (VIOLATED)
_29885_/S                               1.50    1.89   -0.39 (VIOLATED)
_29886_/S                               1.50    1.89   -0.39 (VIOLATED)
_29887_/S                               1.50    1.89   -0.39 (VIOLATED)
_29888_/S                               1.50    1.89   -0.39 (VIOLATED)
_29889_/S                               1.50    1.89   -0.39 (VIOLATED)
_29891_/S                               1.50    1.89   -0.39 (VIOLATED)
_29893_/S                               1.50    1.89   -0.39 (VIOLATED)
_29895_/S                               1.50    1.89   -0.39 (VIOLATED)
_29897_/S                               1.50    1.89   -0.39 (VIOLATED)
_29901_/S                               1.50    1.89   -0.39 (VIOLATED)
_29906_/S                               1.50    1.89   -0.39 (VIOLATED)
_29911_/S                               1.50    1.89   -0.39 (VIOLATED)
_29916_/S                               1.50    1.89   -0.39 (VIOLATED)
_29924_/S                               1.50    1.89   -0.39 (VIOLATED)
_29932_/S                               1.50    1.89   -0.39 (VIOLATED)
_29936_/S                               1.50    1.89   -0.39 (VIOLATED)
_29937_/S                               1.50    1.89   -0.39 (VIOLATED)
_29939_/S                               1.50    1.89   -0.39 (VIOLATED)
_29940_/S                               1.50    1.89   -0.39 (VIOLATED)
_29943_/S                               1.50    1.89   -0.39 (VIOLATED)
_29944_/S                               1.50    1.89   -0.39 (VIOLATED)
_29946_/S                               1.50    1.89   -0.39 (VIOLATED)
_29947_/S                               1.50    1.89   -0.39 (VIOLATED)
_29948_/S                               1.50    1.89   -0.39 (VIOLATED)
_29951_/S                               1.50    1.89   -0.39 (VIOLATED)
_29952_/S                               1.50    1.89   -0.39 (VIOLATED)
_29954_/S                               1.50    1.89   -0.39 (VIOLATED)
_29955_/S                               1.50    1.89   -0.39 (VIOLATED)
_29958_/S                               1.50    1.89   -0.39 (VIOLATED)
_29959_/S                               1.50    1.89   -0.39 (VIOLATED)
_29961_/S                               1.50    1.89   -0.39 (VIOLATED)
_29962_/S                               1.50    1.89   -0.39 (VIOLATED)
_31992_/Q                               1.51    1.89   -0.38 (VIOLATED)
_15540_/Y                               1.49    1.85   -0.36 (VIOLATED)
_18573_/Y                               1.49    1.85   -0.36 (VIOLATED)
_15541_/C_N                             1.50    1.85   -0.35 (VIOLATED)
_30003_/S                               1.50    1.85   -0.35 (VIOLATED)
_30007_/S                               1.50    1.85   -0.35 (VIOLATED)
_30011_/S                               1.50    1.85   -0.35 (VIOLATED)
_30015_/S                               1.50    1.85   -0.35 (VIOLATED)
_30019_/S                               1.50    1.85   -0.35 (VIOLATED)
_30023_/S                               1.50    1.85   -0.35 (VIOLATED)
_30027_/S                               1.50    1.85   -0.35 (VIOLATED)
_30031_/S                               1.50    1.85   -0.35 (VIOLATED)
_30035_/S                               1.50    1.85   -0.35 (VIOLATED)
_30039_/S                               1.50    1.85   -0.35 (VIOLATED)
_30043_/S                               1.50    1.85   -0.35 (VIOLATED)
_30047_/S                               1.50    1.85   -0.35 (VIOLATED)
_30051_/S                               1.50    1.85   -0.35 (VIOLATED)
_30055_/S                               1.50    1.85   -0.35 (VIOLATED)
_30059_/S                               1.50    1.85   -0.35 (VIOLATED)
_30063_/S                               1.50    1.85   -0.35 (VIOLATED)
_30067_/S                               1.50    1.85   -0.35 (VIOLATED)
_30073_/S                               1.50    1.85   -0.35 (VIOLATED)
_30079_/S                               1.50    1.85   -0.35 (VIOLATED)
_30085_/S                               1.50    1.85   -0.35 (VIOLATED)
_30091_/S                               1.50    1.85   -0.35 (VIOLATED)
_30097_/S                               1.50    1.85   -0.35 (VIOLATED)
_30103_/S                               1.50    1.85   -0.35 (VIOLATED)
_30109_/S                               1.50    1.85   -0.35 (VIOLATED)
_30115_/S                               1.50    1.85   -0.35 (VIOLATED)
_30121_/S                               1.50    1.85   -0.35 (VIOLATED)
_30127_/S                               1.50    1.85   -0.35 (VIOLATED)
_30133_/S                               1.50    1.85   -0.35 (VIOLATED)
_30139_/S                               1.50    1.85   -0.35 (VIOLATED)
_30145_/S                               1.50    1.85   -0.35 (VIOLATED)
_30151_/S                               1.50    1.85   -0.35 (VIOLATED)
_30157_/S                               1.50    1.85   -0.35 (VIOLATED)
_18574_/C1                              1.50    1.85   -0.35 (VIOLATED)
_29612_/S                               1.50    1.85   -0.35 (VIOLATED)
_29613_/S                               1.50    1.85   -0.35 (VIOLATED)
_29614_/S                               1.50    1.85   -0.35 (VIOLATED)
_29615_/S                               1.50    1.85   -0.35 (VIOLATED)
_29616_/S                               1.50    1.85   -0.35 (VIOLATED)
_29617_/S                               1.50    1.85   -0.35 (VIOLATED)
_29618_/S                               1.50    1.85   -0.35 (VIOLATED)
_29619_/S                               1.50    1.85   -0.35 (VIOLATED)
_29620_/S                               1.50    1.85   -0.35 (VIOLATED)
_29621_/S                               1.50    1.85   -0.35 (VIOLATED)
_29622_/S                               1.50    1.85   -0.35 (VIOLATED)
_29623_/S                               1.50    1.85   -0.35 (VIOLATED)
_29624_/S                               1.50    1.85   -0.35 (VIOLATED)
_29625_/S                               1.50    1.85   -0.35 (VIOLATED)
_29626_/S                               1.50    1.85   -0.35 (VIOLATED)
_29627_/S                               1.50    1.85   -0.35 (VIOLATED)
_29628_/S                               1.50    1.85   -0.35 (VIOLATED)
_29629_/S                               1.50    1.85   -0.35 (VIOLATED)
_29630_/S                               1.50    1.85   -0.35 (VIOLATED)
_29631_/S                               1.50    1.85   -0.35 (VIOLATED)
_29632_/S                               1.50    1.85   -0.35 (VIOLATED)
_29633_/S                               1.50    1.85   -0.35 (VIOLATED)
_29634_/S                               1.50    1.85   -0.35 (VIOLATED)
_29635_/S                               1.50    1.85   -0.35 (VIOLATED)
_29636_/S                               1.50    1.85   -0.35 (VIOLATED)
_29637_/S                               1.50    1.85   -0.35 (VIOLATED)
_29638_/S                               1.50    1.85   -0.35 (VIOLATED)
_29639_/S                               1.50    1.85   -0.35 (VIOLATED)
_29640_/S                               1.50    1.85   -0.35 (VIOLATED)
_29641_/S                               1.50    1.85   -0.35 (VIOLATED)
_30223_/S                               1.50    1.85   -0.35 (VIOLATED)
_15598_/B                               1.50    1.78   -0.28 (VIOLATED)
_30604_/S0                              1.50    1.78   -0.28 (VIOLATED)
_30610_/S0                              1.50    1.78   -0.28 (VIOLATED)
_30616_/S0                              1.50    1.78   -0.28 (VIOLATED)
_30622_/S0                              1.50    1.78   -0.28 (VIOLATED)
_30628_/S0                              1.50    1.78   -0.28 (VIOLATED)
_30634_/S0                              1.50    1.78   -0.28 (VIOLATED)
_30640_/S0                              1.50    1.78   -0.28 (VIOLATED)
_30646_/S0                              1.50    1.78   -0.28 (VIOLATED)
_30652_/S0                              1.50    1.78   -0.28 (VIOLATED)
_30658_/S0                              1.50    1.78   -0.28 (VIOLATED)
_30664_/S0                              1.50    1.78   -0.28 (VIOLATED)
_30670_/S0                              1.50    1.78   -0.28 (VIOLATED)
_30676_/S0                              1.50    1.78   -0.28 (VIOLATED)
_30682_/S0                              1.50    1.78   -0.28 (VIOLATED)
_30688_/S0                              1.50    1.78   -0.28 (VIOLATED)
_30694_/S0                              1.50    1.78   -0.28 (VIOLATED)
_30700_/S0                              1.50    1.78   -0.28 (VIOLATED)
_30706_/S0                              1.50    1.78   -0.28 (VIOLATED)
_30712_/S0                              1.50    1.78   -0.28 (VIOLATED)
_30718_/S0                              1.50    1.78   -0.28 (VIOLATED)
_30724_/S0                              1.50    1.78   -0.28 (VIOLATED)
_30730_/S0                              1.50    1.78   -0.28 (VIOLATED)
_30736_/S0                              1.50    1.78   -0.28 (VIOLATED)
_30742_/S0                              1.50    1.78   -0.28 (VIOLATED)
_30748_/S0                              1.50    1.78   -0.28 (VIOLATED)
_30754_/S0                              1.50    1.78   -0.28 (VIOLATED)
_30760_/S0                              1.50    1.78   -0.28 (VIOLATED)
_30766_/S0                              1.50    1.78   -0.28 (VIOLATED)
_30772_/S0                              1.50    1.78   -0.28 (VIOLATED)
_30778_/S0                              1.50    1.78   -0.28 (VIOLATED)
_30784_/S0                              1.50    1.78   -0.28 (VIOLATED)
_30790_/S0                              1.50    1.78   -0.28 (VIOLATED)
_30295_/X                               1.51    1.78   -0.28 (VIOLATED)
_17004_/A                               1.50    1.76   -0.26 (VIOLATED)
_18774_/A                               1.50    1.76   -0.26 (VIOLATED)
_29369_/A                               1.50    1.76   -0.26 (VIOLATED)
_29658_/S                               1.50    1.76   -0.26 (VIOLATED)
_29661_/S                               1.50    1.76   -0.26 (VIOLATED)
_29664_/S                               1.50    1.76   -0.26 (VIOLATED)
_29667_/S                               1.50    1.76   -0.26 (VIOLATED)
_29671_/S                               1.50    1.76   -0.26 (VIOLATED)
_29675_/S                               1.50    1.76   -0.26 (VIOLATED)
_29680_/S                               1.50    1.76   -0.26 (VIOLATED)
_29685_/S                               1.50    1.76   -0.26 (VIOLATED)
_29690_/S                               1.50    1.76   -0.26 (VIOLATED)
_29695_/S                               1.50    1.76   -0.26 (VIOLATED)
_29699_/S                               1.50    1.76   -0.26 (VIOLATED)
_29703_/S                               1.50    1.76   -0.26 (VIOLATED)
_29706_/S                               1.50    1.76   -0.26 (VIOLATED)
_29709_/S                               1.50    1.76   -0.26 (VIOLATED)
_29712_/S                               1.50    1.76   -0.26 (VIOLATED)
_29715_/S                               1.50    1.76   -0.26 (VIOLATED)
_29799_/S                               1.50    1.76   -0.26 (VIOLATED)
_29800_/S                               1.50    1.76   -0.26 (VIOLATED)
_29801_/S                               1.50    1.76   -0.26 (VIOLATED)
_29803_/S                               1.50    1.76   -0.26 (VIOLATED)
_29804_/S                               1.50    1.76   -0.26 (VIOLATED)
_29805_/S                               1.50    1.76   -0.26 (VIOLATED)
_29807_/S                               1.50    1.76   -0.26 (VIOLATED)
_29808_/S                               1.50    1.76   -0.26 (VIOLATED)
_29809_/S                               1.50    1.76   -0.26 (VIOLATED)
_29811_/S                               1.50    1.76   -0.26 (VIOLATED)
_29812_/S                               1.50    1.76   -0.26 (VIOLATED)
_29813_/S                               1.50    1.76   -0.26 (VIOLATED)
_29815_/S                               1.50    1.76   -0.26 (VIOLATED)
_29818_/S                               1.50    1.76   -0.26 (VIOLATED)
_29821_/S                               1.50    1.76   -0.26 (VIOLATED)
_29826_/S                               1.50    1.76   -0.26 (VIOLATED)
_29829_/S                               1.50    1.76   -0.26 (VIOLATED)
_29832_/S                               1.50    1.76   -0.26 (VIOLATED)
_29837_/S                               1.50    1.76   -0.26 (VIOLATED)
_29844_/S                               1.50    1.76   -0.26 (VIOLATED)
_29851_/S                               1.50    1.76   -0.26 (VIOLATED)
_29863_/S                               1.50    1.76   -0.26 (VIOLATED)
_29870_/S                               1.50    1.76   -0.26 (VIOLATED)
_29877_/S                               1.50    1.76   -0.26 (VIOLATED)
_29898_/S                               1.50    1.76   -0.26 (VIOLATED)
_29899_/S                               1.50    1.76   -0.26 (VIOLATED)
_29902_/S                               1.50    1.76   -0.26 (VIOLATED)
_29903_/S                               1.50    1.76   -0.26 (VIOLATED)
_29904_/S                               1.50    1.76   -0.26 (VIOLATED)
_29907_/S                               1.50    1.76   -0.26 (VIOLATED)
_29908_/S                               1.50    1.76   -0.26 (VIOLATED)
_29909_/S                               1.50    1.76   -0.26 (VIOLATED)
_29912_/S                               1.50    1.76   -0.26 (VIOLATED)
_29913_/S                               1.50    1.76   -0.26 (VIOLATED)
_29914_/S                               1.50    1.76   -0.26 (VIOLATED)
_29917_/S                               1.50    1.76   -0.26 (VIOLATED)
_29918_/S                               1.50    1.76   -0.26 (VIOLATED)
_29921_/S                               1.50    1.76   -0.26 (VIOLATED)
_29926_/S                               1.50    1.76   -0.26 (VIOLATED)
_29929_/S                               1.50    1.76   -0.26 (VIOLATED)
_29934_/S                               1.50    1.76   -0.26 (VIOLATED)
_29941_/S                               1.50    1.76   -0.26 (VIOLATED)
_29949_/S                               1.50    1.76   -0.26 (VIOLATED)
_29956_/S                               1.50    1.76   -0.26 (VIOLATED)
_31994_/Q                               1.51    1.76   -0.25 (VIOLATED)
_17001_/A                               1.50    1.65   -0.15 (VIOLATED)
_18772_/A                               1.50    1.65   -0.15 (VIOLATED)
_29370_/A                               1.50    1.65   -0.15 (VIOLATED)
_29642_/S                               1.50    1.65   -0.15 (VIOLATED)
_29644_/S                               1.50    1.65   -0.15 (VIOLATED)
_29646_/S                               1.50    1.65   -0.15 (VIOLATED)
_29648_/S                               1.50    1.65   -0.15 (VIOLATED)
_29650_/S                               1.50    1.65   -0.15 (VIOLATED)
_29652_/S                               1.50    1.65   -0.15 (VIOLATED)
_29654_/S                               1.50    1.65   -0.15 (VIOLATED)
_29656_/S                               1.50    1.65   -0.15 (VIOLATED)
_29659_/S                               1.50    1.65   -0.15 (VIOLATED)
_29662_/S                               1.50    1.65   -0.15 (VIOLATED)
_29665_/S                               1.50    1.65   -0.15 (VIOLATED)
_29668_/S                               1.50    1.65   -0.15 (VIOLATED)
_29672_/S                               1.50    1.65   -0.15 (VIOLATED)
_29676_/S                               1.50    1.65   -0.15 (VIOLATED)
_29681_/S                               1.50    1.65   -0.15 (VIOLATED)
_29686_/S                               1.50    1.65   -0.15 (VIOLATED)
_29691_/S                               1.50    1.65   -0.15 (VIOLATED)
_29696_/S                               1.50    1.65   -0.15 (VIOLATED)
_29700_/S                               1.50    1.65   -0.15 (VIOLATED)
_29704_/S                               1.50    1.65   -0.15 (VIOLATED)
_29707_/S                               1.50    1.65   -0.15 (VIOLATED)
_29710_/S                               1.50    1.65   -0.15 (VIOLATED)
_29713_/S                               1.50    1.65   -0.15 (VIOLATED)
_29716_/S                               1.50    1.65   -0.15 (VIOLATED)
_29718_/S                               1.50    1.65   -0.15 (VIOLATED)
_29720_/S                               1.50    1.65   -0.15 (VIOLATED)
_29722_/S                               1.50    1.65   -0.15 (VIOLATED)
_29724_/S                               1.50    1.65   -0.15 (VIOLATED)
_29726_/S                               1.50    1.65   -0.15 (VIOLATED)
_29728_/S                               1.50    1.65   -0.15 (VIOLATED)
_29730_/S                               1.50    1.65   -0.15 (VIOLATED)
_29732_/S                               1.50    1.65   -0.15 (VIOLATED)
_29790_/S                               1.50    1.65   -0.15 (VIOLATED)
_29791_/S                               1.50    1.65   -0.15 (VIOLATED)
_29792_/S                               1.50    1.65   -0.15 (VIOLATED)
_29793_/S                               1.50    1.65   -0.15 (VIOLATED)
_29794_/S                               1.50    1.65   -0.15 (VIOLATED)
_29795_/S                               1.50    1.65   -0.15 (VIOLATED)
_29796_/S                               1.50    1.65   -0.15 (VIOLATED)
_29797_/S                               1.50    1.65   -0.15 (VIOLATED)
_29798_/S                               1.50    1.65   -0.15 (VIOLATED)
_29802_/S                               1.50    1.65   -0.15 (VIOLATED)
_29806_/S                               1.50    1.65   -0.15 (VIOLATED)
_29810_/S                               1.50    1.65   -0.15 (VIOLATED)
_29814_/S                               1.50    1.65   -0.15 (VIOLATED)
_29825_/S                               1.50    1.65   -0.15 (VIOLATED)
_29836_/S                               1.50    1.65   -0.15 (VIOLATED)
_29862_/S                               1.50    1.65   -0.15 (VIOLATED)
_30324_/S                               1.50    1.65   -0.15 (VIOLATED)
_30325_/S                               1.50    1.65   -0.15 (VIOLATED)
_30326_/S                               1.50    1.65   -0.15 (VIOLATED)
_30327_/S                               1.50    1.65   -0.15 (VIOLATED)
_30328_/S                               1.50    1.65   -0.15 (VIOLATED)
_30329_/S                               1.50    1.65   -0.15 (VIOLATED)
_30330_/S                               1.50    1.65   -0.15 (VIOLATED)
_30331_/S                               1.50    1.65   -0.15 (VIOLATED)
_31995_/Q                               1.51    1.65   -0.15 (VIOLATED)
_30791_/S0                              1.50    1.56   -0.06 (VIOLATED)
_30792_/S0                              1.50    1.56   -0.06 (VIOLATED)
_30793_/S0                              1.50    1.56   -0.06 (VIOLATED)
_30794_/S0                              1.50    1.56   -0.06 (VIOLATED)
_30795_/S0                              1.50    1.56   -0.06 (VIOLATED)
_30796_/S0                              1.50    1.56   -0.06 (VIOLATED)
_30797_/S0                              1.50    1.56   -0.06 (VIOLATED)
_30798_/S0                              1.50    1.56   -0.06 (VIOLATED)
_30799_/S0                              1.50    1.56   -0.06 (VIOLATED)
_30800_/S0                              1.50    1.56   -0.06 (VIOLATED)
_30801_/S0                              1.50    1.56   -0.06 (VIOLATED)
_30802_/S0                              1.50    1.56   -0.06 (VIOLATED)
_30803_/S0                              1.50    1.56   -0.06 (VIOLATED)
_30804_/S0                              1.50    1.56   -0.06 (VIOLATED)
_30805_/S0                              1.50    1.56   -0.06 (VIOLATED)
_30806_/S0                              1.50    1.56   -0.06 (VIOLATED)
_30807_/S0                              1.50    1.56   -0.06 (VIOLATED)
_30808_/S0                              1.50    1.56   -0.06 (VIOLATED)
_30809_/S0                              1.50    1.56   -0.06 (VIOLATED)
_30810_/S0                              1.50    1.56   -0.06 (VIOLATED)
_30811_/S0                              1.50    1.56   -0.06 (VIOLATED)
_30812_/S0                              1.50    1.56   -0.06 (VIOLATED)
_30813_/S0                              1.50    1.56   -0.06 (VIOLATED)
_30814_/S0                              1.50    1.56   -0.06 (VIOLATED)
_30815_/S0                              1.50    1.56   -0.06 (VIOLATED)
_30816_/S0                              1.50    1.56   -0.06 (VIOLATED)
_30817_/S0                              1.50    1.56   -0.06 (VIOLATED)
_30818_/S0                              1.50    1.56   -0.06 (VIOLATED)
_30819_/S0                              1.50    1.56   -0.06 (VIOLATED)
_29375_/X                               1.51    1.56   -0.05 (VIOLATED)
_16998_/A                               1.50    1.54   -0.04 (VIOLATED)
_18948_/A                               1.50    1.54   -0.04 (VIOLATED)
_21300_/B                               1.50    1.54   -0.04 (VIOLATED)
_29371_/A                               1.50    1.54   -0.04 (VIOLATED)
_29643_/S                               1.50    1.54   -0.04 (VIOLATED)
_29645_/S                               1.50    1.54   -0.04 (VIOLATED)
_29647_/S                               1.50    1.54   -0.04 (VIOLATED)
_29649_/S                               1.50    1.54   -0.04 (VIOLATED)
_29651_/S                               1.50    1.54   -0.04 (VIOLATED)
_29653_/S                               1.50    1.54   -0.04 (VIOLATED)
_29655_/S                               1.50    1.54   -0.04 (VIOLATED)
_29657_/S                               1.50    1.54   -0.04 (VIOLATED)
_29660_/S                               1.50    1.54   -0.04 (VIOLATED)
_29663_/S                               1.50    1.54   -0.04 (VIOLATED)
_29666_/S                               1.50    1.54   -0.04 (VIOLATED)
_29669_/S                               1.50    1.54   -0.04 (VIOLATED)
_29673_/S                               1.50    1.54   -0.04 (VIOLATED)
_29677_/S                               1.50    1.54   -0.04 (VIOLATED)
_29682_/S                               1.50    1.54   -0.04 (VIOLATED)
_29687_/S                               1.50    1.54   -0.04 (VIOLATED)
_29692_/S                               1.50    1.54   -0.04 (VIOLATED)
_29697_/S                               1.50    1.54   -0.04 (VIOLATED)
_29701_/S                               1.50    1.54   -0.04 (VIOLATED)
_29705_/S                               1.50    1.54   -0.04 (VIOLATED)
_29708_/S                               1.50    1.54   -0.04 (VIOLATED)
_29711_/S                               1.50    1.54   -0.04 (VIOLATED)
_29714_/S                               1.50    1.54   -0.04 (VIOLATED)
_29717_/S                               1.50    1.54   -0.04 (VIOLATED)
_29719_/S                               1.50    1.54   -0.04 (VIOLATED)
_29721_/S                               1.50    1.54   -0.04 (VIOLATED)
_29723_/S                               1.50    1.54   -0.04 (VIOLATED)
_29725_/S                               1.50    1.54   -0.04 (VIOLATED)
_29727_/S                               1.50    1.54   -0.04 (VIOLATED)
_29729_/S                               1.50    1.54   -0.04 (VIOLATED)
_29731_/S                               1.50    1.54   -0.04 (VIOLATED)
_29733_/S                               1.50    1.54   -0.04 (VIOLATED)
_29734_/S                               1.50    1.54   -0.04 (VIOLATED)
_29735_/S                               1.50    1.54   -0.04 (VIOLATED)
_29736_/S                               1.50    1.54   -0.04 (VIOLATED)
_29737_/S                               1.50    1.54   -0.04 (VIOLATED)
_29738_/S                               1.50    1.54   -0.04 (VIOLATED)
_29739_/S                               1.50    1.54   -0.04 (VIOLATED)
_29740_/S                               1.50    1.54   -0.04 (VIOLATED)
_29741_/S                               1.50    1.54   -0.04 (VIOLATED)
_29742_/S                               1.50    1.54   -0.04 (VIOLATED)
_29743_/S                               1.50    1.54   -0.04 (VIOLATED)
_29744_/S                               1.50    1.54   -0.04 (VIOLATED)
_29745_/S                               1.50    1.54   -0.04 (VIOLATED)
_29746_/S                               1.50    1.54   -0.04 (VIOLATED)
_29747_/S                               1.50    1.54   -0.04 (VIOLATED)
_29748_/S                               1.50    1.54   -0.04 (VIOLATED)
_29749_/S                               1.50    1.54   -0.04 (VIOLATED)
_31996_/Q                               1.51    1.54   -0.03 (VIOLATED)

max capacitance

Pin                                    Limit     Cap   Slack
------------------------------------------------------------
_30297_/X                               0.23    0.63   -0.40 (VIOLATED)
_30296_/X                               0.23    0.42   -0.19 (VIOLATED)

